atl1-1-03-013-3-0:1644001:1644001 [1] NCCL INFO resp.opId=0x16c0c5f0 matches expected opId=0x16c0c5f0
atl1-1-03-013-3-0:1644001:1644268 [1] NCCL INFO New proxy recv connection 12 from local rank 1, transport 0
atl1-1-03-013-3-0:1644001:1644268 [1] NCCL INFO proxyProgressAsync opId=0x16c0c5f0 op.type=1 op.reqBuff=0x15511801dc20 op.respSize=16 done
atl1-1-03-013-3-0:1644001:1644001 [1] NCCL INFO ncclPollProxyResponse Received new opId=0x16c0c5f0
atl1-1-03-013-3-0:1644001:1644268 [1] NCCL INFO Received and initiated operation=Init res=0
atl1-1-03-013-3-0:1644001:1644001 [1] NCCL INFO resp.opId=0x16c0c5f0 matches expected opId=0x16c0c5f0
atl1-1-03-013-3-0:1644001:1644001 [1] NCCL INFO Connected to proxy localRank 1 -> connection 0x1551180052c0
atl1-1-03-013-3-0:1644001:1644268 [1] NCCL INFO transport/p2p.cc:218 Cuda Alloc Size 10485760 pointer 0x15517e400000
atl1-1-03-013-3-0:1644001:1644268 [1] NCCL INFO Allocated shareable buffer 0x15517e400000 size 10485760 ipcDesc 0x15511801b4c0
atl1-1-03-013-3-0:1644001:1644268 [1] NCCL INFO proxyProgressAsync opId=0x16c0c5f0 op.type=3 op.reqBuff=0x15511801e900 op.respSize=80 done
atl1-1-03-013-3-0:1644001:1644001 [1] NCCL INFO ncclPollProxyResponse Received new opId=0x16c0c5f0
atl1-1-03-013-3-0:1644001:1644268 [1] NCCL INFO Received and initiated operation=Setup res=0
atl1-1-03-013-3-0:1644001:1644001 [1] NCCL INFO resp.opId=0x16c0c5f0 matches expected opId=0x16c0c5f0
atl1-1-03-013-3-0:1644001:1644268 [1] NCCL INFO New proxy recv connection 13 from local rank 1, transport 0
atl1-1-03-013-3-0:1644001:1644268 [1] NCCL INFO proxyProgressAsync opId=0x16c0c5f0 op.type=1 op.reqBuff=0x15511801e900 op.respSize=16 done
atl1-1-03-013-3-0:1644001:1644001 [1] NCCL INFO ncclPollProxyResponse Received new opId=0x16c0c5f0
atl1-1-03-013-3-0:1644001:1644268 [1] NCCL INFO Received and initiated operation=Init res=0
atl1-1-03-013-3-0:1644001:1644001 [1] NCCL INFO resp.opId=0x16c0c5f0 matches expected opId=0x16c0c5f0
atl1-1-03-013-3-0:1644001:1644001 [1] NCCL INFO Connected to proxy localRank 1 -> connection 0x155118005338
atl1-1-03-013-3-0:1644001:1644268 [1] NCCL INFO transport/p2p.cc:218 Cuda Alloc Size 10485760 pointer 0x15517ee00000
atl1-1-03-013-3-0:1644001:1644268 [1] NCCL INFO Allocated shareable buffer 0x15517ee00000 size 10485760 ipcDesc 0x15511801b4c0
atl1-1-03-013-3-0:1644001:1644268 [1] NCCL INFO proxyProgressAsync opId=0x16c0c5f0 op.type=3 op.reqBuff=0x15511801f5e0 op.respSize=80 done
atl1-1-03-013-3-0:1644001:1644001 [1] NCCL INFO ncclPollProxyResponse Received new opId=0x16c0c5f0
atl1-1-03-013-3-0:1644001:1644268 [1] NCCL INFO Received and initiated operation=Setup res=0
atl1-1-03-013-3-0:1644001:1644001 [1] NCCL INFO resp.opId=0x16c0c5f0 matches expected opId=0x16c0c5f0
atl1-1-03-013-3-0:1644001:1644268 [1] NCCL INFO New proxy recv connection 14 from local rank 1, transport 0
atl1-1-03-013-3-0:1644001:1644268 [1] NCCL INFO proxyProgressAsync opId=0x16c0c5f0 op.type=1 op.reqBuff=0x15511801f5e0 op.respSize=16 done
atl1-1-03-013-3-0:1644001:1644001 [1] NCCL INFO ncclPollProxyResponse Received new opId=0x16c0c5f0
atl1-1-03-013-3-0:1644001:1644268 [1] NCCL INFO Received and initiated operation=Init res=0
atl1-1-03-013-3-0:1644001:1644001 [1] NCCL INFO resp.opId=0x16c0c5f0 matches expected opId=0x16c0c5f0
atl1-1-03-013-3-0:1644001:1644001 [1] NCCL INFO Connected to proxy localRank 1 -> connection 0x1551180053b0
atl1-1-03-013-3-0:1644001:1644268 [1] NCCL INFO transport/p2p.cc:218 Cuda Alloc Size 10485760 pointer 0x15517f800000
atl1-1-03-013-3-0:1644001:1644268 [1] NCCL INFO Allocated shareable buffer 0x15517f800000 size 10485760 ipcDesc 0x15511801b4c0
atl1-1-03-013-3-0:1644001:1644268 [1] NCCL INFO proxyProgressAsync opId=0x16c0c5f0 op.type=3 op.reqBuff=0x1551180202c0 op.respSize=80 done
atl1-1-03-013-3-0:1644001:1644001 [1] NCCL INFO ncclPollProxyResponse Received new opId=0x16c0c5f0
atl1-1-03-013-3-0:1644001:16442ecv connection 10 from local rank 3, transport 0
atl1-1-03-013-3-0:1644110:1644262 [3] NCCL INFO proxyProgressAsync opId=0x16c28e20 op.type=1 op.reqBuff=0x15511001c260 op.respSize=16 done
atl1-1-03-013-3-0:1644110:1644110 [3] NCCL INFO ncclPollProxyResponse Received new opId=0x16c28e20
atl1-1-03-013-3-0:1644110:1644262 [3] NCCL INFO Received and initiated operation=Init res=0
atl1-1-03-013-3-0:1644110:1644110 [3] NCCL INFO resp.opId=0x16c28e20 matches expected opId=0x16c28e20
atl1-1-03-013-3-0:1644110:1644110 [3] NCCL INFO Connected to proxy localRank 3 -> connection 0x1551100051d0
atl1-1-03-013-3-0:1644110:1644262 [3] NCCL INFO transport/p2p.cc:218 Cuda Alloc Size 10485760 pointer 0x15516f000000
atl1-1-03-013-3-0:1644110:1644262 [3] NCCL INFO Allocated shareable buffer 0x15516f000000 size 10485760 ipcDesc 0x15511001b4c0
atl1-1-03-013-3-0:1644110:1644262 [3] NCCL INFO proxyProgressAsync opId=0x16c28e20 op.type=3 op.reqBuff=0x15511001cf40 op.respSize=80 done
atl1-1-03-013-3-0:1644110:1644110 [3] NCCL INFO ncclPollProxyResponse Received new opId=0x16c28e20
atl1-1-03-013-3-0:1644110:1644262 [3] NCCL INFO Received and initiated operation=Setup res=0
atl1-1-03-013-3-0:1644110:1644110 [3] NCCL INFO resp.opId=0x16c28e20 matches expected opId=0x16c28e20
atl1-1-03-013-3-0:1644110:1644262 [3] NCCL INFO New proxy recv connection 11 from local rank 3, transport 0
atl1-1-03-013-3-0:1644110:1644262 [3] NCCL INFO proxyProgressAsync opId=0x16c28e20 op.type=1 op.reqBuff=0x15511001cf40 op.respSize=16 done
atl1-1-03-013-3-0:1644110:1644110 [3] NCCL INFO ncclPollProxyResponse Received new opId=0x16c28e20
atl1-1-03-013-3-0:1644110:1644262 [3] NCCL INFO Received and initiated operation=Init res=0
atl1-1-03-013-3-0:1644110:1644110 [3] NCCL INFO resp.opId=0x16c28e20 matches expected opId=0x16c28e20
atl1-1-03-013-3-0:1644110:1644110 [3] NCCL INFO Connected to proxy localRank 3 -> connection 0x155110005248
atl1-1-03-013-3-0:1644110:1644262 [3] NCCL INFO transport/p2p.cc:218 Cuda Alloc Size 10485760 pointer 0x15516fa00000
atl1-1-03-013-3-0:1644110:1644262 [3] NCCL INFO Allocated shareable buffer 0x15516fa00000 size 10485760 ipcDesc 0x15511001b4c0
atl1-1-03-013-3-0:1644110:1644262 [3] NCCL INFO proxyProgressAsync opId=0x16c28e20 op.type=3 op.reqBuff=0x15511001dc20 op.respSize=80 done
atl1-1-03-013-3-0:1644110:1644110 [3] NCCL INFO ncclPollProxyResponse Received new opId=0x16c28e20
atl1-1-03-013-3-0:1644110:1644262 [3] NCCL INFO Received and initiated operation=Setup res=0
atl1-1-03-013-3-0:1644110:1644110 [3] NCCL INFO resp.opId=0x16c28e20 matches expected opId=0x16c28e20
atl1-1-03-013-3-0:1644110:1644262 [3] NCCL INFO New proxy recv connection 12 from local rank 3, transport 0
atl1-1-03-013-3-0:1644110:1644262 [3] NCCL INFO proxyProgressAsync opId=0x16c28e20 op.type=1 op.reqBuff=0x15511001dc20 op.respSize=16 done
atl1-1-03-013-3-0:1644110:1644110 [3] NCCL INFO ncclPollProxyResponse Received new opId=0x16c28e20
atl1-1-03-013-3-0:1644110:1644262 [3] NCCL INFO Received and initiated operation=Init res=0
atl1-1-03-013-3-0:1644110:1644110 [3] NCCL INFO resp.opId=0x16c28e20 matches expected opId=0x16c28e20
atl1-1-03-013-3-0:1644110:1644110 [3] NCCL INFO Connected to proxy localRank 3 -> connection 0x1551100052c0
atl1-1-03-013-3-0:1644110:1644262 [3] NCCL INFO transport/p2p.cc:218 Cuda Alloc Size 10485760 pointer 0x155170400000
atl1-1-03-013-3-0:1644110:1644262 [3] NCCL INFO Allocated shareable buffer 0x155170400000 size 10485760 ipcDesc 0x15511001b4c0
atl1-1-03-013-3-0:1644110:1644262 [3] NCCL INFO proxyProgressAsync opId=0x16c28e20 op.type=3 op.reqBuff=0x15511001e900 op.respSize=80 done
atl1-1-03-013-3-0:1644110:1644110 [3] NCCL INFO ncclPollProxyResponse Received new opId=0x16c28e20
atl1-1-03-013-3-0:1644110:1644262 [3] NCCL INFO Received and initiated operation=Setup res=0
atl1-1-03-013-3-0:1644110:1644110 [3] NCCL INFO resp.opId=0x16c28e20 matches expected opId=0x16c28e20
atl1-1-03-013-3-0:1644110:1644262 [3] NCCL INFO New proxy recv connection 13 from local rank 3, transport 0
atl1-1-03-013-3-0:1644110:1644262 [3] NCCL INFO proxyProgressAsync opId=0x16c28e20 op.type=1 op.reqBuff=0x15511001e900 op.respSize=16 done
atl1-1-03-013-3-0:1644110:1644110 [3] NCCL INFO ncclPollProxyResponse Received new opId=0x16c28e20
atl1-1-03-013-3-0:1644110:1644262 [3] NCCL INFO Received and initiated operation=Init res=0
atl1-1-03-013-3-0:1644110:1644110 [3] NCCL INFO resp.opId=0x16c28e20 matches expected opId=0x16c28e20
atl1-1-03-013-3-0:1644110:1644110 [3] NCCL INFO Connected to proxy localRank 3 -> connection 0x155110005338
atl1-1-03-013-3-0:1644110:1644262 [3] NCCL INFO transport/p2p.cc:218 Cuda Alloc Size 10485760 pointer 0x155170e00000
atl1-1-03-013-3-0:1644110:1644262 [3] NCCL INFO Allocated shareable buffer 0x155170e00000 size 10485760 ipcDesc 0x15511001b4c0
atl1-1-03-013-3-0:1644110:1644262 [3] NCCL INFO proxyProgressAsync opId=0x16c28e20 op.type=3 op.reqBuff=0x15511001f5e0 op.respSize=80 done
atl1-1-03-013-3-0:1644110:1644110 [3] NCCL INFO ncclPollProxyResponse Received new opId=0x16c28e20
atl1-1-03-013-3-0:1644110:1644262 [3] NCCL INFO Received and initiated operation=Setup res=0
atl1-1-03-013-3-0:1644110:1644110 [3] NCCL INFO resp.opId=0x16c28e20 matches expected opId=0x16c28e20
atl1-1-03-013-3-0:1644110:1644262 [3] NCCL INFO New proxy recv connection 14 from local rank 3, transport 0
atl1-1-03-013-3-0:1644110:1644262 [3] NCCL INFO proxyProgressAsync opId=0x16c28e20 op.type=1 op.reqBuff=0x15511001f5e0 op.respSize=16 done
atl1-1-03-013-3-0:1644110:1644110 [3] NCCL INFO ncclPollProxyResponse Received new opId=0x16c28e20
atl1-1-03-013-3-0:1644110:1644262 [3] NCCL INFO Received and initiated operation=Init res=0
atl1-1-03-013-3-0:1644110:1644110 [3] NCCL INFO resp.opId=0x16c28e20 matches expected opId=0x16c28e20
atl1-1-03-013-3-0:1644110:1644110 [3] NCCL INFO Connected to proxy localRank 3 -> connection 0x1551100053b0
atl1-1-03-013-3-0:1644110:1644262 [3] NCCL INFO transport/p2p.cc:218 Cuda Alloc Size 10485760 pointer 0x155171800000
atl1-1-03-013-3-0:1644110:1644262 [3] NCCL INFO Allocated shareable buffer 0x155171800000 size 10485760 ipcDesc 0x15511001b4c0
atl1-1-03-013-3-0:1644110:1644262 [3] NCCL INFO proxyProgressAsync opId=0x16c28e20 op.type=3 op.reqBuff=0x1551100202c0 op.respSize=80 done
atl1-1-03-013-3-0:1644110:1644110 [3] NCCL INFO ncclPollProxyResponse Received new opId=0x16c28e20
atl1-1-03-013-3-0:1644110:1644262 [3] NCCL INFO Received and initiated operation=Setup res=0
atl1-1-03-013-3-0:1644110:1644110 [3] NCCL INFO resp.opId=0x16c28e20 matches expected opId=0x16c28e20
atl1-1-03-013-3-0:1644110:1644262 [3] NCCL INFO New proxy recv connection 15 from local rank 3, transport 0
atl1-1-03-013-3-0:1644110:1644262 [3] NCCL INFO proxyProgressAsync opId=0x16c28e20 op.type=1 op.reqBuff=0x1551100202c0 op.respSize=16 done
atl1-1-03-013-3-0:1644110:1644110 [3] NCCL INFO ncclPollProxyResponse Received new opId=0x16c28e20
atl1-1-03-013-3-0:1644110:1644262 [3] NCCL INFO Received and initiated operation=Init res=0
atl1-1-03-013-3-0:1644110:1644110 [3] NCCL INFO resp.opId=0x16c28e20 matches expected opId=0x16c28e20
atl1-1-03-013-3-0:1644110:1644110 [3] NCCL INFO Connected to proxy localRank 3 -> connection 0x155110005428
atl1-1-03-013-3-0:1644110:1644262 [3] NCCL INFO transport/p2p.cc:218 Cuda Alloc Size 10485760 pointer 0x155172200000
atl1-1-03-013-3-0:1644110:1644262 [3] NCCL INFO Allocated shareable buffer 0x155172200000 size 10485760 ipcDesc 0x15511001b4c0
atl1-1-03-013-3-0:1644110:1644262 [3] NCCL INFO proxyProgressAsync opId=0x16c28e20 op.type=3 op.reqBuff=0x155110020fa0 op.respSize=80 done
atl1-1-03-013-3-0:1644110:1644110 [3] NCCL INFO ncclPollProxyResponse Received new opId=0x16c28e20
atl1-1-03-013-3-0:1644110:1644262 [3] NCCL INFO Received and initiated operation=Setup res=0
atl1-1-03-013-3-0:1644110:1644110 [3] NCCL INFO resp.opId=0x16c28e20 matches expected opId=0x16c28e20
atl1-1-03-013-3-0:1644110:1644262 [3] NCCL INFO New proxy recv connection 16 from local rank 3, transport 0
atl1-1-03-013-3-0:1644110:1644262 [3] NCCL INFO proxyProgressAsync opId=0x16c28e20 op.type=1 op.reqBuff=0x155110020fa0 op.respSize=16 done
atl1-1-03-013-3-0:1644110:1644110 [3] NCCL INFO ncclPoocal rank 2, transport 0
atl1-1-03-013-3-0:1644063:1644266 [2] NCCL INFO proxyProgressAsync opId=0x16ba0f10 op.type=1 op.reqBuff=0x15511401c260 op.respSize=16 done
atl1-1-03-013-3-0:1644063:1644266 [2] NCCL INFO Received and initiated operation=Init res=0
atl1-1-03-013-3-0:1644063:1644063 [2] NCCL INFO ncclPollProxyResponse Received new opId=0x16ba0f10
atl1-1-03-013-3-0:1644063:1644063 [2] NCCL INFO resp.opId=0x16ba0f10 matches expected opId=0x16ba0f10
atl1-1-03-013-3-0:1644063:1644063 [2] NCCL INFO Connected to proxy localRank 2 -> connection 0x1551140051d0
atl1-1-03-013-3-0:1644063:1644266 [2] NCCL INFO transport/p2p.cc:218 Cuda Alloc Size 10485760 pointer 0x155179000000
atl1-1-03-013-3-0:1644063:1644266 [2] NCCL INFO Allocated shareable buffer 0x155179000000 size 10485760 ipcDesc 0x15511401b4c0
atl1-1-03-013-3-0:1644063:1644266 [2] NCCL INFO proxyProgressAsync opId=0x16ba0f10 op.type=3 op.reqBuff=0x15511401cf40 op.respSize=80 done
atl1-1-03-013-3-0:1644063:1644063 [2] NCCL INFO ncclPollProxyResponse Received new opId=0x16ba0f10
atl1-1-03-013-3-0:1644063:1644266 [2] NCCL INFO Received and initiated operation=Setup res=0
atl1-1-03-013-3-0:1644063:1644063 [2] NCCL INFO resp.opId=0x16ba0f10 matches expected opId=0x16ba0f10
atl1-1-03-013-3-0:1644063:1644266 [2] NCCL INFO New proxy recv connection 11 from local rank 2, transport 0
atl1-1-03-013-3-0:1644063:1644266 [2] NCCL INFO proxyProgressAsync opId=0x16ba0f10 op.type=1 op.reqBuff=0x15511401cf40 op.respSize=16 done
atl1-1-03-013-3-0:1644063:1644063 [2] NCCL INFO ncclPollProxyResponse Received new opId=0x16ba0f10
atl1-1-03-013-3-0:1644063:1644266 [2] NCCL INFO Received and initiated operation=Init res=0
atl1-1-03-013-3-0:1644063:1644063 [2] NCCL INFO resp.opId=0x16ba0f10 matches expected opId=0x16ba0f10
atl1-1-03-013-3-0:1644063:1644063 [2] NCCL INFO Connected to proxy localRank 2 -> connection 0x155114005248
atl1-1-03-013-3-0:1644063:1644266 [2] NCCL INFO transport/p2p.cc:218 Cuda Alloc Size 10485760 pointer 0x155179a00000
atl1-1-03-013-3-0:1644063:1644266 [2] NCCL INFO Allocated shareable buffer 0x155179a00000 size 10485760 ipcDesc 0x15511401b4c0
atl1-1-03-013-3-0:1644063:1644266 [2] NCCL INFO proxyProgressAsync opId=0x16ba0f10 op.type=3 op.reqBuff=0x15511401dc20 op.respSize=80 done
atl1-1-03-013-3-0:1644063:1644063 [2] NCCL INFO ncclPollProxyResponse Received new opId=0x16ba0f10
atl1-1-03-013-3-0:1644063:1644266 [2] NCCL INFO Received and initiated operation=Setup res=0
atl1-1-03-013-3-0:1644063:1644063 [2] NCCL INFO resp.opId=0x16ba0f10 matches expected opId=0x16ba0f10
atl1-1-03-013-3-0:1644063:1644266 [2] NCCL INFO New proxy recv connection 12 from local rank 2, transport 0
atl1-1-03-013-3-0:1644063:1644266 [2] NCCL INFO proxyProgressAsync opId=0x16ba0f10 op.type=1 op.reqBuff=0x15511401dc20 op.respSize=16 done
atl1-1-03-013-3-0:1644063:1644063 [2] NCCL INFO ncclPollProxyResponse Received new opId=0x16ba0f10
atl1-1-03-013-3-0:1644063:1644266 [2] NCCL INFO Received and initiated operation=Init res=0
atl1-1-03-013-3-0:1644063:1644063 [2] NCCL INFO resp.opId=0x16ba0f10 matches expected opId=0x16ba0f10
atl1-1-03-013-3-0:1644063:1644063 [2] NCCL INFO Connected to proxy localRank 2 -> connection 0x1551140052c0
atl1-1-03-013-3-0:1644063:1644266 [2] NCCL INFO transport/p2p.cc:218 Cuda Alloc Size 10485760 pointer 0x15517a400000
atl1-1-03-013-3-0:1644063:1644266 [2] NCCL INFO Allocated shareable buffer 0x15517a400000 size 10485760 ipcDesc 0x15511401b4c0
atl1-1-03-013-3-0:1644063:1644266 [2] NCCL INFO proxyProgressAsync opId=0x16ba0f10 op.type=3 op.reqBuff=0x15511401e900 op.respSize=80 done
atl1-1-03-013-3-0:1644063:1644063 [2] NCCL INFO ncclPollProxyResponse Received new opId=0x16ba0f10
atl1-1-03-013-3-0:1644063:1644266 [2] NCCL INFO Received and initiated operation=Setup res=0
atl1-1-03-013-3-0:1644063:1644063 [2] NCCL INFO resp.opId=0x16ba0f10 matches expected opId=0x16ba0f10
atl1-1-03-013-3-0:1644063:1644266 [2] NCCL INFO New proxy recv connection 13 from local rank 2, transport 0
atl1-1-03-013-3-0:1644063:1644266 [2] NCCL INFO proxyProgressAsync opId=0x16ba0f10 op.type=1 op.reqBuff=0x15511401e900 op.respSize=16 done
atl1-1-03-013-3-0:1644063:1644063 [2] NCCL INFO ncclPollProxyResponse Received new opId=0x16ba0f10
atl1-1-03-013-3-0:1644063:1644266 [2] NCCL INFO Received and initiated operation=Init res=0
atl1-1-03-013-3-0:1644063:1644063 [2] NCCL INFO resp.opId=0x16ba0f10 matches expected opId=0x16ba0f10
atl1-1-03-013-3-0:1644063:1644063 [2] NCCL INFO Connected to proxy localRank 2 -> connection 0x155114005338
atl1-1-03-013-3-0:1644063:1644266 [2] NCCL INFO transport/p2p.cc:218 Cuda Alloc Size 10485760 pointer 0x15517ae00000
atl1-1-03-013-3-0:1644063:1644266 [2] NCCL INFO Allocated shareable buffer 0x15517ae00000 size 10485760 ipcDesc 0x15511401b4c0
atl1-1-03-013-3-0:1644063:1644266 [2] NCCL INFO proxyProgressAsync opId=0x16ba0f10 op.type=3 op.reqBuff=0x15511401f5e0 op.respSize=80 done
atl1-1-03-013-3-0:1644063:1644063 [2] NCCL INFO ncclPollProxyResponse Received new opId=0x16ba0f10
atl1-1-03-013-3-0:1644063:1644266 [2] NCCL INFO Received and initiated operation=Setup res=0
atl1-1-03-013-3-0:1644063:1644063 [2] NCCL INFO resp.opId=0x16ba0f10 matches expected opId=0x16ba0f10
atl1-1-03-013-3-0:1644063:1644266 [2] NCCL INFO New proxy recv connection 14 from local rank 2, transport 0
atl1-1-03-013-3-0:1644063:1644266 [2] NCCL INFO proxyProgressAsync opId=0x16ba0f10 op.type=1 op.reqBuff=0x15511401f5e0 op.respSize=16 done
atl1-1-03-013-3-0:1644063:1644063 [2] NCCL INFO ncclPollProxyResponse Received new opId=0x16ba0f10
atl1-1-03-013-3-0:1644063:1644266 [2] NCCL INFO Received and initiated operation=Init res=0
atl1-1-03-013-3-0:1644063:1644063 [2] NCCL INFO resp.opId=0x16ba0f10 matches expected opId=0x16ba0f10
atl1-1-03-013-3-0:1644063:1644063 [2] NCCL INFO Connected to proxy localRank 2 -> connection 0x1551140053b0
atl1-1-03-013-3-0:1644063:1644266 [2] NCCL INFO transport/p2p.cc:218 Cuda Alloc Size 10485760 pointer 0x15517b800000
atl1-1-03-013-3-0:1644063:1644266 [2] NCCL INFO Allocated shareable buffer 0x15517b800000 size 10485760 ipcDesc 0x15511401b4c0
atl1-1-03-013-3-0:1644063:1644266 [2] NCCL INFO proxyProgressAsync opId=0x16ba0f10 op.type=3 op.reqBuff=0x1551140202c0 op.respSize=80 done
atl1-1-03-013-3-0:1644063:1644063 [2] NCCL INFO ncclPollProxyResponse Received new opId=0x16ba0f10
atl1-1-03-013-3-0:1644063:1644266 [2] NCCL INFO Received and initiated operation=Setup res=0
atl1-1-03-013-3-0:1644063:1644063 [2] NCCL INFO resp.opId=0x16ba0f10 matches expected opId=0x16ba0f10
atl1-1-03-013-3-0:1644063:1644266 [2] NCCL INFO New proxy recv connection 15 from local rank 2, transport 0
atl1-1-03-013-3-0:1644063:1644266 [2] NCCL INFO proxyProgressAsync opId=0x16ba0f10 op.type=1 op.reqBuff=0x1551140202c0 op.respSize=16 done
atl1-1-03-013-3-0:1644063:1644063 [2] NCCL INFO ncclPollProxyResponse Received new opId=0x16ba0f10
atl1-1-03-013-3-0:1644063:1644266 [2] NCCL INFO Received and initiated operation=Init res=0
atl1-1-03-013-3-0:1644063:1644063 [2] NCCL INFO resp.opId=0x16ba0f10 matches expected opId=0x16ba0f10
atl1-1-03-013-3-0:1644063:1644063 [2] NCCL INFO Connected to proxy localRank 2 -> connection 0x155114005428
atl1-1-03-013-3-0:1644063:1644266 [2] NCCL INFO transport/p2p.cc:218 Cuda Alloc Size 10485760 pointer 0x15517c200000
atl1-1-03-013-3-0:1644063:1644266 [2] NCCL INFO Allocated shareable buffer 0x15517c200000 size 10485760 ipcDesc 0x15511401b4c0
atl1-1-03-013-3-0:1644063:1644266 [2] NCCL INFO proxyProgressAsync opId=0x16ba0f10 op.type=3 op.reqBuff=0x155114020fa0 op.respSize=80 done
atl1-1-03-013-3-0:1644063:1644063 [2] NCCL INFO ncclPollProxyResponse Received new opId=0x16ba0f10
atl1-1-03-013-3-0:1644063:1644266 [2] NCCL INFO Received and initiated operation=Setup res=0
atl1-1-03-013-3-0:1644063:1644063 [2] NCCL INFO resp.opId=0x16ba0f10 matches expected opId=0x16ba0f10
atl1-1-03-013-3-0:1644063:1644266 [2] NCCL INFO New proxy recv connection 16 from local rank 2, transport 0
atl1-1-03-013-3-0:1644063:1644266 [2] NCCL INFO proxyProgressAsync opId=0x16ba0f10 op.type=1 op.reqBuff=0x155114020fa0 op.respSize=16 done
atl1-1-03-013-3-0:1644063:1644063 [2] NCCL INFO ncclPollProxyResponse Receivedne
atl1-1-03-013-3-0:1643706:1643706 [0] NCCL INFO ncclPollProxyResponse Received new opId=0x16bec470
atl1-1-03-013-3-0:1643706:1644264 [0] NCCL INFO Received and initiated operation=Setup res=0
atl1-1-03-013-3-0:1643706:1643706 [0] NCCL INFO resp.opId=0x16bec470 matches expected opId=0x16bec470
atl1-1-03-013-3-0:1643706:1644264 [0] NCCL INFO New proxy recv connection 14 from local rank 0, transport 0
atl1-1-03-013-3-0:1643706:1644264 [0] NCCL INFO proxyProgressAsync opId=0x16bec470 op.type=1 op.reqBuff=0x15515c01f850 op.respSize=16 done
atl1-1-03-013-3-0:1643706:1643706 [0] NCCL INFO ncclPollProxyResponse Received new opId=0x16bec470
atl1-1-03-013-3-0:1643706:1644264 [0] NCCL INFO Received and initiated operation=Init res=0
atl1-1-03-013-3-0:1643706:1643706 [0] NCCL INFO resp.opId=0x16bec470 matches expected opId=0x16bec470
atl1-1-03-013-3-0:1643706:1643706 [0] NCCL INFO Connected to proxy localRank 0 -> connection 0x15515c005650
atl1-1-03-013-3-0:1643706:1644264 [0] NCCL INFO transport/p2p.cc:218 Cuda Alloc Size 10485760 pointer 0x155185800000
atl1-1-03-013-3-0:1643706:1644264 [0] NCCL INFO Allocated shareable buffer 0x155185800000 size 10485760 ipcDesc 0x15515c01b760
atl1-1-03-013-3-0:1643706:1644264 [0] NCCL INFO proxyProgressAsync opId=0x16bec470 op.type=3 op.reqBuff=0x15515c020530 op.respSize=80 done
atl1-1-03-013-3-0:1643706:1643706 [0] NCCL INFO ncclPollProxyResponse Received new opId=0x16bec470
atl1-1-03-013-3-0:1643706:1644264 [0] NCCL INFO Received and initiated operation=Setup res=0
atl1-1-03-013-3-0:1643706:1643706 [0] NCCL INFO resp.opId=0x16bec470 matches expected opId=0x16bec470
atl1-1-03-013-3-0:1643706:1644264 [0] NCCL INFO New proxy recv connection 15 from local rank 0, transport 0
atl1-1-03-013-3-0:1643706:1644264 [0] NCCL INFO proxyProgressAsync opId=0x16bec470 op.type=1 op.reqBuff=0x15515c020530 op.respSize=16 done
atl1-1-03-013-3-0:1643706:1643706 [0] NCCL INFO ncclPollProxyResponse Received new opId=0x16bec470
atl1-1-03-013-3-0:1643706:1644264 [0] NCCL INFO Received and initiated operation=Init res=0
atl1-1-03-013-3-0:1643706:1643706 [0] NCCL INFO resp.opId=0x16bec470 matches expected opId=0x16bec470
atl1-1-03-013-3-0:1643706:1643706 [0] NCCL INFO Connected to proxy localRank 0 -> connection 0x15515c0056c8
atl1-1-03-013-3-0:1643706:1644264 [0] NCCL INFO transport/p2p.cc:218 Cuda Alloc Size 10485760 pointer 0x155186200000
atl1-1-03-013-3-0:1643706:1644264 [0] NCCL INFO Allocated shareable buffer 0x155186200000 size 10485760 ipcDesc 0x15515c01b760
atl1-1-03-013-3-0:1643706:1644264 [0] NCCL INFO proxyProgressAsync opId=0x16bec470 op.type=3 op.reqBuff=0x15515c021210 op.respSize=80 done
atl1-1-03-013-3-0:1643706:1643706 [0] NCCL INFO ncclPollProxyResponse Received new opId=0x16bec470
atl1-1-03-013-3-0:1643706:1644264 [0] NCCL INFO Received and initiated operation=Setup res=0
atl1-1-03-013-3-0:1643706:1643706 [0] NCCL INFO resp.opId=0x16bec470 matches expected opId=0x16bec470
atl1-1-03-013-3-0:1643706:1644264 [0] NCCL INFO New proxy recv connection 16 from local rank 0, transport 0
atl1-1-03-013-3-0:1643706:1644264 [0] NCCL INFO proxyProgressAsync opId=0x16bec470 op.type=1 op.reqBuff=0x15515c021210 op.respSize=16 done
atl1-1-03-013-3-0:1643706:1643706 [0] NCCL INFO ncclPollProxyResponse Received new opId=0x16bec470
atl1-1-03-013-3-0:1643706:1644264 [0] NCCL INFO Received and initiated operation=Init res=0
atl1-1-03-013-3-0:1643706:1643706 [0] NCCL INFO resp.opId=0x16bec470 matches expected opId=0x16bec470
atl1-1-03-013-3-0:1643706:1643706 [0] NCCL INFO Connected to proxy localRank 0 -> connection 0x15515c005740
atl1-1-03-013-3-0:1643706:1644264 [0] NCCL INFO transport/p2p.cc:218 Cuda Alloc Size 10485760 pointer 0x155186c00000
atl1-1-03-013-3-0:1643706:1644264 [0] NCCL INFO Allocated shareable buffer 0x155186c00000 size 10485760 ipcDesc 0x15515c01b760
atl1-1-03-013-3-0:1643706:1644264 [0] NCCL INFO proxyProgressAsync opId=0x16bec470 op.type=3 op.reqBuff=0x15515c021ef0 op.respSize=80 done
atl1-1-03-013-3-0:1643706:1643706 [0] NCCL INFO ncclPollProxyResponse Received new opId=0x16bec470
atl1-1-03-013-3-0:1643706:1644264 [0] NCCL INFO Received and initiated operation=Setup res=0
atl1-1-03-013-3-0:1643706:1643706 [0] NCCL INFO resp.opId=0x16bec470 matches expected opId=0x16bec470
atl1-1-03-013-3-0:1643706:1644264 [0] NCCL INFO New proxy recv connection 17 from local rank 0, transport 0
atl1-1-03-013-3-0:1643706:1644264 [0] NCCL INFO proxyProgressAsync opId=0x16bec470 op.type=1 op.reqBuff=0x15515c021ef0 op.respSize=16 done
atl1-1-03-013-3-0:1643706:1643706 [0] NCCL INFO ncclPollProxyResponse Received new opId=0x16bec470
atl1-1-03-013-3-0:1643706:1644264 [0] NCCL INFO Received and initiated operation=Init res=0
atl1-1-03-013-3-0:1643706:1643706 [0] NCCL INFO resp.opId=0x16bec470 matches expected opId=0x16bec470
atl1-1-03-013-3-0:1643706:1643706 [0] NCCL INFO Connected to proxy localRank 0 -> connection 0x15515c0057b8
atl1-1-03-013-3-0:1643706:1644264 [0] NCCL INFO transport/p2p.cc:218 Cuda Alloc Size 10485760 pointer 0x155187600000
atl1-1-03-013-3-0:1643706:1644264 [0] NCCL INFO Allocated shareable buffer 0x155187600000 size 10485760 ipcDesc 0x15515c01b760
atl1-1-03-013-3-0:1643706:1644264 [0] NCCL INFO proxyProgressAsync opId=0x16bec470 op.type=3 op.reqBuff=0x15515c022bd0 op.respSize=80 done
atl1-1-03-013-3-0:1643706:1643706 [0] NCCL INFO ncclPollProxyResponse Received new opId=0x16bec470
atl1-1-03-013-3-0:1643706:1644264 [0] NCCL INFO Received and initiated operation=Setup res=0
atl1-1-03-013-3-0:1643706:1643706 [0] NCCL INFO resp.opId=0x16bec470 matches expected opId=0x16bec470
atl1-1-03-013-3-0:1643706:1644264 [0] NCCL INFO New proxy recv connection 18 from local rank 0, transport 0
atl1-1-03-013-3-0:1643706:1644264 [0] NCCL INFO proxyProgressAsync opId=0x16bec470 op.type=1 op.reqBuff=0x15515c022bd0 op.respSize=16 done
atl1-1-03-013-3-0:1643706:1643706 [0] NCCL INFO ncclPollProxyResponse Received new opId=0x16bec470
atl1-1-03-013-3-0:1643706:1644264 [0] NCCL INFO Received and initiated operation=Init res=0
atl1-1-03-013-3-0:1643706:1643706 [0] NCCL INFO resp.opId=0x16bec470 matches expected opId=0x16bec470
atl1-1-03-013-3-0:1643706:1643706 [0] NCCL INFO Connected to proxy localRank 0 -> connection 0x15515c005830
atl1-1-03-013-3-0:1643706:1644264 [0] NCCL INFO transport/p2p.cc:218 Cuda Alloc Size 10485760 pointer 0x155188000000
atl1-1-03-013-3-0:1643706:1644264 [0] NCCL INFO Allocated shareable buffer 0x155188000000 size 10485760 ipcDesc 0x15515c01b760
atl1-1-03-013-3-0:1643706:1644264 [0] NCCL INFO proxyProgressAsync opId=0x16bec470 op.type=3 op.reqBuff=0x15515c0238b0 op.respSize=80 done
atl1-1-03-013-3-0:1643706:1643706 [0] NCCL INFO ncclPollProxyResponse Received new opId=0x16bec470
atl1-1-03-013-3-0:1643706:1644264 [0] NCCL INFO Received and initiated operation=Setup res=0
atl1-1-03-013-3-0:1643706:1643706 [0] NCCL INFO resp.opId=0x16bec470 matches expected opId=0x16bec470
atl1-1-03-013-3-0:1643706:1644264 [0] NCCL INFO New proxy recv connection 19 from local rank 0, transport 0
atl1-1-03-013-3-0:1643706:1644264 [0] NCCL INFO proxyProgressAsync opId=0x16bec470 op.type=1 op.reqBuff=0x15515c0238b0 op.respSize=16 done
atl1-1-03-013-3-0:1643706:1643706 [0] NCCL INFO ncclPollProxyResponse Received new opId=0x16bec470
atl1-1-03-013-3-0:1643706:1644264 [0] NCCL INFO Received and initiated operation=Init res=0
atl1-1-03-013-3-0:1643706:1643706 [0] NCCL INFO resp.opId=0x16bec470 matches expected opId=0x16bec470
atl1-1-03-013-3-0:1643706:1643706 [0] NCCL INFO Connected to proxy localRank 0 -> connection 0x15515c0058a8
atl1-1-03-013-3-0:1643706:1644264 [0] NCCL INFO transport/p2p.cc:218 Cuda Alloc Size 10485760 pointer 0x155188a00000
atl1-1-03-013-3-0:1643706:1644264 [0] NCCL INFO Allocated shareable buffer 0x155188a00000 size 10485760 ipcDesc 0x15515c01b760
atl1-1-03-013-3-0:1643706:1644264 [0] NCCL INFO proxyProgressAsync opId=0x16bec470 op.type=3 op.reqBuff=0x15515c024590 op.respSize=80 done
atl1-1-03-013-3-0:1643706:1643706 [0] NCCL INFO ncclPollProxyResponse Received new opId=0x16bec470
atl1-1-03-013-3-0:1643706:1644264 [0] NCCL INFO Received and initiated operation=Setup res=0
atl1-1-03-013-3-0:1643706:1643706 [0] NCCL INFO68 [1] NCCL INFO Received and initiated operation=Setup res=0
atl1-1-03-013-3-0:1644001:1644001 [1] NCCL INFO resp.opId=0x16c0c5f0 matches expected opId=0x16c0c5f0
atl1-1-03-013-3-0:1644001:1644268 [1] NCCL INFO New proxy recv connection 15 from local rank 1, transport 0
atl1-1-03-013-3-0:1644001:1644268 [1] NCCL INFO proxyProgressAsync opId=0x16c0c5f0 op.type=1 op.reqBuff=0x1551180202c0 op.respSize=16 done
atl1-1-03-013-3-0:1644001:1644001 [1] NCCL INFO ncclPollProxyResponse Received new opId=0x16c0c5f0
atl1-1-03-013-3-0:1644001:1644268 [1] NCCL INFO Received and initiated operation=Init res=0
atl1-1-03-013-3-0:1644001:1644001 [1] NCCL INFO resp.opId=0x16c0c5f0 matches expected opId=0x16c0c5f0
atl1-1-03-013-3-0:1644001:1644001 [1] NCCL INFO Connected to proxy localRank 1 -> connection 0x155118005428
atl1-1-03-013-3-0:1644001:1644268 [1] NCCL INFO transport/p2p.cc:218 Cuda Alloc Size 10485760 pointer 0x155180200000
atl1-1-03-013-3-0:1644001:1644268 [1] NCCL INFO Allocated shareable buffer 0x155180200000 size 10485760 ipcDesc 0x15511801b4c0
atl1-1-03-013-3-0:1644001:1644268 [1] NCCL INFO proxyProgressAsync opId=0x16c0c5f0 op.type=3 op.reqBuff=0x155118020fa0 op.respSize=80 done
atl1-1-03-013-3-0:1644001:1644001 [1] NCCL INFO ncclPollProxyResponse Received new opId=0x16c0c5f0
atl1-1-03-013-3-0:1644001:1644268 [1] NCCL INFO Received and initiated operation=Setup res=0
atl1-1-03-013-3-0:1644001:1644001 [1] NCCL INFO resp.opId=0x16c0c5f0 matches expected opId=0x16c0c5f0
atl1-1-03-013-3-0:1644001:1644268 [1] NCCL INFO New proxy recv connection 16 from local rank 1, transport 0
atl1-1-03-013-3-0:1644001:1644268 [1] NCCL INFO proxyProgressAsync opId=0x16c0c5f0 op.type=1 op.reqBuff=0x155118020fa0 op.respSize=16 done
atl1-1-03-013-3-0:1644001:1644001 [1] NCCL INFO ncclPollProxyResponse Received new opId=0x16c0c5f0
atl1-1-03-013-3-0:1644001:1644268 [1] NCCL INFO Received and initiated operation=Init res=0
atl1-1-03-013-3-0:1644001:1644001 [1] NCCL INFO resp.opId=0x16c0c5f0 matches expected opId=0x16c0c5f0
atl1-1-03-013-3-0:1644001:1644001 [1] NCCL INFO Connected to proxy localRank 1 -> connection 0x1551180054a0
atl1-1-03-013-3-0:1644001:1644268 [1] NCCL INFO transport/p2p.cc:218 Cuda Alloc Size 10485760 pointer 0x155180c00000
atl1-1-03-013-3-0:1644001:1644268 [1] NCCL INFO Allocated shareable buffer 0x155180c00000 size 10485760 ipcDesc 0x15511801b4c0
atl1-1-03-013-3-0:1644001:1644268 [1] NCCL INFO proxyProgressAsync opId=0x16c0c5f0 op.type=3 op.reqBuff=0x155118021c80 op.respSize=80 done
atl1-1-03-013-3-0:1644001:1644001 [1] NCCL INFO ncclPollProxyResponse Received new opId=0x16c0c5f0
atl1-1-03-013-3-0:1644001:1644268 [1] NCCL INFO Received and initiated operation=Setup res=0
atl1-1-03-013-3-0:1644001:1644001 [1] NCCL INFO resp.opId=0x16c0c5f0 matches expected opId=0x16c0c5f0
atl1-1-03-013-3-0:1644001:1644268 [1] NCCL INFO New proxy recv connection 17 from local rank 1, transport 0
atl1-1-03-013-3-0:1644001:1644268 [1] NCCL INFO proxyProgressAsync opId=0x16c0c5f0 op.type=1 op.reqBuff=0x155118021c80 op.respSize=16 done
atl1-1-03-013-3-0:1644001:1644001 [1] NCCL INFO ncclPollProxyResponse Received new opId=0x16c0c5f0
atl1-1-03-013-3-0:1644001:1644268 [1] NCCL INFO Received and initiated operation=Init res=0
atl1-1-03-013-3-0:1644001:1644001 [1] NCCL INFO resp.opId=0x16c0c5f0 matches expected opId=0x16c0c5f0
atl1-1-03-013-3-0:1644001:1644001 [1] NCCL INFO Connected to proxy localRank 1 -> connection 0x155118005518
atl1-1-03-013-3-0:1644001:1644268 [1] NCCL INFO transport/p2p.cc:218 Cuda Alloc Size 10485760 pointer 0x155181600000
atl1-1-03-013-3-0:1644001:1644268 [1] NCCL INFO Allocated shareable buffer 0x155181600000 size 10485760 ipcDesc 0x15511801b4c0
atl1-1-03-013-3-0:1644001:1644268 [1] NCCL INFO proxyProgressAsync opId=0x16c0c5f0 op.type=3 op.reqBuff=0x155118022960 op.respSize=80 done
atl1-1-03-013-3-0:1644001:1644001 [1] NCCL INFO ncclPollProxyResponse Received new opId=0x16c0c5f0
atl1-1-03-013-3-0:1644001:1644268 [1] NCCL INFO Received and initiated operation=Setup res=0
atl1-1-03-013-3-0:1644001:1644001 [1] NCCL INFO resp.opId=0x16c0c5f0 matches expected opId=0x16c0c5f0
atl1-1-03-013-3-0:1644001:1644268 [1] NCCL INFO New proxy recv connection 18 from local rank 1, transport 0
atl1-1-03-013-3-0:1644001:1644268 [1] NCCL INFO proxyProgressAsync opId=0x16c0c5f0 op.type=1 op.reqBuff=0x155118022960 op.respSize=16 done
atl1-1-03-013-3-0:1644001:1644001 [1] NCCL INFO ncclPollProxyResponse Received new opId=0x16c0c5f0
atl1-1-03-013-3-0:1644001:1644268 [1] NCCL INFO Received and initiated operation=Init res=0
atl1-1-03-013-3-0:1644001:1644001 [1] NCCL INFO resp.opId=0x16c0c5f0 matches expected opId=0x16c0c5f0
atl1-1-03-013-3-0:1644001:1644001 [1] NCCL INFO Connected to proxy localRank 1 -> connection 0x155118005590
atl1-1-03-013-3-0:1644001:1644268 [1] NCCL INFO transport/p2p.cc:218 Cuda Alloc Size 10485760 pointer 0x155182000000
atl1-1-03-013-3-0:1644001:1644268 [1] NCCL INFO Allocated shareable buffer 0x155182000000 size 10485760 ipcDesc 0x15511801b4c0
atl1-1-03-013-3-0:1644001:1644268 [1] NCCL INFO proxyProgressAsync opId=0x16c0c5f0 op.type=3 op.reqBuff=0x155118023640 op.respSize=80 done
atl1-1-03-013-3-0:1644001:1644001 [1] NCCL INFO ncclPollProxyResponse Received new opId=0x16c0c5f0
atl1-1-03-013-3-0:1644001:1644268 [1] NCCL INFO Received and initiated operation=Setup res=0
atl1-1-03-013-3-0:1644001:1644001 [1] NCCL INFO resp.opId=0x16c0c5f0 matches expected opId=0x16c0c5f0
atl1-1-03-013-3-0:1644001:1644268 [1] NCCL INFO New proxy recv connection 19 from local rank 1, transport 0
atl1-1-03-013-3-0:1644001:1644268 [1] NCCL INFO proxyProgressAsync opId=0x16c0c5f0 op.type=1 op.reqBuff=0x155118023640 op.respSize=16 done
atl1-1-03-013-3-0:1644001:1644001 [1] NCCL INFO ncclPollProxyResponse Received new opId=0x16c0c5f0
atl1-1-03-013-3-0:1644001:1644268 [1] NCCL INFO Received and initiated operation=Init res=0
atl1-1-03-013-3-0:1644001:1644001 [1] NCCL INFO resp.opId=0x16c0c5f0 matches expected opId=0x16c0c5f0
atl1-1-03-013-3-0:1644001:1644001 [1] NCCL INFO Connected to proxy localRank 1 -> connection 0x155118005608
atl1-1-03-013-3-0:1644001:1644268 [1] NCCL INFO transport/p2p.cc:218 Cuda Alloc Size 10485760 pointer 0x155182a00000
atl1-1-03-013-3-0:1644001:1644268 [1] NCCL INFO Allocated shareable buffer 0x155182a00000 size 10485760 ipcDesc 0x15511801b4c0
atl1-1-03-013-3-0:1644001:1644268 [1] NCCL INFO proxyProgressAsync opId=0x16c0c5f0 op.type=3 op.reqBuff=0x155118024320 op.respSize=80 done
atl1-1-03-013-3-0:1644001:1644001 [1] NCCL INFO ncclPollProxyResponse Received new opId=0x16c0c5f0
atl1-1-03-013-3-0:1644001:1644268 [1] NCCL INFO Received and initiated operation=Setup res=0
atl1-1-03-013-3-0:1644001:1644001 [1] NCCL INFO resp.opId=0x16c0c5f0 matches expected opId=0x16c0c5f0
atl1-1-03-013-3-0:1644001:1644268 [1] NCCL INFO New proxy recv connection 20 from local rank 1, transport 0
atl1-1-03-013-3-0:1644001:1644268 [1] NCCL INFO proxyProgressAsync opId=0x16c0c5f0 op.type=1 op.reqBuff=0x155118024320 op.respSize=16 done
atl1-1-03-013-3-0:1644001:1644001 [1] NCCL INFO ncclPollProxyResponse Received new opId=0x16c0c5f0
atl1-1-03-013-3-0:1644001:1644268 [1] NCCL INFO Received and initiated operation=Init res=0
atl1-1-03-013-3-0:1644001:1644001 [1] NCCL INFO resp.opId=0x16c0c5f0 matches expected opId=0x16c0c5f0
atl1-1-03-013-3-0:1644001:1644001 [1] NCCL INFO Connected to proxy localRank 1 -> connection 0x155118005680
atl1-1-03-013-3-0:1644001:1644268 [1] NCCL INFO transport/p2p.cc:218 Cuda Alloc Size 10485760 pointer 0x155183400000
atl1-1-03-013-3-0:1644001:1644268 [1] NCCL INFO Allocated shareable buffer 0x155183400000 size 10485760 ipcDesc 0x15511801b4c0
atl1-1-03-013-3-0:1644001:1644268 [1] NCCL INFO proxyProgressAsync opId=0x16c0c5f0 op.type=3 op.reqBuff=0x155118025000 op.respSize=80 done
atl1-1-03-013-3-0:1644001:1644001 [1] NCCL INFO ncclPollProxyResponse Received new opId=0x16c0c5f0
atl1-1-03-013-3-0:1644001:1644268 [1] NCCL INFO Received and initiated operation=Setup res=0
atl1-1-03-013-3-0:1644001:1644001 [1] NCCL INFO resp.opId=0x16c0c5f0 matches expected opId=0x16c0c5f0
atl1-1-03-013-3-0:1644001:1644268 [1] NCCL INFO New proxy recv connection 21 fllProxyResponse Received new opId=0x16c28e20
atl1-1-03-013-3-0:1644110:1644262 [3] NCCL INFO Received and initiated operation=Init res=0
atl1-1-03-013-3-0:1644110:1644110 [3] NCCL INFO resp.opId=0x16c28e20 matches expected opId=0x16c28e20
atl1-1-03-013-3-0:1644110:1644110 [3] NCCL INFO Connected to proxy localRank 3 -> connection 0x1551100054a0
atl1-1-03-013-3-0:1644110:1644262 [3] NCCL INFO transport/p2p.cc:218 Cuda Alloc Size 10485760 pointer 0x155172c00000
atl1-1-03-013-3-0:1644110:1644262 [3] NCCL INFO Allocated shareable buffer 0x155172c00000 size 10485760 ipcDesc 0x15511001b4c0
atl1-1-03-013-3-0:1644110:1644262 [3] NCCL INFO proxyProgressAsync opId=0x16c28e20 op.type=3 op.reqBuff=0x155110021c80 op.respSize=80 done
atl1-1-03-013-3-0:1644110:1644110 [3] NCCL INFO ncclPollProxyResponse Received new opId=0x16c28e20
atl1-1-03-013-3-0:1644110:1644262 [3] NCCL INFO Received and initiated operation=Setup res=0
atl1-1-03-013-3-0:1644110:1644110 [3] NCCL INFO resp.opId=0x16c28e20 matches expected opId=0x16c28e20
atl1-1-03-013-3-0:1644110:1644262 [3] NCCL INFO New proxy recv connection 17 from local rank 3, transport 0
atl1-1-03-013-3-0:1644110:1644262 [3] NCCL INFO proxyProgressAsync opId=0x16c28e20 op.type=1 op.reqBuff=0x155110021c80 op.respSize=16 done
atl1-1-03-013-3-0:1644110:1644110 [3] NCCL INFO ncclPollProxyResponse Received new opId=0x16c28e20
atl1-1-03-013-3-0:1644110:1644262 [3] NCCL INFO Received and initiated operation=Init res=0
atl1-1-03-013-3-0:1644110:1644110 [3] NCCL INFO resp.opId=0x16c28e20 matches expected opId=0x16c28e20
atl1-1-03-013-3-0:1644110:1644110 [3] NCCL INFO Connected to proxy localRank 3 -> connection 0x155110005518
atl1-1-03-013-3-0:1644110:1644262 [3] NCCL INFO transport/p2p.cc:218 Cuda Alloc Size 10485760 pointer 0x155173600000
atl1-1-03-013-3-0:1644110:1644262 [3] NCCL INFO Allocated shareable buffer 0x155173600000 size 10485760 ipcDesc 0x15511001b4c0
atl1-1-03-013-3-0:1644110:1644262 [3] NCCL INFO proxyProgressAsync opId=0x16c28e20 op.type=3 op.reqBuff=0x155110022960 op.respSize=80 done
atl1-1-03-013-3-0:1644110:1644110 [3] NCCL INFO ncclPollProxyResponse Received new opId=0x16c28e20
atl1-1-03-013-3-0:1644110:1644262 [3] NCCL INFO Received and initiated operation=Setup res=0
atl1-1-03-013-3-0:1644110:1644110 [3] NCCL INFO resp.opId=0x16c28e20 matches expected opId=0x16c28e20
atl1-1-03-013-3-0:1644110:1644262 [3] NCCL INFO New proxy recv connection 18 from local rank 3, transport 0
atl1-1-03-013-3-0:1644110:1644262 [3] NCCL INFO proxyProgressAsync opId=0x16c28e20 op.type=1 op.reqBuff=0x155110022960 op.respSize=16 done
atl1-1-03-013-3-0:1644110:1644110 [3] NCCL INFO ncclPollProxyResponse Received new opId=0x16c28e20
atl1-1-03-013-3-0:1644110:1644262 [3] NCCL INFO Received and initiated operation=Init res=0
atl1-1-03-013-3-0:1644110:1644110 [3] NCCL INFO resp.opId=0x16c28e20 matches expected opId=0x16c28e20
atl1-1-03-013-3-0:1644110:1644110 [3] NCCL INFO Connected to proxy localRank 3 -> connection 0x155110005590
atl1-1-03-013-3-0:1644110:1644262 [3] NCCL INFO transport/p2p.cc:218 Cuda Alloc Size 10485760 pointer 0x155174000000
atl1-1-03-013-3-0:1644110:1644262 [3] NCCL INFO Allocated shareable buffer 0x155174000000 size 10485760 ipcDesc 0x15511001b4c0
atl1-1-03-013-3-0:1644110:1644262 [3] NCCL INFO proxyProgressAsync opId=0x16c28e20 op.type=3 op.reqBuff=0x155110023640 op.respSize=80 done
atl1-1-03-013-3-0:1644110:1644110 [3] NCCL INFO ncclPollProxyResponse Received new opId=0x16c28e20
atl1-1-03-013-3-0:1644110:1644262 [3] NCCL INFO Received and initiated operation=Setup res=0
atl1-1-03-013-3-0:1644110:1644110 [3] NCCL INFO resp.opId=0x16c28e20 matches expected opId=0x16c28e20
atl1-1-03-013-3-0:1644110:1644262 [3] NCCL INFO New proxy recv connection 19 from local rank 3, transport 0
atl1-1-03-013-3-0:1644110:1644262 [3] NCCL INFO proxyProgressAsync opId=0x16c28e20 op.type=1 op.reqBuff=0x155110023640 op.respSize=16 done
atl1-1-03-013-3-0:1644110:1644110 [3] NCCL INFO ncclPollProxyResponse Received new opId=0x16c28e20
atl1-1-03-013-3-0:1644110:1644262 [3] NCCL INFO Received and initiated operation=Init res=0
atl1-1-03-013-3-0:1644110:1644110 [3] NCCL INFO resp.opId=0x16c28e20 matches expected opId=0x16c28e20
atl1-1-03-013-3-0:1644110:1644110 [3] NCCL INFO Connected to proxy localRank 3 -> connection 0x155110005608
atl1-1-03-013-3-0:1644110:1644262 [3] NCCL INFO transport/p2p.cc:218 Cuda Alloc Size 10485760 pointer 0x155174a00000
atl1-1-03-013-3-0:1644110:1644262 [3] NCCL INFO Allocated shareable buffer 0x155174a00000 size 10485760 ipcDesc 0x15511001b4c0
atl1-1-03-013-3-0:1644110:1644262 [3] NCCL INFO proxyProgressAsync opId=0x16c28e20 op.type=3 op.reqBuff=0x155110024320 op.respSize=80 done
atl1-1-03-013-3-0:1644110:1644110 [3] NCCL INFO ncclPollProxyResponse Received new opId=0x16c28e20
atl1-1-03-013-3-0:1644110:1644262 [3] NCCL INFO Received and initiated operation=Setup res=0
atl1-1-03-013-3-0:1644110:1644110 [3] NCCL INFO resp.opId=0x16c28e20 matches expected opId=0x16c28e20
atl1-1-03-013-3-0:1644110:1644262 [3] NCCL INFO New proxy recv connection 20 from local rank 3, transport 0
atl1-1-03-013-3-0:1644110:1644262 [3] NCCL INFO proxyProgressAsync opId=0x16c28e20 op.type=1 op.reqBuff=0x155110024320 op.respSize=16 done
atl1-1-03-013-3-0:1644110:1644110 [3] NCCL INFO ncclPollProxyResponse Received new opId=0x16c28e20
atl1-1-03-013-3-0:1644110:1644262 [3] NCCL INFO Received and initiated operation=Init res=0
atl1-1-03-013-3-0:1644110:1644110 [3] NCCL INFO resp.opId=0x16c28e20 matches expected opId=0x16c28e20
atl1-1-03-013-3-0:1644110:1644110 [3] NCCL INFO Connected to proxy localRank 3 -> connection 0x155110005680
atl1-1-03-013-3-0:1644110:1644262 [3] NCCL INFO transport/p2p.cc:218 Cuda Alloc Size 10485760 pointer 0x155175400000
atl1-1-03-013-3-0:1644110:1644262 [3] NCCL INFO Allocated shareable buffer 0x155175400000 size 10485760 ipcDesc 0x15511001b4c0
atl1-1-03-013-3-0:1644110:1644262 [3] NCCL INFO proxyProgressAsync opId=0x16c28e20 op.type=3 op.reqBuff=0x155110025000 op.respSize=80 done
atl1-1-03-013-3-0:1644110:1644110 [3] NCCL INFO ncclPollProxyResponse Received new opId=0x16c28e20
atl1-1-03-013-3-0:1644110:1644262 [3] NCCL INFO Received and initiated operation=Setup res=0
atl1-1-03-013-3-0:1644110:1644110 [3] NCCL INFO resp.opId=0x16c28e20 matches expected opId=0x16c28e20
atl1-1-03-013-3-0:1644110:1644262 [3] NCCL INFO New proxy recv connection 21 from local rank 3, transport 0
atl1-1-03-013-3-0:1644110:1644262 [3] NCCL INFO proxyProgressAsync opId=0x16c28e20 op.type=1 op.reqBuff=0x155110025000 op.respSize=16 done
atl1-1-03-013-3-0:1644110:1644110 [3] NCCL INFO ncclPollProxyResponse Received new opId=0x16c28e20
atl1-1-03-013-3-0:1644110:1644262 [3] NCCL INFO Received and initiated operation=Init res=0
atl1-1-03-013-3-0:1644110:1644110 [3] NCCL INFO resp.opId=0x16c28e20 matches expected opId=0x16c28e20
atl1-1-03-013-3-0:1644110:1644110 [3] NCCL INFO Connected to proxy localRank 3 -> connection 0x1551100056f8
atl1-1-03-013-3-0:1644110:1644262 [3] NCCL INFO transport/p2p.cc:218 Cuda Alloc Size 10485760 pointer 0x155175e00000
atl1-1-03-013-3-0:1644110:1644262 [3] NCCL INFO Allocated shareable buffer 0x155175e00000 size 10485760 ipcDesc 0x15511001b4c0
atl1-1-03-013-3-0:1644110:1644262 [3] NCCL INFO proxyProgressAsync opId=0x16c28e20 op.type=3 op.reqBuff=0x155110025ce0 op.respSize=80 done
atl1-1-03-013-3-0:1644110:1644110 [3] NCCL INFO ncclPollProxyResponse Received new opId=0x16c28e20
atl1-1-03-013-3-0:1644110:1644262 [3] NCCL INFO Received and initiated operation=Setup res=0
atl1-1-03-013-3-0:1644110:1644110 [3] NCCL INFO resp.opId=0x16c28e20 matches expected opId=0x16c28e20
atl1-1-03-013-3-0:1644110:1644262 [3] NCCL INFO New proxy recv connection 22 from local rank 3, transport 0
atl1-1-03-013-3-0:1644110:1644262 [3] NCCL INFO proxyProgressAsync opId=0x16c28e20 op.type=1 op.reqBuff=0x155110025ce0 op.respSize=16 done
atl1-1-03-013-3-0:1644110:1644110 [3] NCCL INFO ncclPollProxyResponse Received new opId=0x16c28e20
atl1-1-03-013-3-0:1644110:1644262 [3] NCCL INFO Received and initiated operation=Init res=0
atl1-1-03-013-3-0:1644110:1644110 [3] NCCL INFO resp.opId=0x16c28e20 matches expected opId=0x16c28e20
atl new opId=0x16ba0f10
atl1-1-03-013-3-0:1644063:1644063 [2] NCCL INFO resp.opId=0x16ba0f10 matches expected opId=0x16ba0f10
atl1-1-03-013-3-0:1644063:1644063 [2] NCCL INFO Connected to proxy localRank 2 -> connection 0x1551140054a0
atl1-1-03-013-3-0:1644063:1644266 [2] NCCL INFO Received and initiated operation=Init res=0
atl1-1-03-013-3-0:1644063:1644266 [2] NCCL INFO transport/p2p.cc:218 Cuda Alloc Size 10485760 pointer 0x15517cc00000
atl1-1-03-013-3-0:1644063:1644266 [2] NCCL INFO Allocated shareable buffer 0x15517cc00000 size 10485760 ipcDesc 0x15511401b4c0
atl1-1-03-013-3-0:1644063:1644266 [2] NCCL INFO proxyProgressAsync opId=0x16ba0f10 op.type=3 op.reqBuff=0x155114021c80 op.respSize=80 done
atl1-1-03-013-3-0:1644063:1644063 [2] NCCL INFO ncclPollProxyResponse Received new opId=0x16ba0f10
atl1-1-03-013-3-0:1644063:1644266 [2] NCCL INFO Received and initiated operation=Setup res=0
atl1-1-03-013-3-0:1644063:1644063 [2] NCCL INFO resp.opId=0x16ba0f10 matches expected opId=0x16ba0f10
atl1-1-03-013-3-0:1644063:1644266 [2] NCCL INFO New proxy recv connection 17 from local rank 2, transport 0
atl1-1-03-013-3-0:1644063:1644266 [2] NCCL INFO proxyProgressAsync opId=0x16ba0f10 op.type=1 op.reqBuff=0x155114021c80 op.respSize=16 done
atl1-1-03-013-3-0:1644063:1644063 [2] NCCL INFO ncclPollProxyResponse Received new opId=0x16ba0f10
atl1-1-03-013-3-0:1644063:1644266 [2] NCCL INFO Received and initiated operation=Init res=0
atl1-1-03-013-3-0:1644063:1644063 [2] NCCL INFO resp.opId=0x16ba0f10 matches expected opId=0x16ba0f10
atl1-1-03-013-3-0:1644063:1644063 [2] NCCL INFO Connected to proxy localRank 2 -> connection 0x155114005518
atl1-1-03-013-3-0:1644063:1644266 [2] NCCL INFO transport/p2p.cc:218 Cuda Alloc Size 10485760 pointer 0x15517d600000
atl1-1-03-013-3-0:1644063:1644266 [2] NCCL INFO Allocated shareable buffer 0x15517d600000 size 10485760 ipcDesc 0x15511401b4c0
atl1-1-03-013-3-0:1644063:1644266 [2] NCCL INFO proxyProgressAsync opId=0x16ba0f10 op.type=3 op.reqBuff=0x155114022960 op.respSize=80 done
atl1-1-03-013-3-0:1644063:1644063 [2] NCCL INFO ncclPollProxyResponse Received new opId=0x16ba0f10
atl1-1-03-013-3-0:1644063:1644266 [2] NCCL INFO Received and initiated operation=Setup res=0
atl1-1-03-013-3-0:1644063:1644063 [2] NCCL INFO resp.opId=0x16ba0f10 matches expected opId=0x16ba0f10
atl1-1-03-013-3-0:1644063:1644266 [2] NCCL INFO New proxy recv connection 18 from local rank 2, transport 0
atl1-1-03-013-3-0:1644063:1644266 [2] NCCL INFO proxyProgressAsync opId=0x16ba0f10 op.type=1 op.reqBuff=0x155114022960 op.respSize=16 done
atl1-1-03-013-3-0:1644063:1644063 [2] NCCL INFO ncclPollProxyResponse Received new opId=0x16ba0f10
atl1-1-03-013-3-0:1644063:1644266 [2] NCCL INFO Received and initiated operation=Init res=0
atl1-1-03-013-3-0:1644063:1644063 [2] NCCL INFO resp.opId=0x16ba0f10 matches expected opId=0x16ba0f10
atl1-1-03-013-3-0:1644063:1644063 [2] NCCL INFO Connected to proxy localRank 2 -> connection 0x155114005590
atl1-1-03-013-3-0:1644063:1644266 [2] NCCL INFO transport/p2p.cc:218 Cuda Alloc Size 10485760 pointer 0x15517e000000
atl1-1-03-013-3-0:1644063:1644266 [2] NCCL INFO Allocated shareable buffer 0x15517e000000 size 10485760 ipcDesc 0x15511401b4c0
atl1-1-03-013-3-0:1644063:1644266 [2] NCCL INFO proxyProgressAsync opId=0x16ba0f10 op.type=3 op.reqBuff=0x155114023640 op.respSize=80 done
atl1-1-03-013-3-0:1644063:1644063 [2] NCCL INFO ncclPollProxyResponse Received new opId=0x16ba0f10
atl1-1-03-013-3-0:1644063:1644266 [2] NCCL INFO Received and initiated operation=Setup res=0
atl1-1-03-013-3-0:1644063:1644063 [2] NCCL INFO resp.opId=0x16ba0f10 matches expected opId=0x16ba0f10
atl1-1-03-013-3-0:1644063:1644266 [2] NCCL INFO New proxy recv connection 19 from local rank 2, transport 0
atl1-1-03-013-3-0:1644063:1644266 [2] NCCL INFO proxyProgressAsync opId=0x16ba0f10 op.type=1 op.reqBuff=0x155114023640 op.respSize=16 done
atl1-1-03-013-3-0:1644063:1644063 [2] NCCL INFO ncclPollProxyResponse Received new opId=0x16ba0f10
atl1-1-03-013-3-0:1644063:1644266 [2] NCCL INFO Received and initiated operation=Init res=0
atl1-1-03-013-3-0:1644063:1644063 [2] NCCL INFO resp.opId=0x16ba0f10 matches expected opId=0x16ba0f10
atl1-1-03-013-3-0:1644063:1644063 [2] NCCL INFO Connected to proxy localRank 2 -> connection 0x155114005608
atl1-1-03-013-3-0:1644063:1644266 [2] NCCL INFO transport/p2p.cc:218 Cuda Alloc Size 10485760 pointer 0x15517ea00000
atl1-1-03-013-3-0:1644063:1644266 [2] NCCL INFO Allocated shareable buffer 0x15517ea00000 size 10485760 ipcDesc 0x15511401b4c0
atl1-1-03-013-3-0:1644063:1644266 [2] NCCL INFO proxyProgressAsync opId=0x16ba0f10 op.type=3 op.reqBuff=0x155114024320 op.respSize=80 done
atl1-1-03-013-3-0:1644063:1644063 [2] NCCL INFO ncclPollProxyResponse Received new opId=0x16ba0f10
atl1-1-03-013-3-0:1644063:1644266 [2] NCCL INFO Received and initiated operation=Setup res=0
atl1-1-03-013-3-0:1644063:1644063 [2] NCCL INFO resp.opId=0x16ba0f10 matches expected opId=0x16ba0f10
atl1-1-03-013-3-0:1644063:1644266 [2] NCCL INFO New proxy recv connection 20 from local rank 2, transport 0
