atl1-1-03-013-3-0:1644063:1644266 [2] NCCL INFO proxyProgressAsync opId=0x16atl1-1-03-013-3-0:1643706:1644264 [0] NCCL INFO Received and initiated operation=Init res=0
atl1-1-03-013-3-0:1643706:1643706 [0] NCCL INFO resp.opId=0x16bec470 matches expected opId=0x16bec470
atl1-1-03-013-3-0:1643706:1643706 [0] NCCL INFO Connected to proxy localRank 0 -> connection 0x15515c0067a8
atl1-1-03-013-3-0:1643706:1644264 [0] NCCL INFO transport/p2p.cc:218 Cuda Alloc Size 10485760 pointer 0x15510c000000
atl1-1-03-013-3-0:1643706:1644264 [0] NCCL INFO Allocated shareable buffer 0x15510c000000 size 10485760 ipcDesc 0x15515c01b760
atl1-1-03-013-3-0:1643706:1644264 [0] NCCL INFO proxyProgressAsync opId=0x16bec470 op.type=3 op.reqBuff=0x15515c03e4a0 op.respSize=80 done
atl1-1-03-013-3-0:1643706:1643706 [0] NCCL INFO ncclPollProxyResponse Received new opId=0x16bec470
atl1-1-03-013-3-0:1643706:1644264 [0] NCCL INFO Received and initiated operation=Setup res=0
atl1-1-03-013-3-0:1643706:1643706 [0] NCCL INFO resp.opId=0x16bec470 matches expected opId=0x16bec470
atl1-1-03-013-3-0:1643706:1644264 [0] NCCL INFO New proxy recv connection 52 from local rank 0, transport 0
atl1-1-03-013-3-0:1643706:1644264 [0] NCCL INFO proxyProgressAsync opId=0x16bec470 op.type=1 op.reqBuff=0x15515c03e4a0 op.respSize=16 done
atl1-1-03-013-3-0:1643706:1643706 [0] NCCL INFO ncclPollProxyResponse Received new opId=0x16bec470
atl1-1-03-013-3-0:1643706:1644264 [0] NCCL INFO Received and initiated operation=Init res=0
atl1-1-03-013-3-0:1643706:1643706 [0] NCCL INFO resp.opId=0x16bec470 matches expected opId=0x16bec470
atl1-1-03-013-3-0:1643706:1643706 [0] NCCL INFO Connected to proxy localRank 0 -> connection 0x15515c006820
atl1-1-03-013-3-0:1643706:1644264 [0] NCCL INFO transport/p2p.cc:218 Cuda Alloc Size 10485760 pointer 0x15510ca00000
atl1-1-03-013-3-0:1643706:1644264 [0] NCCL INFO Allocated shareable buffer 0x15510ca00000 size 10485760 ipcDesc 0x15515c01b760
atl1-1-03-013-3-0:1643706:1644264 [0] NCCL INFO proxyProgressAsync opId=0x16bec470 op.type=3 op.reqBuff=0x15515c03f180 op.respSize=80 done
atl1-1-03-013-3-0:1643706:1643706 [0] NCCL INFO ncclPollProxyResponse Received new opId=0x16bec470
atl1-1-03-013-3-0:1643706:1644264 [0] NCCL INFO Received and initiated operation=Setup res=0
atl1-1-03-013-3-0:1643706:1643706 [0] NCCL INFO resp.opId=0x16bec470 matches expected opId=0x16bec470
atl1-1-03-013-3-0:1643706:1644264 [0] NCCL INFO New proxy recv connection 53 from local rank 0, transport 0
atl1-1-03-013-3-0:1643706:1644264 [0] NCCL INFO proxyProgressAsync opId=0x16bec470 op.type=1 op.reqBuff=0x15515c03f180 op.respSize=16 done
atl1-1-03-013-3-0:1643706:1643706 [0] NCCL INFO ncclPollProxyResponse Received new opId=0x16bec470
atl1-1-03-013-3-0:1643706:1644264 [0] NCCL INFO Received and initiated operation=Init res=0
atl1-1-03-013-3-0:1643706:1643706 [0] NCCL INFO resp.opId=0x16bec470 matches expected opId=0x16bec470
atl1-1-03-013-3-0:1643706:1643706 [0] NCCL INFO Connected to proxy localRank 0 -> connection 0x15515c006898
atl1-1-03-013-3-0:1643706:1644264 [0] NCCL INFO transport/p2p.cc:218 Cuda Alloc Size 10485760 pointer 0x15510d400000
atl1-1-03-013-3-0:1643706:1644264 [0] NCCL INFO Allocated shareable buffer 0x15510d400000 size 10485760 ipcDesc 0x15515c01b760
atl1-1-03-013-3-0:1643706:1644264 [0] NCCL INFO proxyProgressAsync opId=0x16bec470 op.type=3 op.reqBuff=0x15515c040210 op.respSize=80 done
atl1-1-03-013-3-0:1643706:1643706 [0] NCCL INFO ncclPollProxyResponse Received new opId=0x16bec470
atl1-1-03-013-3-0:1643706:1644264 [0] NCCL INFO Received and initiated operation=Setup res=0
atl1-1-03-013-3-0:1643706:1643706 [0] NCCL INFO resp.opId=0x16bec470 matches expected opId=0x16bec470
atl1-1-03-013-3-0:1643706:1644264 [0] NCCL INFO New proxy recv connection 54 from local rank 0, transport 0
atl1-1-03-013-3-0:1643706:1644264 [0] NCCL INFO proxyProgressAsync opId=0x16bec470 op.type=1 op.reqBuff=0x15515c040210 op.respSize=16 done
atl1-1-03-013-3-0:1643706:1643706 [0] NCCL INFO ncclPollProxyResponse Received new opId=0x16bec470
atl1-1-03-013-3-0:1643706:1644264 [0] NCCL INFO Received and initiated operation=Init res=0
atl1-1-03-013-3-0:1643706:1643706 [0] NCCL INFO resp.opId=0x16bec470 matches expected opId=0x16bec470
atl1-1-03-013-3-0:1643706:1643706 [0] NCCL INFO Connected to proxy localRank 0 -> connection 0x15515c006910
atl1-1-03-013-3-0:1643706:1644264 [0] NCCL INFO transport/p2p.cc:218 Cuda Alloc Size 10485760 pointer 0x15510a000000
atl1-1-03-013-3-0:1643706:1644264 [0] NCCL INFO Allocated shareable buffer 0x15510a000000 size 10485760 ipcDesc 0x15515c01b760
atl1-1-03-013-3-0:1643706:1644264 [0] NCCL INFO proxyProgressAsync opId=0x16bec470 op.type=3 op.reqBuff=0x15515c040ef0 op.respSize=80 done
atl1-1-03-013-3-0:1643706:1643706 [0] NCCL INFO ncclPollProxyResponse Received new opId=0x16bec470
atl1-1-03-013-3-0:1643706:1644264 [0] NCCL INFO Received and initiated operation=Setup res=0
atl1-1-03-013-3-0:1643706:1643706 [0] NCCL INFO resp.opId=0x16bec470 matches expected opId=0x16bec470
atl1-1-03-013-3-0:1643706:1644264 [0] NCCL INFO New proxy recv connection 55 from local rank 0, transport 0
atl1-1-03-013-3-0:1643706:1644264 [0] NCCL INFO proxyProgressAsync opId=0x16bec470 op.type=1 op.reqBuff=0x15515c040ef0 op.respSize=16 done
atl1-1-03-013-3-0:1643706:1643706 [0] NCCL INFO ncclPollProxyResponse Received new opId=0x16bec470
atl1-1-03-013-3-0:1643706:1644264 [0] NCCL INFO Received and initiated operation=Init res=0
atl1-1-03-013-3-0:1643706:1643706 [0] NCCL INFO resp.opId=0x16bec470 matches expected opId=0x16bec470
atl1-1-03-013-3-0:1643706:1643706 [0] NCCL INFO Connected to proxy localRank 0 -> connection 0x15515c006988
atl1-1-03-013-3-0:1643706:1644264 [0] NCCL INFO transport/p2p.cc:218 Cuda Alloc Size 10485760 pointer 0x15510aa00000
atl1-1-03-013-3-0:1643706:1644264 [0] NCCL INFO Allocated shareable buffer 0x15510aa00000 size 10485760 ipcDesc 0x15515c01b760
atl1-1-03-013-3-0:1643706:1644264 [0] NCCL INFO proxyProgressAsync opId=0x16bec470 op.type=3 op.reqBuff=0x15515c041bd0 op.respSize=80 done
atl1-1-03-013-3-0:1643706:1643706 [0] NCCL INFO ncclPollProxyResponse Received new opId=0x16bec470
atl1-1-03-013-3-0:1643706:1644264 [0] NCCL INFO Received and initiated operation=Setup res=0
atl1-1-03-013-3-0:1643706:1643706 [0] NCCL INFO resp.opId=0x16bec470 matches expected opId=0x16bec470
atl1-1-03-013-3-0:1643706:1644264 [0] NCCL INFO New proxy recv connection 56 from local rank 0, transport 0
atl1-1-03-013-3-0:1643706:1644264 [0] NCCL INFO proxyProgressAsync opId=0x16bec470 op.type=1 op.reqBuff=0x15515c041bd0 op.respSize=16 done
atl1-1-03-013-3-0:1643706:1643706 [0] NCCL INFO ncclPollProxyResponse Received new opId=0x16bec470
atl1-1-03-013-3-0:1643706:1644264 [0] NCCL INFO Received and initiated operation=Init res=0
atl1-1-03-013-3-0:1643706:1643706 [0] NCCL INFO resp.opId=0x16bec470 matches expected opId=0x16bec470
atl1-1-03-013-3-0:1643706:1643706 [0] NCCL INFO Connected to proxy localRank 0 -> connection 0x15515c006a00
atl1-1-03-013-3-0:1643706:1644264 [0] NCCL INFO transport/p2p.cc:218 Cuda Alloc Size 10485760 pointer 0x15510b400000
atl1-1-03-013-3-0:1643706:1644264 [0] NCCL INFO Allocated shareable buffer 0x15510b400000 size 10485760 ipcDesc 0x15515c01b760
atl1-1-03-013-3-0:1643706:1644264 [0] NCCL INFO proxyProgressAsync opId=0x16bec470 op.type=3 op.reqBuff=0x15515c042c60 op.respSize=80 done
atl1-1-03-013-3-0:1643706:1643706 [0] NCCL INFO ncclPollProxyResponse Received new opId=0x16bec470
atl1-1-03-013-3-0:1643706:1644264 [0] NCCL INFO Received and initiated operation=Setup res=0
atl1-1-03-013-3-0:1643706:1643706 [0] NCCL INFO resp.opId=0x16bec470 matches expected opId=0x16bec470
atl1-1-03-013-3-0:1643706:1644264 [0] NCCL INFO New proxy recv connection 57 from local rank 0, transport 0
atl1-1-03-013-3-0:1643706:1644264 [0] NCCL INFO proxyProgressAsync opId=0x16bec470 op.type=1 op.reqBuff=0x15515c042c60 op.respSize=16 done
atl1-1-03-013-3-0:1643706:1643706 [0] NCCL INFO ncclPollProxyResponse Received new opId=0x16bec470
atl1-1-03-013-3-0:1643706:1644264 [0] NCCL INFO Received and initiated operation=Init res=0
atl1-1-03-013-3-0:1643706:1643706 [0] NCCL INFO resp.opId=0x16bec470 matches expected opId=0x16bec470
atl1-1-03-013-3-0:1643706:1643706 [0] NCCL INFO L INFO resp.opId=0x16c0c5f0 matches expected opId=0x16c0c5f0
atl1-1-03-013-3-0:1644001:1644001 [1] NCCL INFO Connected to proxy localRank 1 -> connection 0x155118006580
atl1-1-03-013-3-0:1644001:1644268 [1] NCCL INFO transport/p2p.cc:218 Cuda Alloc Size 10485760 pointer 0x15510aa00000
atl1-1-03-013-3-0:1644001:1644268 [1] NCCL INFO Allocated shareable buffer 0x15510aa00000 size 10485760 ipcDesc 0x15511801b4c0
atl1-1-03-013-3-0:1644001:1644268 [1] NCCL INFO proxyProgressAsync opId=0x16c0c5f0 op.type=3 op.reqBuff=0x15511803ef10 op.respSize=80 done
atl1-1-03-013-3-0:1644001:1644001 [1] NCCL INFO ncclPollProxyResponse Received new opId=0x16c0c5f0
atl1-1-03-013-3-0:1644001:1644268 [1] NCCL INFO Received and initiated operation=Setup res=0
atl1-1-03-013-3-0:1644001:1644001 [1] NCCL INFO resp.opId=0x16c0c5f0 matches expected opId=0x16c0c5f0
atl1-1-03-013-3-0:1644001:1644268 [1] NCCL INFO New proxy recv connection 53 from local rank 1, transport 0
atl1-1-03-013-3-0:1644001:1644268 [1] NCCL INFO proxyProgressAsync opId=0x16c0c5f0 op.type=1 op.reqBuff=0x15511803ef10 op.respSize=16 done
atl1-1-03-013-3-0:1644001:1644001 [1] NCCL INFO ncclPollProxyResponse Received new opId=0x16c0c5f0
atl1-1-03-013-3-0:1644001:1644268 [1] NCCL INFO Received and initiated operation=Init res=0
atl1-1-03-013-3-0:1644001:1644001 [1] NCCL INFO resp.opId=0x16c0c5f0 matches expected opId=0x16c0c5f0
atl1-1-03-013-3-0:1644001:1644001 [1] NCCL INFO Connected to proxy localRank 1 -> connection 0x1551180065f8
atl1-1-03-013-3-0:1644001:1644268 [1] NCCL INFO transport/p2p.cc:218 Cuda Alloc Size 10485760 pointer 0x15510b400000
atl1-1-03-013-3-0:1644001:1644268 [1] NCCL INFO Allocated shareable buffer 0x15510b400000 size 10485760 ipcDesc 0x15511801b4c0
atl1-1-03-013-3-0:1644001:1644268 [1] NCCL INFO proxyProgressAsync opId=0x16c0c5f0 op.type=3 op.reqBuff=0x15511803ffa0 op.respSize=80 done
atl1-1-03-013-3-0:1644001:1644001 [1] NCCL INFO ncclPollProxyResponse Received new opId=0x16c0c5f0
atl1-1-03-013-3-0:1644001:1644268 [1] NCCL INFO Received and initiated operation=Setup res=0
atl1-1-03-013-3-0:1644001:1644001 [1] NCCL INFO resp.opId=0x16c0c5f0 matches expected opId=0x16c0c5f0
atl1-1-03-013-3-0:1644001:1644268 [1] NCCL INFO New proxy recv connection 54 from local rank 1, transport 0
atl1-1-03-013-3-0:1644001:1644268 [1] NCCL INFO proxyProgressAsync opId=0x16c0c5f0 op.type=1 op.reqBuff=0x15511803ffa0 op.respSize=16 done
atl1-1-03-013-3-0:1644001:1644001 [1] NCCL INFO ncclPollProxyResponse Received new opId=0x16c0c5f0
atl1-1-03-013-3-0:1644001:1644268 [1] NCCL INFO Received and initiated operation=Init res=0
atl1-1-03-013-3-0:1644001:1644001 [1] NCCL INFO resp.opId=0x16c0c5f0 matches expected opId=0x16c0c5f0
atl1-1-03-013-3-0:1644001:1644001 [1] NCCL INFO Connected to proxy localRank 1 -> connection 0x155118006670
atl1-1-03-013-3-0:1644001:1644268 [1] NCCL INFO transport/p2p.cc:218 Cuda Alloc Size 10485760 pointer 0x155108000000
atl1-1-03-013-3-0:1644001:1644268 [1] NCCL INFO Allocated shareable buffer 0x155108000000 size 10485760 ipcDesc 0x15511801b4c0
atl1-1-03-013-3-0:1644001:1644268 [1] NCCL INFO proxyProgressAsync opId=0x16c0c5f0 op.type=3 op.reqBuff=0x155118040c80 op.respSize=80 done
atl1-1-03-013-3-0:1644001:1644001 [1] NCCL INFO ncclPollProxyResponse Received new opId=0x16c0c5f0
atl1-1-03-013-3-0:1644001:1644268 [1] NCCL INFO Received and initiated operation=Setup res=0
atl1-1-03-013-3-0:1644001:1644001 [1] NCCL INFO resp.opId=0x16c0c5f0 matches expected opId=0x16c0c5f0
atl1-1-03-013-3-0:1644001:1644268 [1] NCCL INFO New proxy recv connection 55 from local rank 1, transport 0
atl1-1-03-013-3-0:1644001:1644268 [1] NCCL INFO proxyProgressAsync opId=0x16c0c5f0 op.type=1 op.reqBuff=0x155118040c80 op.respSize=16 done
atl1-1-03-013-3-0:1644001:1644001 [1] NCCL INFO ncclPollProxyResponse Received new opId=0x16c0c5f0
atl1-1-03-013-3-0:1644001:1644268 [1] NCCL INFO Received and initiated operation=Init res=0
atl1-1-03-013-3-0:1644001:1644001 [1] NCCL INFO resp.opId=0x16c0c5f0 matches expected opId=0x16c0c5f0
atl1-1-03-013-3-0:1644001:1644001 [1] NCCL INFO Connected to proxy localRank 1 -> connection 0x1551180066e8
atl1-1-03-013-3-0:1644001:1644268 [1] NCCL INFO transport/p2p.cc:218 Cuda Alloc Size 10485760 pointer 0x155108a00000
atl1-1-03-013-3-0:1644001:1644268 [1] NCCL INFO Allocated shareable buffer 0x155108a00000 size 10485760 ipcDesc 0x15511801b4c0
atl1-1-03-013-3-0:1644001:1644268 [1] NCCL INFO proxyProgressAsync opId=0x16c0c5f0 op.type=3 op.reqBuff=0x155118041960 op.respSize=80 done
atl1-1-03-013-3-0:1644001:1644001 [1] NCCL INFO ncclPollProxyResponse Received new opId=0x16c0c5f0
atl1-1-03-013-3-0:1644001:1644268 [1] NCCL INFO Received and initiated operation=Setup res=0
atl1-1-03-013-3-0:1644001:1644001 [1] NCCL INFO resp.opId=0x16c0c5f0 matches expected opId=0x16c0c5f0
atl1-1-03-013-3-0:1644001:1644268 [1] NCCL INFO New proxy recv connection 56 from local rank 1, transport 0
atl1-1-03-013-3-0:1644001:1644268 [1] NCCL INFO proxyProgressAsync opId=0x16c0c5f0 op.type=1 op.reqBuff=0x155118041960 op.respSize=16 done
atl1-1-03-013-3-0:1644001:1644001 [1] NCCL INFO ncclPollProxyResponse Received new opId=0x16c0c5f0
atl1-1-03-013-3-0:1644001:1644268 [1] NCCL INFO Received and initiated operation=Init res=0
atl1-1-03-013-3-0:1644001:1644001 [1] NCCL INFO resp.opId=0x16c0c5f0 matches expected opId=0x16c0c5f0
atl1-1-03-013-3-0:1644001:1644001 [1] NCCL INFO Connected to proxy localRank 1 -> connection 0x155118006760
atl1-1-03-013-3-0:1644001:1644268 [1] NCCL INFO transport/p2p.cc:218 Cuda Alloc Size 10485760 pointer 0x155109400000
atl1-1-03-013-3-0:1644001:1644268 [1] NCCL INFO Allocated shareable buffer 0x155109400000 size 10485760 ipcDesc 0x15511801b4c0
atl1-1-03-013-3-0:1644001:1644268 [1] NCCL INFO proxyProgressAsync opId=0x16c0c5f0 op.type=3 op.reqBuff=0x1551180429f0 op.respSize=80 done
atl1-1-03-013-3-0:1644001:1644001 [1] NCCL INFO ncclPollProxyResponse Received new opId=0x16c0c5f0
atl1-1-03-013-3-0:1644001:1644268 [1] NCCL INFO Received and initiated operation=Setup res=0
atl1-1-03-013-3-0:1644001:1644001 [1] NCCL INFO resp.opId=0x16c0c5f0 matches expected opId=0x16c0c5f0
atl1-1-03-013-3-0:1644001:1644268 [1] NCCL INFO New proxy recv connection 57 from local rank 1, transport 0
atl1-1-03-013-3-0:1644001:1644268 [1] NCCL INFO proxyProgressAsync opId=0x16c0c5f0 op.type=1 op.reqBuff=0x1551180429f0 op.respSize=16 done
atl1-1-03-013-3-0:1644001:1644001 [1] NCCL INFO ncclPollProxyResponse Received new opId=0x16c0c5f0
atl1-1-03-013-3-0:1644001:1644268 [1] NCCL INFO Received and initiated operation=Init res=0
atl1-1-03-013-3-0:1644001:1644001 [1] NCCL INFO resp.opId=0x16c0c5f0 matches expected opId=0x16c0c5f0
atl1-1-03-013-3-0:1644001:1644001 [1] NCCL INFO Connected to proxy localRank 1 -> connection 0x1551180067d8
atl1-1-03-013-3-0:1644001:1644268 [1] NCCL INFO transport/p2p.cc:218 Cuda Alloc Size 10485760 pointer 0x155106000000
atl1-1-03-013-3-0:1644001:1644268 [1] NCCL INFO Allocated shareable buffer 0x155106000000 size 10485760 ipcDesc 0x15511801b4c0
atl1-1-03-013-3-0:1644001:1644268 [1] NCCL INFO proxyProgressAsync opId=0x16c0c5f0 op.type=3 op.reqBuff=0x1551180436d0 op.respSize=80 done
atl1-1-03-013-3-0:1644001:1644001 [1] NCCL INFO ncclPollProxyResponse Received new opId=0x16c0c5f0
atl1-1-03-013-3-0:1644001:1644268 [1] NCCL INFO Received and initiated operation=Setup res=0
atl1-1-03-013-3-0:1644001:1644001 [1] NCCL INFO resp.opId=0x16c0c5f0 matches expected opId=0x16c0c5f0
atl1-1-03-013-3-0:1644001:1644268 [1] NCCL INFO New proxy recv connection 58 from local rank 1, transport 0
atl1-1-03-013-3-0:1644001:1644268 [1] NCCL INFO proxyProgressAsync opId=0x16c0c5f0 op.type=1 op.reqBuff=0x1551180436d0 op.respSize=16 done
atl1-1-03-013-3-0:1644001:1644001 [1] NCCL INFO ncclPollProxyResponse Received new opId=0x16c0c5f0
atl1-1-03-013-3-0:1644001:1644268 [1] NCCL INFO Received and initiated operation=Init res=0
atl1-1-03-013-3-0:1644001:1644001 [1] NCCL INFO resp.opId=0x16c0c5f0 matches expected opId=0x16c0c5f0
atl1-1-03-013-3-0:1644001:1644001 [1] NCCL INFO Connected to proxy localRank 1 -> connection 0x155118006850
atl1-1-03-013-3-0:1644001:1644268 [1] NCCL INFO transport/p2p.cc:218 Cuda=Init res=0
atl1-1-03-013-3-0:1644110:1644110 [3] NCCL INFO resp.opId=0x16c28e20 matches expected opId=0x16c28e20
atl1-1-03-013-3-0:1644110:1644110 [3] NCCL INFO Connected to proxy localRank 3 -> connection 0x1551100065f8
atl1-1-03-013-3-0:1644110:1644262 [3] NCCL INFO transport/p2p.cc:218 Cuda Alloc Size 2097152 pointer 0x155101a00000
atl1-1-03-013-3-0:1644110:1644262 [3] NCCL INFO Allocated shareable buffer 0x155101a00000 size 2097152 ipcDesc 0x15511001b4c0
atl1-1-03-013-3-0:1644110:1644262 [3] NCCL INFO proxyProgressAsync opId=0x16c28e20 op.type=3 op.reqBuff=0x15511003f5c0 op.respSize=80 done
atl1-1-03-013-3-0:1644110:1644110 [3] NCCL INFO ncclPollProxyResponse Received new opId=0x16c28e20
atl1-1-03-013-3-0:1644110:1644262 [3] NCCL INFO Received and initiated operation=Setup res=0
atl1-1-03-013-3-0:1644110:1644110 [3] NCCL INFO resp.opId=0x16c28e20 matches expected opId=0x16c28e20
atl1-1-03-013-3-0:1644110:1644110 [3] NCCL INFO Channel 06/0 : 3[3] -> 2[2] via P2P/IPC
atl1-1-03-013-3-0:1644110:1644262 [3] NCCL INFO New proxy send connection 54 from local rank 3, transport 0
atl1-1-03-013-3-0:1644110:1644262 [3] NCCL INFO proxyProgressAsync opId=0x16c28e20 op.type=1 op.reqBuff=0x15511003f5c0 op.respSize=16 done
atl1-1-03-013-3-0:1644110:1644110 [3] NCCL INFO ncclPollProxyResponse Received new opId=0x16c28e20
atl1-1-03-013-3-0:1644110:1644262 [3] NCCL INFO Received and initiated operation=Init res=0
atl1-1-03-013-3-0:1644110:1644110 [3] NCCL INFO resp.opId=0x16c28e20 matches expected opId=0x16c28e20
atl1-1-03-013-3-0:1644110:1644110 [3] NCCL INFO Connected to proxy localRank 3 -> connection 0x155110006670
atl1-1-03-013-3-0:1644110:1644262 [3] NCCL INFO transport/p2p.cc:218 Cuda Alloc Size 2097152 pointer 0x155101c00000
atl1-1-03-013-3-0:1644110:1644262 [3] NCCL INFO Allocated shareable buffer 0x155101c00000 size 2097152 ipcDesc 0x15511001b4c0
atl1-1-03-013-3-0:1644110:1644262 [3] NCCL INFO proxyProgressAsync opId=0x16c28e20 op.type=3 op.reqBuff=0x1551100402a0 op.respSize=80 done
atl1-1-03-013-3-0:1644110:1644110 [3] NCCL INFO ncclPollProxyResponse Received new opId=0x16c28e20
atl1-1-03-013-3-0:1644110:1644262 [3] NCCL INFO Received and initiated operation=Setup res=0
atl1-1-03-013-3-0:1644110:1644110 [3] NCCL INFO resp.opId=0x16c28e20 matches expected opId=0x16c28e20
atl1-1-03-013-3-0:1644110:1644110 [3] NCCL INFO Channel 07/0 : 3[3] -> 2[2] via P2P/IPC
atl1-1-03-013-3-0:1644110:1644262 [3] NCCL INFO New proxy send connection 55 from local rank 3, transport 0
atl1-1-03-013-3-0:1644110:1644262 [3] NCCL INFO proxyProgressAsync opId=0x16c28e20 op.type=1 op.reqBuff=0x1551100402a0 op.respSize=16 done
atl1-1-03-013-3-0:1644110:1644110 [3] NCCL INFO ncclPollProxyResponse Received new opId=0x16c28e20
atl1-1-03-013-3-0:1644110:1644262 [3] NCCL INFO Received and initiated operation=Init res=0
atl1-1-03-013-3-0:1644110:1644110 [3] NCCL INFO resp.opId=0x16c28e20 matches expected opId=0x16c28e20
atl1-1-03-013-3-0:1644110:1644110 [3] NCCL INFO Connected to proxy localRank 3 -> connection 0x1551100066e8
atl1-1-03-013-3-0:1644110:1644262 [3] NCCL INFO transport/p2p.cc:218 Cuda Alloc Size 2097152 pointer 0x155101e00000
atl1-1-03-013-3-0:1644110:1644262 [3] NCCL INFO Allocated shareable buffer 0x155101e00000 size 2097152 ipcDesc 0x15511001b4c0
atl1-1-03-013-3-0:1644110:1644262 [3] NCCL INFO proxyProgressAsync opId=0x16c28e20 op.type=3 op.reqBuff=0x155110040f80 op.respSize=80 done
atl1-1-03-013-3-0:1644110:1644110 [3] NCCL INFO ncclPollProxyResponse Received new opId=0x16c28e20
atl1-1-03-013-3-0:1644110:1644262 [3] NCCL INFO Received and initiated operation=Setup res=0
atl1-1-03-013-3-0:1644110:1644110 [3] NCCL INFO resp.opId=0x16c28e20 matches expected opId=0x16c28e20
atl1-1-03-013-3-0:1644110:1644110 [3] NCCL INFO Channel 08/0 : 3[3] -> 2[2] via P2P/IPC
atl1-1-03-013-3-0:1644110:1644262 [3] NCCL INFO New proxy send connection 56 from local rank 3, transport 0
atl1-1-03-013-3-0:1644110:1644262 [3] NCCL INFO proxyProgressAsync opId=0x16c28e20 op.type=1 op.reqBuff=0x155110040f80 op.respSize=16 done
atl1-1-03-013-3-0:1644110:1644110 [3] NCCL INFO ncclPollProxyResponse Received new opId=0x16c28e20
atl1-1-03-013-3-0:1644110:1644262 [3] NCCL INFO Received and initiated operation=Init res=0
atl1-1-03-013-3-0:1644110:1644110 [3] NCCL INFO resp.opId=0x16c28e20 matches expected opId=0x16c28e20
atl1-1-03-013-3-0:1644110:1644110 [3] NCCL INFO Connected to proxy localRank 3 -> connection 0x155110006760
atl1-1-03-013-3-0:1644110:1644262 [3] NCCL INFO transport/p2p.cc:218 Cuda Alloc Size 2097152 pointer 0x155103800000
atl1-1-03-013-3-0:1644110:1644262 [3] NCCL INFO Allocated shareable buffer 0x155103800000 size 2097152 ipcDesc 0x15511001b4c0
atl1-1-03-013-3-0:1644110:1644262 [3] NCCL INFO proxyProgressAsync opId=0x16c28e20 op.type=3 op.reqBuff=0x155110041c60 op.respSize=80 done
atl1-1-03-013-3-0:1644110:1644110 [3] NCCL INFO ncclPollProxyResponse Received new opId=0x16c28e20
atl1-1-03-013-3-0:1644110:1644262 [3] NCCL INFO Received and initiated operation=Setup res=0
atl1-1-03-013-3-0:1644110:1644110 [3] NCCL INFO resp.opId=0x16c28e20 matches expected opId=0x16c28e20
atl1-1-03-013-3-0:1644110:1644110 [3] NCCL INFO Channel 09/0 : 3[3] -> 2[2] via P2P/IPC
atl1-1-03-013-3-0:1644110:1644262 [3] NCCL INFO New proxy send connection 57 from local rank 3, transport 0
atl1-1-03-013-3-0:1644110:1644262 [3] NCCL INFO proxyProgressAsync opId=0x16c28e20 op.type=1 op.reqBuff=0x155110041c60 op.respSize=16 done
atl1-1-03-013-3-0:1644110:1644110 [3] NCCL INFO ncclPollProxyResponse Received new opId=0x16c28e20
atl1-1-03-013-3-0:1644110:1644262 [3] NCCL INFO Received and initiated operation=Init res=0
atl1-1-03-013-3-0:1644110:1644110 [3] NCCL INFO resp.opId=0x16c28e20 matches expected opId=0x16c28e20
atl1-1-03-013-3-0:1644110:1644110 [3] NCCL INFO Connected to proxy localRank 3 -> connection 0x1551100067d8
atl1-1-03-013-3-0:1644110:1644262 [3] NCCL INFO transport/p2p.cc:218 Cuda Alloc Size 2097152 pointer 0x155103a00000
atl1-1-03-013-3-0:1644110:1644262 [3] NCCL INFO Allocated shareable buffer 0x155103a00000 size 2097152 ipcDesc 0x15511001b4c0
atl1-1-03-013-3-0:1644110:1644262 [3] NCCL INFO proxyProgressAsync opId=0x16c28e20 op.type=3 op.reqBuff=0x1551100426c0 op.respSize=80 done
atl1-1-03-013-3-0:1644110:1644110 [3] NCCL INFO ncclPollProxyResponse Received new opId=0x16c28e20
atl1-1-03-013-3-0:1644110:1644262 [3] NCCL INFO Received and initiated operation=Setup res=0
atl1-1-03-013-3-0:1644110:1644110 [3] NCCL INFO resp.opId=0x16c28e20 matches expected opId=0x16c28e20
atl1-1-03-013-3-0:1644110:1644110 [3] NCCL INFO Channel 10/0 : 3[3] -> 2[2] via P2P/IPC
atl1-1-03-013-3-0:1644110:1644262 [3] NCCL INFO New proxy send connection 58 from local rank 3, transport 0
atl1-1-03-013-3-0:1644110:1644262 [3] NCCL INFO proxyProgressAsync opId=0x16c28e20 op.type=1 op.reqBuff=0x1551100426c0 op.respSize=16 done
atl1-1-03-013-3-0:1644110:1644110 [3] NCCL INFO ncclPollProxyResponse Received new opId=0x16c28e20
atl1-1-03-013-3-0:1644110:1644262 [3] NCCL INFO Received and initiated operation=Init res=0
atl1-1-03-013-3-0:1644110:1644110 [3] NCCL INFO resp.opId=0x16c28e20 matches expected opId=0x16c28e20
atl1-1-03-013-3-0:1644110:1644110 [3] NCCL INFO Connected to proxy localRank 3 -> connection 0x155110006850
atl1-1-03-013-3-0:1644110:1644262 [3] NCCL INFO transport/p2p.cc:218 Cuda Alloc Size 2097152 pointer 0x155103c00000
atl1-1-03-013-3-0:1644110:1644262 [3] NCCL INFO Allocated shareable buffer 0x155103c00000 size 2097152 ipcDesc 0x15511001b4c0
atl1-1-03-013-3-0:1644110:1644262 [3] NCCL INFO proxyProgressAsync opId=0x16c28e20 op.type=3 op.reqBuff=0x1551100433a0 op.respSize=80 done
atl1-1-03-013-3-0:1644110:1644110 [3] NCCL INFO ncclPollProxyResponse Received new opId=0x16c28e20
atl1-1-03-013-3-0:1644110:1644262 [3] NCCL INFO Received and initiated operation=Setup res=0
atl1-1-03-013-3-0:1644110:1644110 [3] NCCL INFO resp.opId=0x16c28e20 matches expected opId=0x16c28e20
atl1-1-03-013-3-0:1644110:1644110 [3] NCCL INFO Channel 11/0 : 3[3] -> 2[2] via P2P/IPC
atl1-1-03-013-3-0:1644110:1644262 [3] NCCL INFO New proxy send connection 59 from local rank 3, transport 0
atl1-1-03-013-3-0:1644110:1644262 [3] NCCL Iba0f10 op.type=3 op.reqBuff=0x15511403fdc0 op.respSize=80 done
atl1-1-03-013-3-0:1644063:1644063 [2] NCCL INFO ncclPollProxyResponse Received new opId=0x16ba0f10
atl1-1-03-013-3-0:1644063:1644266 [2] NCCL INFO Received and initiated operation=Setup res=0
atl1-1-03-013-3-0:1644063:1644063 [2] NCCL INFO resp.opId=0x16ba0f10 matches expected opId=0x16ba0f10
atl1-1-03-013-3-0:1644063:1644266 [2] NCCL INFO New proxy recv connection 54 from local rank 2, transport 0
atl1-1-03-013-3-0:1644063:1644266 [2] NCCL INFO proxyProgressAsync opId=0x16ba0f10 op.type=1 op.reqBuff=0x15511403fdc0 op.respSize=16 done
atl1-1-03-013-3-0:1644063:1644063 [2] NCCL INFO ncclPollProxyResponse Received new opId=0x16ba0f10
atl1-1-03-013-3-0:1644063:1644266 [2] NCCL INFO Received and initiated operation=Init res=0
atl1-1-03-013-3-0:1644063:1644063 [2] NCCL INFO resp.opId=0x16ba0f10 matches expected opId=0x16ba0f10
atl1-1-03-013-3-0:1644063:1644063 [2] NCCL INFO Connected to proxy localRank 2 -> connection 0x155114006670
atl1-1-03-013-3-0:1644063:1644266 [2] NCCL INFO transport/p2p.cc:218 Cuda Alloc Size 10485760 pointer 0x155106000000
atl1-1-03-013-3-0:1644063:1644266 [2] NCCL INFO Allocated shareable buffer 0x155106000000 size 10485760 ipcDesc 0x15511401b4c0
atl1-1-03-013-3-0:1644063:1644266 [2] NCCL INFO proxyProgressAsync opId=0x16ba0f10 op.type=3 op.reqBuff=0x155114040aa0 op.respSize=80 done
atl1-1-03-013-3-0:1644063:1644063 [2] NCCL INFO ncclPollProxyResponse Received new opId=0x16ba0f10
atl1-1-03-013-3-0:1644063:1644266 [2] NCCL INFO Received and initiated operation=Setup res=0
atl1-1-03-013-3-0:1644063:1644063 [2] NCCL INFO resp.opId=0x16ba0f10 matches expected opId=0x16ba0f10
atl1-1-03-013-3-0:1644063:1644266 [2] NCCL INFO New proxy recv connection 55 from local rank 2, transport 0
atl1-1-03-013-3-0:1644063:1644266 [2] NCCL INFO proxyProgressAsync opId=0x16ba0f10 op.type=1 op.reqBuff=0x155114040aa0 op.respSize=16 done
atl1-1-03-013-3-0:1644063:1644063 [2] NCCL INFO ncclPollProxyResponse Received new opId=0x16ba0f10
atl1-1-03-013-3-0:1644063:1644266 [2] NCCL INFO Received and initiated operation=Init res=0
atl1-1-03-013-3-0:1644063:1644063 [2] NCCL INFO resp.opId=0x16ba0f10 matches expected opId=0x16ba0f10
atl1-1-03-013-3-0:1644063:1644063 [2] NCCL INFO Connected to proxy localRank 2 -> connection 0x1551140066e8
atl1-1-03-013-3-0:1644063:1644266 [2] NCCL INFO transport/p2p.cc:218 Cuda Alloc Size 10485760 pointer 0x155106a00000
atl1-1-03-013-3-0:1644063:1644266 [2] NCCL INFO Allocated shareable buffer 0x155106a00000 size 10485760 ipcDesc 0x15511401b4c0
atl1-1-03-013-3-0:1644063:1644266 [2] NCCL INFO proxyProgressAsync opId=0x16ba0f10 op.type=3 op.reqBuff=0x155114041780 op.respSize=80 done
atl1-1-03-013-3-0:1644063:1644063 [2] NCCL INFO ncclPollProxyResponse Received new opId=0x16ba0f10
atl1-1-03-013-3-0:1644063:1644266 [2] NCCL INFO Received and initiated operation=Setup res=0
atl1-1-03-013-3-0:1644063:1644063 [2] NCCL INFO resp.opId=0x16ba0f10 matches expected opId=0x16ba0f10
atl1-1-03-013-3-0:1644063:1644266 [2] NCCL INFO New proxy recv connection 56 from local rank 2, transport 0
atl1-1-03-013-3-0:1644063:1644266 [2] NCCL INFO proxyProgressAsync opId=0x16ba0f10 op.type=1 op.reqBuff=0x155114041780 op.respSize=16 done
atl1-1-03-013-3-0:1644063:1644063 [2] NCCL INFO ncclPollProxyResponse Received new opId=0x16ba0f10
atl1-1-03-013-3-0:1644063:1644266 [2] NCCL INFO Received and initiated operation=Init res=0
atl1-1-03-013-3-0:1644063:1644063 [2] NCCL INFO resp.opId=0x16ba0f10 matches expected opId=0x16ba0f10
atl1-1-03-013-3-0:1644063:1644063 [2] NCCL INFO Connected to proxy localRank 2 -> connection 0x155114006760
atl1-1-03-013-3-0:1644063:1644266 [2] NCCL INFO transport/p2p.cc:218 Cuda Alloc Size 10485760 pointer 0x155107400000
atl1-1-03-013-3-0:1644063:1644266 [2] NCCL INFO Allocated shareable buffer 0x155107400000 size 10485760 ipcDesc 0x15511401b4c0
atl1-1-03-013-3-0:1644063:1644266 [2] NCCL INFO proxyProgressAsync opId=0x16ba0f10 op.type=3 op.reqBuff=0x155114042810 op.respSize=80 done
atl1-1-03-013-3-0:1644063:1644063 [2] NCCL INFO ncclPollProxyResponse Received new opId=0x16ba0f10
atl1-1-03-013-3-0:1644063:1644266 [2] NCCL INFO Received and initiated operation=Setup res=0
atl1-1-03-013-3-0:1644063:1644063 [2] NCCL INFO resp.opId=0x16ba0f10 matches expected opId=0x16ba0f10
atl1-1-03-013-3-0:1644063:1644266 [2] NCCL INFO New proxy recv connection 57 from local rank 2, transport 0
atl1-1-03-013-3-0:1644063:1644266 [2] NCCL INFO proxyProgressAsync opId=0x16ba0f10 op.type=1 op.reqBuff=0x155114042810 op.respSize=16 done
atl1-1-03-013-3-0:1644063:1644063 [2] NCCL INFO ncclPollProxyResponse Received new opId=0x16ba0f10
atl1-1-03-013-3-0:1644063:1644266 [2] NCCL INFO Received and initiated operation=Init res=0
atl1-1-03-013-3-0:1644063:1644063 [2] NCCL INFO resp.opId=0x16ba0f10 matches expected opId=0x16ba0f10
atl1-1-03-013-3-0:1644063:1644063 [2] NCCL INFO Connected to proxy localRank 2 -> connection 0x1551140067d8
atl1-1-03-013-3-0:1644063:1644266 [2] NCCL INFO transport/p2p.cc:218 Cuda Alloc Size 10485760 pointer 0x155104000000
atl1-1-03-013-3-0:1644063:1644266 [2] NCCL INFO Allocated shareable buffer 0x155104000000 size 10485760 ipcDesc 0x15511401b4c0
atl1-1-03-013-3-0:1644063:1644266 [2] NCCL INFO proxyProgressAsync opId=0x16ba0f10 op.type=3 op.reqBuff=0x1551140434f0 op.respSize=80 done
atl1-1-03-013-3-0:1644063:1644063 [2] NCCL INFO ncclPollProxyResponse Received new opId=0x16ba0f10
atl1-1-03-013-3-0:1644063:1644266 [2] NCCL INFO Received and initiated operation=Setup res=0
atl1-1-03-013-3-0:1644063:1644063 [2] NCCL INFO resp.opId=0x16ba0f10 matches expected opId=0x16ba0f10
atl1-1-03-013-3-0:1644063:1644266 [2] NCCL INFO New proxy recv connection 58 from local rank 2, transport 0
atl1-1-03-013-3-0:1644063:1644266 [2] NCCL INFO proxyProgressAsync opId=0x16ba0f10 op.type=1 op.reqBuff=0x1551140434f0 op.respSize=16 done
atl1-1-03-013-3-0:1644063:1644063 [2] NCCL INFO ncclPollProxyResponse Received new opId=0x16ba0f10
atl1-1-03-013-3-0:1644063:1644266 [2] NCCL INFO Received and initiated operation=Init res=0
atl1-1-03-013-3-0:1644063:1644063 [2] NCCL INFO resp.opId=0x16ba0f10 matches expected opId=0x16ba0f10
atl1-1-03-013-3-0:1644063:1644063 [2] NCCL INFO Connected to proxy localRank 2 -> connection 0x155114006850
atl1-1-03-013-3-0:1644063:1644266 [2] NCCL INFO transport/p2p.cc:218 Cuda Alloc Size 10485760 pointer 0x155104a00000
atl1-1-03-013-3-0:1644063:1644266 [2] NCCL INFO Allocated shareable buffer 0x155104a00000 size 10485760 ipcDesc 0x15511401b4c0
atl1-1-03-013-3-0:1644063:1644266 [2] NCCL INFO proxyProgressAsync opId=0x16ba0f10 op.type=3 op.reqBuff=0x1551140441d0 op.respSize=80 done
atl1-1-03-013-3-0:1644063:1644063 [2] NCCL INFO ncclPollProxyResponse Received new opId=0x16ba0f10
atl1-1-03-013-3-0:1644063:1644266 [2] NCCL INFO Received and initiated operation=Setup res=0
atl1-1-03-013-3-0:1644063:1644063 [2] NCCL INFO resp.opId=0x16ba0f10 matches expected opId=0x16ba0f10
atl1-1-03-013-3-0:1644063:1644266 [2] NCCL INFO New proxy recv connection 59 from local rank 2, transport 0
atl1-1-03-013-3-0:1644063:1644266 [2] NCCL INFO proxyProgressAsync opId=0x16ba0f10 op.type=1 op.reqBuff=0x1551140441d0 op.respSize=16 done
atl1-1-03-013-3-0:1644063:1644063 [2] NCCL INFO ncclPollProxyResponse Received new opId=0x16ba0f10
atl1-1-03-013-3-0:1644063:1644266 [2] NCCL INFO Received and initiated operation=Init res=0
atl1-1-03-013-3-0:1644063:1644063 [2] NCCL INFO resp.opId=0x16ba0f10 matches expected opId=0x16ba0f10
atl1-1-03-013-3-0:1644063:1644063 [2] NCCL INFO Connected to proxy localRank 2 -> connection 0x1551140068c8
atl1-1-03-013-3-0:1644063:1644266 [2] NCCL INFO transport/p2p.cc:218 Cuda Alloc Size 10485760 pointer 0x155105400000
atl1-1-03-013-3-0:1644063:1644266 [2] NCCL INFO Allocated shareable buffer 0x155105400000 size 10485760 ipcDesc 0x15511401b4c0
atl1-1-03-013-3-0:1644063:1644266 [2] NCCL INFO proxyProgressAsync opId=0x16ba0f10 op.type=3 op.reqBuff=0x155114045260 op.respSize=80 done
atl1-1-03-013-3-0:1644063:1644063 [2] NCCL INFO ncclPollProxyResponse Received new opId=0x16ba0f10
atl1-1-03-013-3-0:1644063:1644266 [2] NCCL INFO Received and initiated operationConnected to proxy localRank 0 -> connection 0x15515c006a78
atl1-1-03-013-3-0:1643706:1644264 [0] NCCL INFO transport/p2p.cc:218 Cuda Alloc Size 10485760 pointer 0x155108000000
atl1-1-03-013-3-0:1643706:1644264 [0] NCCL INFO Allocated shareable buffer 0x155108000000 size 10485760 ipcDesc 0x15515c01b760
atl1-1-03-013-3-0:1643706:1644264 [0] NCCL INFO proxyProgressAsync opId=0x16bec470 op.type=3 op.reqBuff=0x15515c043940 op.respSize=80 done
atl1-1-03-013-3-0:1643706:1643706 [0] NCCL INFO ncclPollProxyResponse Received new opId=0x16bec470
atl1-1-03-013-3-0:1643706:1644264 [0] NCCL INFO Received and initiated operation=Setup res=0
atl1-1-03-013-3-0:1643706:1643706 [0] NCCL INFO resp.opId=0x16bec470 matches expected opId=0x16bec470
atl1-1-03-013-3-0:1643706:1644264 [0] NCCL INFO New proxy recv connection 58 from local rank 0, transport 0
atl1-1-03-013-3-0:1643706:1644264 [0] NCCL INFO proxyProgressAsync opId=0x16bec470 op.type=1 op.reqBuff=0x15515c043940 op.respSize=16 done
atl1-1-03-013-3-0:1643706:1643706 [0] NCCL INFO ncclPollProxyResponse Received new opId=0x16bec470
atl1-1-03-013-3-0:1643706:1644264 [0] NCCL INFO Received and initiated operation=Init res=0
atl1-1-03-013-3-0:1643706:1643706 [0] NCCL INFO resp.opId=0x16bec470 matches expected opId=0x16bec470
atl1-1-03-013-3-0:1643706:1643706 [0] NCCL INFO Connected to proxy localRank 0 -> connection 0x15515c006af0
atl1-1-03-013-3-0:1643706:1644264 [0] NCCL INFO transport/p2p.cc:218 Cuda Alloc Size 10485760 pointer 0x155108a00000
atl1-1-03-013-3-0:1643706:1644264 [0] NCCL INFO Allocated shareable buffer 0x155108a00000 size 10485760 ipcDesc 0x15515c01b760
atl1-1-03-013-3-0:1643706:1644264 [0] NCCL INFO proxyProgressAsync opId=0x16bec470 op.type=3 op.reqBuff=0x15515c044620 op.respSize=80 done
atl1-1-03-013-3-0:1643706:1643706 [0] NCCL INFO ncclPollProxyResponse Received new opId=0x16bec470
atl1-1-03-013-3-0:1643706:1644264 [0] NCCL INFO Received and initiated operation=Setup res=0
atl1-1-03-013-3-0:1643706:1643706 [0] NCCL INFO resp.opId=0x16bec470 matches expected opId=0x16bec470
atl1-1-03-013-3-0:1643706:1644264 [0] NCCL INFO New proxy recv connection 59 from local rank 0, transport 0
atl1-1-03-013-3-0:1643706:1644264 [0] NCCL INFO proxyProgressAsync opId=0x16bec470 op.type=1 op.reqBuff=0x15515c044620 op.respSize=16 done
atl1-1-03-013-3-0:1643706:1643706 [0] NCCL INFO ncclPollProxyResponse Received new opId=0x16bec470
atl1-1-03-013-3-0:1643706:1644264 [0] NCCL INFO Received and initiated operation=Init res=0
atl1-1-03-013-3-0:1643706:1643706 [0] NCCL INFO resp.opId=0x16bec470 matches expected opId=0x16bec470
atl1-1-03-013-3-0:1643706:1643706 [0] NCCL INFO Connected to proxy localRank 0 -> connection 0x15515c006b68
atl1-1-03-013-3-0:1643706:1644264 [0] NCCL INFO transport/p2p.cc:218 Cuda Alloc Size 10485760 pointer 0x155109400000
atl1-1-03-013-3-0:1643706:1644264 [0] NCCL INFO Allocated shareable buffer 0x155109400000 size 10485760 ipcDesc 0x15515c01b760
atl1-1-03-013-3-0:1643706:1644264 [0] NCCL INFO proxyProgressAsync opId=0x16bec470 op.type=3 op.reqBuff=0x15515c0456b0 op.respSize=80 done
atl1-1-03-013-3-0:1643706:1643706 [0] NCCL INFO ncclPollProxyResponse Received new opId=0x16bec470
atl1-1-03-013-3-0:1643706:1644264 [0] NCCL INFO Received and initiated operation=Setup res=0
atl1-1-03-013-3-0:1643706:1643706 [0] NCCL INFO resp.opId=0x16bec470 matches expected opId=0x16bec470
atl1-1-03-013-3-0:1643706:1644264 [0] NCCL INFO New proxy recv connection 60 from local rank 0, transport 0
atl1-1-03-013-3-0:1643706:1644264 [0] NCCL INFO proxyProgressAsync opId=0x16bec470 op.type=1 op.reqBuff=0x15515c0456b0 op.respSize=16 done
atl1-1-03-013-3-0:1643706:1643706 [0] NCCL INFO ncclPollProxyResponse Received new opId=0x16bec470
atl1-1-03-013-3-0:1643706:1644264 [0] NCCL INFO Received and initiated operation=Init res=0
atl1-1-03-013-3-0:1643706:1643706 [0] NCCL INFO resp.opId=0x16bec470 matches expected opId=0x16bec470
atl1-1-03-013-3-0:1643706:1643706 [0] NCCL INFO Connected to proxy localRank 0 -> connection 0x15515c006be0
atl1-1-03-013-3-0:1643706:1644264 [0] NCCL INFO transport/p2p.cc:218 Cuda Alloc Size 10485760 pointer 0x155106000000
atl1-1-03-013-3-0:1643706:1644264 [0] NCCL INFO Allocated shareable buffer 0x155106000000 size 10485760 ipcDesc 0x15515c01b760
atl1-1-03-013-3-0:1643706:1644264 [0] NCCL INFO proxyProgressAsync opId=0x16bec470 op.type=3 op.reqBuff=0x15515c046390 op.respSize=80 done
atl1-1-03-013-3-0:1643706:1643706 [0] NCCL INFO ncclPollProxyResponse Received new opId=0x16bec470
atl1-1-03-013-3-0:1643706:1644264 [0] NCCL INFO Received and initiated operation=Setup res=0
atl1-1-03-013-3-0:1643706:1643706 [0] NCCL INFO resp.opId=0x16bec470 matches expected opId=0x16bec470
atl1-1-03-013-3-0:1643706:1644264 [0] NCCL INFO New proxy recv connection 61 from local rank 0, transport 0
atl1-1-03-013-3-0:1643706:1644264 [0] NCCL INFO proxyProgressAsync opId=0x16bec470 op.type=1 op.reqBuff=0x15515c046390 op.respSize=16 done
atl1-1-03-013-3-0:1643706:1643706 [0] NCCL INFO ncclPollProxyResponse Received new opId=0x16bec470
atl1-1-03-013-3-0:1643706:1644264 [0] NCCL INFO Received and initiated operation=Init res=0
atl1-1-03-013-3-0:1643706:1643706 [0] NCCL INFO resp.opId=0x16bec470 matches expected opId=0x16bec470
atl1-1-03-013-3-0:1643706:1643706 [0] NCCL INFO Connected to proxy localRank 0 -> connection 0x15515c006c58
atl1-1-03-013-3-0:1643706:1644264 [0] NCCL INFO transport/p2p.cc:218 Cuda Alloc Size 10485760 pointer 0x155106a00000
atl1-1-03-013-3-0:1643706:1644264 [0] NCCL INFO Allocated shareable buffer 0x155106a00000 size 10485760 ipcDesc 0x15515c01b760
atl1-1-03-013-3-0:1643706:1644264 [0] NCCL INFO proxyProgressAsync opId=0x16bec470 op.type=3 op.reqBuff=0x15515c047070 op.respSize=80 done
atl1-1-03-013-3-0:1643706:1643706 [0] NCCL INFO ncclPollProxyResponse Received new opId=0x16bec470
atl1-1-03-013-3-0:1643706:1644264 [0] NCCL INFO Received and initiated operation=Setup res=0
atl1-1-03-013-3-0:1643706:1643706 [0] NCCL INFO resp.opId=0x16bec470 matches expected opId=0x16bec470
atl1-1-03-013-3-0:1643706:1644264 [0] NCCL INFO New proxy recv connection 62 from local rank 0, transport 0
atl1-1-03-013-3-0:1643706:1644264 [0] NCCL INFO proxyProgressAsync opId=0x16bec470 op.type=1 op.reqBuff=0x15515c047070 op.respSize=16 done
atl1-1-03-013-3-0:1643706:1643706 [0] NCCL INFO ncclPollProxyResponse Received new opId=0x16bec470
atl1-1-03-013-3-0:1643706:1644264 [0] NCCL INFO Received and initiated operation=Init res=0
atl1-1-03-013-3-0:1643706:1643706 [0] NCCL INFO resp.opId=0x16bec470 matches expected opId=0x16bec470
atl1-1-03-013-3-0:1643706:1643706 [0] NCCL INFO Connected to proxy localRank 0 -> connection 0x15515c006cd0
atl1-1-03-013-3-0:1643706:1644264 [0] NCCL INFO transport/p2p.cc:218 Cuda Alloc Size 10485760 pointer 0x155107400000
atl1-1-03-013-3-0:1643706:1644264 [0] NCCL INFO Allocated shareable buffer 0x155107400000 size 10485760 ipcDesc 0x15515c01b760
atl1-1-03-013-3-0:1643706:1644264 [0] NCCL INFO proxyProgressAsync opId=0x16bec470 op.type=3 op.reqBuff=0x15515c048100 op.respSize=80 done
atl1-1-03-013-3-0:1643706:1643706 [0] NCCL INFO ncclPollProxyResponse Received new opId=0x16bec470
atl1-1-03-013-3-0:1643706:1644264 [0] NCCL INFO Received and initiated operation=Setup res=0
atl1-1-03-013-3-0:1643706:1643706 [0] NCCL INFO resp.opId=0x16bec470 matches expected opId=0x16bec470
atl1-1-03-013-3-0:1643706:1644264 [0] NCCL INFO New proxy recv connection 63 from local rank 0, transport 0
atl1-1-03-013-3-0:1643706:1644264 [0] NCCL INFO proxyProgressAsync opId=0x16bec470 op.type=1 op.reqBuff=0x15515c048100 op.respSize=16 done
atl1-1-03-013-3-0:1643706:1643706 [0] NCCL INFO ncclPollProxyResponse Received new opId=0x16bec470
atl1-1-03-013-3-0:1643706:1644264 [0] NCCL INFO Received and initiated operation=Init res=0
atl1-1-03-013-3-0:1643706:1643706 [0] NCCL INFO resp.opId=0x16bec470 matches expected opId=0x16bec470
atl1-1-03-013-3-0:1643706:1643706 [0] NCCL INFO Connected to proxy localRank 0 -> connection 0x15515c006d48
atl1-1-03-013-3-0:1643706:1644264 [0] NCCL INFO transport/p2p.cc:218 Cuda Alloc Size 10485760 pointer 0x155104000000
atl1-1-03-013-3-0:1643706:1644264 [0] NCCL INFO Allocated shareab Alloc Size 10485760 pointer 0x155106a00000
atl1-1-03-013-3-0:1644001:1644268 [1] NCCL INFO Allocated shareable buffer 0x155106a00000 size 10485760 ipcDesc 0x15511801b4c0
atl1-1-03-013-3-0:1644001:1644268 [1] NCCL INFO proxyProgressAsync opId=0x16c0c5f0 op.type=3 op.reqBuff=0x1551180443b0 op.respSize=80 done
atl1-1-03-013-3-0:1644001:1644001 [1] NCCL INFO ncclPollProxyResponse Received new opId=0x16c0c5f0
atl1-1-03-013-3-0:1644001:1644268 [1] NCCL INFO Received and initiated operation=Setup res=0
atl1-1-03-013-3-0:1644001:1644001 [1] NCCL INFO resp.opId=0x16c0c5f0 matches expected opId=0x16c0c5f0
atl1-1-03-013-3-0:1644001:1644268 [1] NCCL INFO New proxy recv connection 59 from local rank 1, transport 0
atl1-1-03-013-3-0:1644001:1644268 [1] NCCL INFO proxyProgressAsync opId=0x16c0c5f0 op.type=1 op.reqBuff=0x1551180443b0 op.respSize=16 done
atl1-1-03-013-3-0:1644001:1644001 [1] NCCL INFO ncclPollProxyResponse Received new opId=0x16c0c5f0
atl1-1-03-013-3-0:1644001:1644268 [1] NCCL INFO Received and initiated operation=Init res=0
atl1-1-03-013-3-0:1644001:1644001 [1] NCCL INFO resp.opId=0x16c0c5f0 matches expected opId=0x16c0c5f0
atl1-1-03-013-3-0:1644001:1644001 [1] NCCL INFO Connected to proxy localRank 1 -> connection 0x1551180068c8
atl1-1-03-013-3-0:1644001:1644268 [1] NCCL INFO transport/p2p.cc:218 Cuda Alloc Size 10485760 pointer 0x155107400000
atl1-1-03-013-3-0:1644001:1644268 [1] NCCL INFO Allocated shareable buffer 0x155107400000 size 10485760 ipcDesc 0x15511801b4c0
atl1-1-03-013-3-0:1644001:1644268 [1] NCCL INFO proxyProgressAsync opId=0x16c0c5f0 op.type=3 op.reqBuff=0x155118045440 op.respSize=80 done
atl1-1-03-013-3-0:1644001:1644001 [1] NCCL INFO ncclPollProxyResponse Received new opId=0x16c0c5f0
atl1-1-03-013-3-0:1644001:1644268 [1] NCCL INFO Received and initiated operation=Setup res=0
atl1-1-03-013-3-0:1644001:1644001 [1] NCCL INFO resp.opId=0x16c0c5f0 matches expected opId=0x16c0c5f0
atl1-1-03-013-3-0:1644001:1644268 [1] NCCL INFO New proxy recv connection 60 from local rank 1, transport 0
atl1-1-03-013-3-0:1644001:1644268 [1] NCCL INFO proxyProgressAsync opId=0x16c0c5f0 op.type=1 op.reqBuff=0x155118045440 op.respSize=16 done
atl1-1-03-013-3-0:1644001:1644001 [1] NCCL INFO ncclPollProxyResponse Received new opId=0x16c0c5f0
atl1-1-03-013-3-0:1644001:1644268 [1] NCCL INFO Received and initiated operation=Init res=0
atl1-1-03-013-3-0:1644001:1644001 [1] NCCL INFO resp.opId=0x16c0c5f0 matches expected opId=0x16c0c5f0
atl1-1-03-013-3-0:1644001:1644001 [1] NCCL INFO Connected to proxy localRank 1 -> connection 0x155118006940
atl1-1-03-013-3-0:1644001:1644268 [1] NCCL INFO transport/p2p.cc:218 Cuda Alloc Size 10485760 pointer 0x155104000000
atl1-1-03-013-3-0:1644001:1644268 [1] NCCL INFO Allocated shareable buffer 0x155104000000 size 10485760 ipcDesc 0x15511801b4c0
atl1-1-03-013-3-0:1644001:1644268 [1] NCCL INFO proxyProgressAsync opId=0x16c0c5f0 op.type=3 op.reqBuff=0x155118046120 op.respSize=80 done
atl1-1-03-013-3-0:1644001:1644001 [1] NCCL INFO ncclPollProxyResponse Received new opId=0x16c0c5f0
atl1-1-03-013-3-0:1644001:1644268 [1] NCCL INFO Received and initiated operation=Setup res=0
atl1-1-03-013-3-0:1644001:1644001 [1] NCCL INFO resp.opId=0x16c0c5f0 matches expected opId=0x16c0c5f0
atl1-1-03-013-3-0:1644001:1644268 [1] NCCL INFO New proxy recv connection 61 from local rank 1, transport 0
atl1-1-03-013-3-0:1644001:1644268 [1] NCCL INFO proxyProgressAsync opId=0x16c0c5f0 op.type=1 op.reqBuff=0x155118046120 op.respSize=16 done
atl1-1-03-013-3-0:1644001:1644001 [1] NCCL INFO ncclPollProxyResponse Received new opId=0x16c0c5f0
atl1-1-03-013-3-0:1644001:1644268 [1] NCCL INFO Received and initiated operation=Init res=0
atl1-1-03-013-3-0:1644001:1644001 [1] NCCL INFO resp.opId=0x16c0c5f0 matches expected opId=0x16c0c5f0
atl1-1-03-013-3-0:1644001:1644001 [1] NCCL INFO Connected to proxy localRank 1 -> connection 0x1551180069b8
atl1-1-03-013-3-0:1644001:1644268 [1] NCCL INFO transport/p2p.cc:218 Cuda Alloc Size 10485760 pointer 0x155104a00000
atl1-1-03-013-3-0:1644001:1644268 [1] NCCL INFO Allocated shareable buffer 0x155104a00000 size 10485760 ipcDesc 0x15511801b4c0
atl1-1-03-013-3-0:1644001:1644268 [1] NCCL INFO proxyProgressAsync opId=0x16c0c5f0 op.type=3 op.reqBuff=0x155118046e00 op.respSize=80 done
atl1-1-03-013-3-0:1644001:1644001 [1] NCCL INFO ncclPollProxyResponse Received new opId=0x16c0c5f0
atl1-1-03-013-3-0:1644001:1644268 [1] NCCL INFO Received and initiated operation=Setup res=0
atl1-1-03-013-3-0:1644001:1644001 [1] NCCL INFO resp.opId=0x16c0c5f0 matches expected opId=0x16c0c5f0
atl1-1-03-013-3-0:1644001:1644268 [1] NCCL INFO New proxy recv connection 62 from local rank 1, transport 0
atl1-1-03-013-3-0:1644001:1644268 [1] NCCL INFO proxyProgressAsync opId=0x16c0c5f0 op.type=1 op.reqBuff=0x155118046e00 op.respSize=16 done
atl1-1-03-013-3-0:1644001:1644001 [1] NCCL INFO ncclPollProxyResponse Received new opId=0x16c0c5f0
atl1-1-03-013-3-0:1644001:1644268 [1] NCCL INFO Received and initiated operation=Init res=0
atl1-1-03-013-3-0:1644001:1644001 [1] NCCL INFO resp.opId=0x16c0c5f0 matches expected opId=0x16c0c5f0
atl1-1-03-013-3-0:1644001:1644001 [1] NCCL INFO Connected to proxy localRank 1 -> connection 0x155118006a30
atl1-1-03-013-3-0:1644001:1644268 [1] NCCL INFO transport/p2p.cc:218 Cuda Alloc Size 10485760 pointer 0x155105400000
atl1-1-03-013-3-0:1644001:1644268 [1] NCCL INFO Allocated shareable buffer 0x155105400000 size 10485760 ipcDesc 0x15511801b4c0
atl1-1-03-013-3-0:1644001:1644268 [1] NCCL INFO proxyProgressAsync opId=0x16c0c5f0 op.type=3 op.reqBuff=0x155118047e90 op.respSize=80 done
atl1-1-03-013-3-0:1644001:1644001 [1] NCCL INFO ncclPollProxyResponse Received new opId=0x16c0c5f0
atl1-1-03-013-3-0:1644001:1644268 [1] NCCL INFO Received and initiated operation=Setup res=0
atl1-1-03-013-3-0:1644001:1644001 [1] NCCL INFO resp.opId=0x16c0c5f0 matches expected opId=0x16c0c5f0
atl1-1-03-013-3-0:1644001:1644268 [1] NCCL INFO New proxy recv connection 63 from local rank 1, transport 0
atl1-1-03-013-3-0:1644001:1644268 [1] NCCL INFO proxyProgressAsync opId=0x16c0c5f0 op.type=1 op.reqBuff=0x155118047e90 op.respSize=16 done
atl1-1-03-013-3-0:1644001:1644001 [1] NCCL INFO ncclPollProxyResponse Received new opId=0x16c0c5f0
atl1-1-03-013-3-0:1644001:1644268 [1] NCCL INFO Received and initiated operation=Init res=0
atl1-1-03-013-3-0:1644001:1644001 [1] NCCL INFO resp.opId=0x16c0c5f0 matches expected opId=0x16c0c5f0
atl1-1-03-013-3-0:1644001:1644001 [1] NCCL INFO Connected to proxy localRank 1 -> connection 0x155118006aa8
atl1-1-03-013-3-0:1644001:1644268 [1] NCCL INFO transport/p2p.cc:218 Cuda Alloc Size 10485760 pointer 0x155102000000
atl1-1-03-013-3-0:1644001:1644268 [1] NCCL INFO Allocated shareable buffer 0x155102000000 size 10485760 ipcDesc 0x15511801b4c0
atl1-1-03-013-3-0:1644001:1644268 [1] NCCL INFO proxyProgressAsync opId=0x16c0c5f0 op.type=3 op.reqBuff=0x155118048b70 op.respSize=80 done
atl1-1-03-013-3-0:1644001:1644001 [1] NCCL INFO ncclPollProxyResponse Received new opId=0x16c0c5f0
atl1-1-03-013-3-0:1644001:1644268 [1] NCCL INFO Received and initiated operation=Setup res=0
atl1-1-03-013-3-0:1644001:1644001 [1] NCCL INFO resp.opId=0x16c0c5f0 matches expected opId=0x16c0c5f0
atl1-1-03-013-3-0:1644001:1644268 [1] NCCL INFO New proxy recv connection 64 from local rank 1, transport 0
atl1-1-03-013-3-0:1644001:1644268 [1] NCCL INFO proxyProgressAsync opId=0x16c0c5f0 op.type=1 op.reqBuff=0x155118048b70 op.respSize=16 done
atl1-1-03-013-3-0:1644001:1644001 [1] NCCL INFO ncclPollProxyResponse Received new opId=0x16c0c5f0
atl1-1-03-013-3-0:1644001:1644268 [1] NCCL INFO Received and initiated operation=Init res=0
atl1-1-03-013-3-0:1644001:1644001 [1] NCCL INFO resp.opId=0x16c0c5f0 matches expected opId=0x16c0c5f0
atl1-1-03-013-3-0:1644001:1644001 [1] NCCL INFO Connected to proxy localRank 1 -> connection 0x155118006b20
atl1-1-03-013-3-0:1644001:1644268 [1] NCCL INFO transport/p2p.cc:218 Cuda Alloc Size 10485760 pointer 0x155102a00000
atl1-1-03-013-3-0:1644001:1644268 [1] NCCL INFO Allocated shareable buffer 0x155102a00000 size 10485760 ipcDesc 0x15511801b4c0
atl1-1-03-013-3-0:1644001:1644268 [1] NCCL INFO proxyProgressAsync opIdNFO proxyProgressAsync opId=0x16c28e20 op.type=1 op.reqBuff=0x1551100433a0 op.respSize=16 done
atl1-1-03-013-3-0:1644110:1644110 [3] NCCL INFO ncclPollProxyResponse Received new opId=0x16c28e20
atl1-1-03-013-3-0:1644110:1644262 [3] NCCL INFO Received and initiated operation=Init res=0
atl1-1-03-013-3-0:1644110:1644110 [3] NCCL INFO resp.opId=0x16c28e20 matches expected opId=0x16c28e20
atl1-1-03-013-3-0:1644110:1644110 [3] NCCL INFO Connected to proxy localRank 3 -> connection 0x1551100068c8
atl1-1-03-013-3-0:1644110:1644262 [3] NCCL INFO transport/p2p.cc:218 Cuda Alloc Size 2097152 pointer 0x155103e00000
atl1-1-03-013-3-0:1644110:1644262 [3] NCCL INFO Allocated shareable buffer 0x155103e00000 size 2097152 ipcDesc 0x15511001b4c0
