atl1-1-03-013-3-0:1644001:1644001 [1] NCCL INFO resp.opId=0x16c0c5f0 matches expected opId=0x16c0c5f0
atl1-1-03-013-3-0:1644001:1644001 [1] NCCL INFO Connected to proxy localRank 1 -> connection 0x155118006148
atl1-1-03-013-3-0:1644001:1644268 [1] NCCL INFO transport/p2p.cc:218 Cuda Alloc Size 2097152 pointer 0x155187c00000
atl1-1-03-013-3-0:1644001:1644268 [1] NCCL INFO Allocated shareable buffer 0x155187c00000 size 2097152 ipcDesc 0x15511801b4c0
atl1-1-03-013-3-0:1644001:1644268 [1] NCCL INFO proxyProgressAsync opId=0x16c0c5f0 op.type=3 op.reqBuff=0x155118037780 op.respSize=80 done
atl1-1-03-013-3-0:1644001:1644001 [1] NCCL INFO ncclPollProxyResponse Received new opId=0x16c0c5f0
atl1-1-03-013-3-0:1644001:1644268 [1] NCCL INFO Received and initiated operation=Setup res=0
atl1-1-03-013-3-0:1644001:1644001 [1] NCCL INFO resp.opId=0x16c0c5f0 matches expected opId=0x16c0c5f0
atl1-1-03-013-3-0:1644001:1644001 [1] NCCL INFO Channel 20/0 : 1[1] -> 2[2] via P2P/IPC
atl1-1-03-013-3-0:1644001:1644268 [1] NCCL INFO New proxy send connection 44 from local rank 1, transport 0
atl1-1-03-013-3-0:1644001:1644268 [1] NCCL INFO proxyProgressAsync opId=0x16c0c5f0 op.type=1 op.reqBuff=0x155118037780 op.respSize=16 done
atl1-1-03-013-3-0:1644001:1644001 [1] NCCL INFO ncclPollProxyResponse Received new opId=0x16c0c5f0
atl1-1-03-013-3-0:1644001:1644268 [1] NCCL INFO Received and initiated operation=Init res=0
atl1-1-03-013-3-0:1644001:1644001 [1] NCCL INFO resp.opId=0x16c0c5f0 matches expected opId=0x16c0c5f0
atl1-1-03-013-3-0:16440es=0
atl1-1-03-013-3-0:1644110:1644110 [3] NCCL INFO resp.opId=0x16c28e20 matches expected opId=0x16c28e20
atl1-1-03-013-3-0:1644110:1644110 [3] NCCL INFO Channel 16/0 : 3[3] -> 0[0] via P2P/IPC
atl1-1-03-013-3-0:1644110:1644262 [3] NCCL INFO New proxy send connection 40 from local rank 3, transport 0
atl1-1-03-013-3-0:1644110:1644262 [3] NCCL INFO proxyProgressAsync opId=0x16c28e20 op.type=1 op.reqBuff=0x155110034400 op.respSize=16 done
atl1-1-03-013-3-0:1644110:1644110 [3] NCCL INFO ncclPollProxyResponse Received new opId=0x16c28e20
atl1-1-03-013-3-0:1644110:1644262 [3] NCCL INFO Received and initiated operation=Init res=0
atl1-1-03-013-3-0:1644110:1644110 [3] NCCL INFO resp.opId=0x16c28e20 matches expected opId=0x16c28e20
atl1-1-03-013-3-0:1644110:1644110 [3] NCCL INFO Connected to proxy localRank 3 -> connection 0x155110005fe0
atl1-1-03-013-3-0:1644110:1644262 [3] NCCL INFO transport/p2p.cc:218 Cuda Alloc Size 2097152 pointer 0x155179600000
atl1-1-03-013-3-0:1644110:1644262 [3] NCCL INFO Allocated shareable buffer 0x155179600000 size 2097152 ipcDesc 0x15511001b4c0
atl1-1-03-013-3-0:1644110:1644262 [3] NCCL INFO proxyProgressAsync opId=0x16c28e20 op.type=3 op.reqBuff=0x1551100350e0 op.respSize=80 done
atl1-1-03-013-3-0:1644110:1644110 [3] NCCL INFO ncclPollProxyResponse Received new opId=0x16c28e20
atl1-1-03-013-3-0:1644110:1644262 [3] NCCL INFO Received and initiated operation=Setup res=0
atl1-1-03-013-3-0:1644110:1644110 [3] NCCL INFO resp.opId=0x16c28e20 matches expected opId=0x16c28e20
atl1-1-03-013-3-0:1644110:1644110 [3] NCCL INFO Channel 17/0 : 3[3] -> 0[0] via P2P/IPC
atl1-1-03-013-3-0:1644110:1644262 [3] NCCL INFO New proxy send connection 41 from local rank 3, transport 0
atl1-1-03-013-3-0:1644110:1644262 [3] NCCL INFO proxyProgressAsync opId=0x16c28e20 op.type=1 op.reqBuff=0x1551100350e0 op.respSize=16 done
atl1-1-03-013-3-0:1644110:1644110 [3] NCCL INFO ncclPollProxyResponse Received new opId=0x16c28e20
atl1-1-03-013-3-0:1644110:1644262 [3] NCCL INFO Received and initiated operation=Init res=0
atl1-1-03-013-3-0:1644110:1644110 [3] NCCL INFO resp.opId=0x16c28e20 matches expected opId=0x16c28e20
atl1-1-03-013-3-0:1644110:1644110 [3] NCCL INFO Connected to proxy localRank 3 -> connection 0x155110006058
atl1-1-03-013-3-0:1644110:1644262 [3] NCCL INFO transport/p2p.cc:218 Cuda Alloc Size 2097152 pointer 0x155179800000
atl1-1-03-013-3-0:1644110:1644262 [3] NCCL INFO Allocated shareable buffer 0x155179800000 size 2097152 ipcDesc 0x15511001b4c0
atl1-1-03-013-3-0:1644110:1644262 [3] NCCL INFO proxyProgressAsync opId=0x16c28e20 op.type=3 op.reqBuff=0x155110035dc0 op.respSize=80 done
atl1-1-03-013-3-0:1644110:1644110 [3] NCCL INFO ncclPollProxyResponse Received new opId=0x16c28e20
atl1-1-03-013-3-0:1644110:1644262 [3] NCCL INFO Received and initiated operation=Setup res=0
atl1-1-03-013-3-0:1644110:1644110 [3] NCCL INFO resp.opId=0x16c28e20 matches expected opId=0x16c28e20
atl1-1-03-013-3-0:1644110:1644110 [3] NCCL INFO Channel 18/0 : 3[3] -> 0[0] via P2P/IPC
atl1-1-03-013-3-0:1644110:1644262 [3] NCCL INFO New proxy send connection 42 from local rank 3, transport 0
atl1-1-03-013-3-0:1644110:1644262 [3] NCCL INFO proxyProgressAsync opId=0x16c28e20 op.type=1 op.reqBuff=0x155110035dc0 op.respSize=16 done
atl1-1-03-013-3-0:1644110:1644110 [3] NCCL INFO ncclPollProxyResponse Received new opId=0x16c28e20
atl1-1-03-013-3-0:1644110:1644262 [3] NCCL INFO Received and initiated operation=Init res=0
atl1-1-03-013-3-0:1644110:1644110 [3] NCCL INFO resp.opId=0x16c28e20 matches expected opId=0x16c28e20
atl1-1-03-013-3-0:1644110:1644110 [3] NCCL INFO Connected to proxy localRank 3 -> connection 0x1551100060d0
atl1-1-03-013-3-0:1644110:1644262 [3] NCCL INFO transport/p2p.cc:218 Cuda Alloc Size 2097152 pointer 0x155179a00000
atl1-1-03-013-3-0:1644110:1644262 [3] NCCL INFO Allocated shareable buffer 0x155179a00000 size 2097152 ipcDesc 0x15511001b4c0
atl1-1-03-013-3-0:1644110:1644262 [3] NCCL INFO proxyProgressAsync opId=0x16c28e20 op.type=3 op.reqBuff=0x155110036aa0 op.respSize=80 done
atl1-1-03-013-3-0:1644110:1644110 [3] NCCL INFO ncclPollProxyResponse Received new opId=0x16c28e20
atl1-1-03-013-3-0:1644110:1644262 [3] NCCL INFO Received and initiated operation=Setup res=0
atl1-1-03-013-3-0:1644110:1644110 [3] NCCL INFO resp.opId=0x16c28e20 matches expected opId=0x16c28e20
atl1-1-03-013-3-0:1644110:1644110 [3] NCCL INFO Channel 19/0 : 3[3] -> 0[0] via P2P/IPC
atl1-1-03-013-3-0:1644110:1644262 [3] NCCL INFO New proxy send connection 43 from local rank 3, transport 0
atl1-1-03-013-3-0:1644110:1644262 [3] NCCL INFO proxyProgressAsync opId=0x16c28e20 op.type=1 op.reqBuff=0x155110036aa0 op.respSize=16 done
atl1-1-03-013-3-0:1644110:1644110 [3] NCCL INFO ncclPollProxyResponse Received new opId=0x16c28e20
atl1-1-03-013-3-0:1644110:1644262 [3] NCCL INFO Received and initiated operation=Init res=0
atl1-1-03-013-3-0:1644110:1644110 [3] NCCL INFO resp.opId=0x16c28e20 matches expected opId=0x16c28e20
atl1-1-03-013-3-0:1644110:1644110 [3] NCCL INFO Connected to proxy localRank 3 -> connection 0x155110006148
atl1-1-03-013-3-0:1644110:1644262 [3] NCCL INFO transport/p2p.cc:218 Cuda Alloc Size 2097152 pointer 0x155179c00000
atl1-1-03-013-3-0:1644110:1644262 [3] NCCL INFO Allocated shareable buffer 0x155179c00000 size 2097152 ipcDesc 0x15511001b4c0
atl1-1-03-013-3-0:1644110:1644262 [3] NCCL INFO proxyProgressAsync opId=0x16c28e20 op.type=3 op.reqBuff=0x155110037780 op.respSize=80 done
atl1-1-03-013-3-0:1644110:1644110 [3] NCCL INFO ncclPollProxyResponse Received new opId=0x16c28e20
atl1-1-03-013-3-0:1644110:1644262 [3] NCCL INFO Received and initiated operation=Setup res=0
atl1-1-03-013-3-0:1644110:1644110 [3] NCCL INFO resp.opId=0x16c28e20 matches expected opId=0x16c28e20
atl1-1-03-013-3-0:1644110:1644110 [3] NCCL INFO Channel 20/0 : 3[3] -> 0[0] via P2P/IPC
atl1-1-03-013-3-0:1644110:1644262 [3] NCCL INFO New proxy send connection 44 from local rank 3, transport 0
atl1-1-03-013-3-0:1644110:1644262 [3] NCCL INFO proxyProgressAsync opId=0x16c28e20 op.type=1 op.reqBuff=0x155110037780 op.respSize=16 done
atl1-1-03-013-3-0:1644110:1644110 [3] NCCL INFO ncclPollProxyResponse Received new opId=0x16c28e20
atl1-1-03-013-3-0:1644110:1644262 [3] NCCL INFO Received and initiated operation=Init res=0
atl1-1-03-013-3-0:1644110:1644110 [3] NCCL INFO resp.opId=0x16c28e20 matches expected opId=0x16c28e20
atl1-1-03-013-3-0:1644110:1644110 [3] NCCL INFO Connected to proxy localRank 3 -> connection 0x1551100061c0
atl1-1-03-013-3-0:1644110:1644262 [3] NCCL INFO transport/p2p.cc:218 Cuda Alloc Size 2097152 pointer 0x155179e00000
atl1-1-03-013-3-0:1644110:1644262 [3] NCCL INFO Allocated shareable buffer 0x155179e00000 size 2097152 ipcDesc 0x15511001b4c0
atl1-1-03-013-3-0:1644110:1644262 [3] NCCL INFO proxyProgressAsync opId=0x16c28e20 op.type=3 op.reqBuff=0x155110038460 op.respSize=80 done
atl1-1-03-013-3-0:1644110:1644110 [3] NCCL INFO ncclPollProxyResponse Received new opId=0x16c28e20
atl1-1-03-013-3-0:1644110:1644262 [3] NCCL INFO Received and initiated operation=Setup res=0
atl1-1-03-013-3-0:1644110:1644110 [3] NCCL INFO resp.opId=0x16c28e20 matches expected opId=0x16c28e20
atl1-1-03-013-3-0:1644110:1644110 [3] NCCL INFO Channel 21/0 : 3[3] -> 0[0] via P2P/IPC
atl1-1-03-013-3-0:1644110:1644262 [3] NCCL INFO New proxy send connection 45 from local rank 3, transport 0
atl1-1-03-013-3-0:1644110:1644262 [3] NCCL INFO proxyProgressAsync opId=0x16c28e20 op.type=1 op.reqBuff=0x155110038460 op.respSize=16 done
atl1-1-03-013-3-0:1644110:1644110 [3] NCCL INFO ncclPollProxyResponse Received new opId=0x16c28e20
atl1-1-03-013-3-0:1644110:1644262 [3] NCCL INFO Received and initiated operation=Init res=0
atl1-1-03-013-3-0:1644110:1644110 [3] NCCL INFO resp.opId=0x16c28e20 matches expected opId=0x16c28e20
atl1-1-03-013-3-0:1644110:1644110 [3] NCCL INFO Connected to proxy localRank 3 -> connection 0x155110006238
atl1-1-03-013-3-0:1644110:1644262 [3] NCCL INFO transport/p2p.cc:218 Cuda Alloc Size 2097152 pointer 0x15517a000000
atl1-1-03-013-3-0:1644110:1644262 [3] NCCL INFO Allocated shareable buffer 0x15517a000000 size 2097152 ipcDesc 0x15511001b4c0
atl1-1-03-013-3-0:1644110:1644262 [3] NCCL INFO prox644063:1644063 [2] NCCL INFO resp.opId=0x16ba0f10 matches expected opId=0x16ba0f10
atl1-1-03-013-3-0:1644063:1644063 [2] NCCL INFO Channel 16/0 : 2[2] -> 3[3] via P2P/IPC
atl1-1-03-013-3-0:1644063:1644266 [2] NCCL INFO New proxy send connection 40 from local rank 2, transport 0
atl1-1-03-013-3-0:1644063:1644266 [2] NCCL INFO proxyProgressAsync opId=0x16ba0f10 op.type=1 op.reqBuff=0x155114034220 op.respSize=16 done
atl1-1-03-013-3-0:1644063:1644266 [2] NCCL INFO Received and initiated operation=Init res=0
atl1-1-03-013-3-0:1644063:1644063 [2] NCCL INFO ncclPollProxyResponse Received new opId=0x16ba0f10
atl1-1-03-013-3-0:1644063:1644063 [2] NCCL INFO resp.opId=0x16ba0f10 matches expected opId=0x16ba0f10
atl1-1-03-013-3-0:1644063:1644063 [2] NCCL INFO Connected to proxy localRank 2 -> connection 0x155114005fe0
atl1-1-03-013-3-0:1644063:1644266 [2] NCCL INFO transport/p2p.cc:218 Cuda Alloc Size 2097152 pointer 0x155183600000
atl1-1-03-013-3-0:1644063:1644266 [2] NCCL INFO Allocated shareable buffer 0x155183600000 size 2097152 ipcDesc 0x15511401b4c0
atl1-1-03-013-3-0:1644063:1644266 [2] NCCL INFO proxyProgressAsync opId=0x16ba0f10 op.type=3 op.reqBuff=0x155114034f00 op.respSize=80 done
atl1-1-03-013-3-0:1644063:1644063 [2] NCCL INFO ncclPollProxyResponse Received new opId=0x16ba0f10
atl1-1-03-013-3-0:1644063:1644266 [2] NCCL INFO Received and initiated operation=Setup res=0
atl1-1-03-013-3-0:1644063:1644063 [2] NCCL INFO resp.opId=0x16ba0f10 matches expected opId=0x16ba0f10
atl1-1-03-013-3-0:1644063:1644063 [2] NCCL INFO Channel 17/0 : 2[2] -> 3[3] via P2P/IPC
atl1-1-03-013-3-0:1644063:1644266 [2] NCCL INFO New proxy send connection 41 from local rank 2, transport 0
atl1-1-03-013-3-0:1644063:1644266 [2] NCCL INFO proxyProgressAsync opId=0x16ba0f10 op.type=1 op.reqBuff=0x155114034f00 op.respSize=16 done
atl1-1-03-013-3-0:1644063:1644063 [2] NCCL INFO ncclPollProxyResponse Received new opId=0x16ba0f10
atl1-1-03-013-3-0:1644063:1644266 [2] NCCL INFO Received and initiated operation=Init res=0
atl1-1-03-013-3-0:1644063:1644063 [2] NCCL INFO resp.opId=0x16ba0f10 matches expected opId=0x16ba0f10
atl1-1-03-013-3-0:1644063:1644063 [2] NCCL INFO Connected to proxy localRank 2 -> connection 0x155114006058
atl1-1-03-013-3-0:1644063:1644266 [2] NCCL INFO transport/p2p.cc:218 Cuda Alloc Size 2097152 pointer 0x155183800000
atl1-1-03-013-3-0:1644063:1644266 [2] NCCL INFO Allocated shareable buffer 0x155183800000 size 2097152 ipcDesc 0x15511401b4c0
atl1-1-03-013-3-0:1644063:1644266 [2] NCCL INFO proxyProgressAsync opId=0x16ba0f10 op.type=3 op.reqBuff=0x155114035be0 op.respSize=80 done
atl1-1-03-013-3-0:1644063:1644063 [2] NCCL INFO ncclPollProxyResponse Received new opId=0x16ba0f10
atl1-1-03-013-3-0:1644063:1644266 [2] NCCL INFO Received and initiated operation=Setup res=0
atl1-1-03-013-3-0:1644063:1644063 [2] NCCL INFO resp.opId=0x16ba0f10 matches expected opId=0x16ba0f10
atl1-1-03-013-3-0:1644063:1644063 [2] NCCL INFO Channel 18/0 : 2[2] -> 3[3] via P2P/IPC
atl1-1-03-013-3-0:1644063:1644266 [2] NCCL INFO New proxy send connection 42 from local rank 2, transport 0
atl1-1-03-013-3-0:1644063:1644266 [2] NCCL INFO proxyProgressAsync opId=0x16ba0f10 op.type=1 op.reqBuff=0x155114035be0 op.respSize=16 done
atl1-1-03-013-3-0:1644063:1644063 [2] NCCL INFO ncclPollProxyResponse Received new opId=0x16ba0f10
atl1-1-03-013-3-0:1644063:1644266 [2] NCCL INFO Received and initiated operation=Init res=0
atl1-1-03-013-3-0:1644063:1644063 [2] NCCL INFO resp.opId=0x16ba0f10 matches expected opId=0x16ba0f10
atl1-1-03-013-3-0:1644063:1644063 [2] NCCL INFO Connected to proxy localRank 2 -> connection 0x1551140060d0
atl1-1-03-013-3-0:1644063:1644266 [2] NCCL INFO transport/p2p.cc:218 Cuda Alloc Size 2097152 pointer 0x155183a00000
atl1-1-03-013-3-0:1644063:1644266 [2] NCCL INFO Allocated shareable buffer 0x155183a00000 size 2097152 ipcDesc 0x15511401b4c0
atl1-1-03-013-3-0:1644063:1644266 [2] NCCL INFO proxyProgressAsync opId=0x16ba0f10 op.type=3 op.reqBuff=0x1551140368c0 op.respSize=80 done
atl1-1-03-013-3-0:1644063:1644063 [2] NCCL INFO ncclPollProxyResponse Received new opId=0x16ba0f10
atl1-1-03-013-3-0:1644063:1644266 [2] NCCL INFO Received and initiated operation=Setup res=0
atl1-1-03-013-3-0:1644063:1644063 [2] NCCL INFO resp.opId=0x16ba0f10 matches expected opId=0x16ba0f10
atl1-1-03-013-3-0:1644063:1644063 [2] NCCL INFO Channel 19/0 : 2[2] -> 3[3] via P2P/IPC
atl1-1-03-013-3-0:1644063:1644266 [2] NCCL INFO New proxy send connection 43 from local rank 2, transport 0
atl1-1-03-013-3-0:1644063:1644266 [2] NCCL INFO proxyProgressAsync opId=0x16ba0f10 op.type=1 op.reqBuff=0x1551140368c0 op.respSize=16 done
atl1-1-03-013-3-0:1644063:1644063 [2] NCCL INFO ncclPollProxyResponse Received new opId=0x16ba0f10
atl1-1-03-013-3-0:1644063:1644266 [2] NCCL INFO Received and initiated operation=Init res=0
atl1-1-03-013-3-0:1644063:1644063 [2] NCCL INFO resp.opId=0x16ba0f10 matches expected opId=0x16ba0f10
atl1-1-03-013-3-0:1644063:1644063 [2] NCCL INFO Connected to proxy localRank 2 -> connection 0x155114006148
atl1-1-03-013-3-0:1644063:1644266 [2] NCCL INFO transport/p2p.cc:218 Cuda Alloc Size 2097152 pointer 0x155183c00000
atl1-1-03-013-3-0:1644063:1644266 [2] NCCL INFO Allocated shareable buffer 0x155183c00000 size 2097152 ipcDesc 0x15511401b4c0
atl1-1-03-013-3-0:1644063:1644266 [2] NCCL INFO proxyProgressAsync opId=0x16ba0f10 op.type=3 op.reqBuff=0x1551140375a0 op.respSize=80 done
atl1-1-03-013-3-0:1644063:1644266 [2] NCCL INFO Received and initiated operation=Setup res=0
atl1-1-03-013-3-0:1644063:1644063 [2] NCCL INFO ncclPollProxyResponse Received new opId=0x16ba0f10
atl1-1-03-013-3-0:1644063:1644063 [2] NCCL INFO resp.opId=0x16ba0f10 matches expected opId=0x16ba0f10
atl1-1-03-013-3-0:1644063:1644063 [2] NCCL INFO Channel 20/0 : 2[2] -> 3[3] via P2P/IPC
atl1-1-03-013-3-0:1644063:1644266 [2] NCCL INFO New proxy send connection 44 from local rank 2, transport 0
atl1-1-03-013-3-0:1644063:1644266 [2] NCCL INFO proxyProgressAsync opId=0x16ba0f10 op.type=1 op.reqBuff=0x1551140375a0 op.respSize=16 done
atl1-1-03-013-3-0:1644063:1644063 [2] NCCL INFO ncclPollProxyResponse Received new opId=0x16ba0f10
atl1-1-03-013-3-0:1644063:1644266 [2] NCCL INFO Received and initiated operation=Init res=0
atl1-1-03-013-3-0:1644063:1644063 [2] NCCL INFO resp.opId=0x16ba0f10 matches expected opId=0x16ba0f10
atl1-1-03-013-3-0:1644063:1644063 [2] NCCL INFO Connected to proxy localRank 2 -> connection 0x1551140061c0
atl1-1-03-013-3-0:1644063:1644266 [2] NCCL INFO transport/p2p.cc:218 Cuda Alloc Size 2097152 pointer 0x155183e00000
atl1-1-03-013-3-0:1644063:1644266 [2] NCCL INFO Allocated shareable buffer 0x155183e00000 size 2097152 ipcDesc 0x15511401b4c0
atl1-1-03-013-3-0:1644063:1644266 [2] NCCL INFO proxyProgressAsync opId=0x16ba0f10 op.type=3 op.reqBuff=0x155114038280 op.respSize=80 done
atl1-1-03-013-3-0:1644063:1644063 [2] NCCL INFO ncclPollProxyResponse Received new opId=0x16ba0f10
atl1-1-03-013-3-0:1644063:1644266 [2] NCCL INFO Received and initiated operation=Setup res=0
atl1-1-03-013-3-0:1644063:1644063 [2] NCCL INFO resp.opId=0x16ba0f10 matches expected opId=0x16ba0f10
atl1-1-03-013-3-0:1644063:1644063 [2] NCCL INFO Channel 21/0 : 2[2] -> 3[3] via P2P/IPC
atl1-1-03-013-3-0:1644063:1644266 [2] NCCL INFO New proxy send connection 45 from local rank 2, transport 0
atl1-1-03-013-3-0:1644063:1644266 [2] NCCL INFO proxyProgressAsync opId=0x16ba0f10 op.type=1 op.reqBuff=0x155114038280 op.respSize=16 done
atl1-1-03-013-3-0:1644063:1644063 [2] NCCL INFO ncclPollProxyResponse Received new opId=0x16ba0f10
atl1-1-03-013-3-0:1644063:1644266 [2] NCCL INFO Received and initiated operation=Init res=0
atl1-1-03-013-3-0:1644063:1644063 [2] NCCL INFO resp.opId=0x16ba0f10 matches expected opId=0x16ba0f10
atl1-1-03-013-3-0:1644063:1644063 [2] NCCL INFO Connected to proxy localRank 2 -> connection 0x155114006238
atl1-1-03-013-3-0:1644063:1644266 [2] NCCL INFO transport/p2p.cc:218 Cuda Alloc Size 2097152 pointer 0x155184000000
atl1-1-03-013-3-0:1644063:1644266 [2] NCCL INFO Allocated shareable buffer 0x155184000000 size 2097152 ipcDesc 0x15511401b4c0
atl1-1-03-013-3-0:1644063:1644266 [2] NCCL INFO proxyProgressAsync opId=0x160] NCCL INFO ncclPollProxyResponse Received new opId=0x16bec470
atl1-1-03-013-3-0:1643706:1643706 [0] NCCL INFO resp.opId=0x16bec470 matches expected opId=0x16bec470
atl1-1-03-013-3-0:1643706:1643706 [0] NCCL INFO Channel 08/0 : 0[0] -> 1[1] via P2P/IPC
atl1-1-03-013-3-0:1643706:1644264 [0] NCCL INFO Received and initiated operation=Setup res=0
atl1-1-03-013-3-0:1643706:1644264 [0] NCCL INFO New proxy send connection 32 from local rank 0, transport 0
atl1-1-03-013-3-0:1643706:1644264 [0] NCCL INFO proxyProgressAsync opId=0x16bec470 op.type=1 op.reqBuff=0x15515c02df70 op.respSize=16 done
atl1-1-03-013-3-0:1643706:1643706 [0] NCCL INFO ncclPollProxyResponse Received new opId=0x16bec470
atl1-1-03-013-3-0:1643706:1644264 [0] NCCL INFO Received and initiated operation=Init res=0
atl1-1-03-013-3-0:1643706:1643706 [0] NCCL INFO resp.opId=0x16bec470 matches expected opId=0x16bec470
atl1-1-03-013-3-0:1643706:1643706 [0] NCCL INFO Connected to proxy localRank 0 -> connection 0x15515c005ec0
atl1-1-03-013-3-0:1643706:1644264 [0] NCCL INFO transport/p2p.cc:218 Cuda Alloc Size 2097152 pointer 0x15518c600000
atl1-1-03-013-3-0:1643706:1644264 [0] NCCL INFO Allocated shareable buffer 0x15518c600000 size 2097152 ipcDesc 0x15515c01b760
atl1-1-03-013-3-0:1643706:1644264 [0] NCCL INFO proxyProgressAsync opId=0x16bec470 op.type=3 op.reqBuff=0x15515c02ec50 op.respSize=80 done
atl1-1-03-013-3-0:1643706:1643706 [0] NCCL INFO ncclPollProxyResponse Received new opId=0x16bec470
atl1-1-03-013-3-0:1643706:1644264 [0] NCCL INFO Received and initiated operation=Setup res=0
atl1-1-03-013-3-0:1643706:1643706 [0] NCCL INFO resp.opId=0x16bec470 matches expected opId=0x16bec470
atl1-1-03-013-3-0:1643706:1643706 [0] NCCL INFO Channel 09/0 : 0[0] -> 1[1] via P2P/IPC
atl1-1-03-013-3-0:1643706:1644264 [0] NCCL INFO New proxy send connection 33 from local rank 0, transport 0
atl1-1-03-013-3-0:1643706:1644264 [0] NCCL INFO proxyProgressAsync opId=0x16bec470 op.type=1 op.reqBuff=0x15515c02ec50 op.respSize=16 done
atl1-1-03-013-3-0:1643706:1643706 [0] NCCL INFO ncclPollProxyResponse Received new opId=0x16bec470
atl1-1-03-013-3-0:1643706:1644264 [0] NCCL INFO Received and initiated operation=Init res=0
atl1-1-03-013-3-0:1643706:1643706 [0] NCCL INFO resp.opId=0x16bec470 matches expected opId=0x16bec470
atl1-1-03-013-3-0:1643706:1643706 [0] NCCL INFO Connected to proxy localRank 0 -> connection 0x15515c005f38
atl1-1-03-013-3-0:1643706:1644264 [0] NCCL INFO transport/p2p.cc:218 Cuda Alloc Size 2097152 pointer 0x15518c800000
atl1-1-03-013-3-0:1643706:1644264 [0] NCCL INFO Allocated shareable buffer 0x15518c800000 size 2097152 ipcDesc 0x15515c01b760
atl1-1-03-013-3-0:1643706:1644264 [0] NCCL INFO proxyProgressAsync opId=0x16bec470 op.type=3 op.reqBuff=0x15515c02f930 op.respSize=80 done
atl1-1-03-013-3-0:1643706:1643706 [0] NCCL INFO ncclPollProxyResponse Received new opId=0x16bec470
atl1-1-03-013-3-0:1643706:1644264 [0] NCCL INFO Received and initiated operation=Setup res=0
atl1-1-03-013-3-0:1643706:1643706 [0] NCCL INFO resp.opId=0x16bec470 matches expected opId=0x16bec470
atl1-1-03-013-3-0:1643706:1643706 [0] NCCL INFO Channel 10/0 : 0[0] -> 1[1] via P2P/IPC
atl1-1-03-013-3-0:1643706:1644264 [0] NCCL INFO New proxy send connection 34 from local rank 0, transport 0
atl1-1-03-013-3-0:1643706:1644264 [0] NCCL INFO proxyProgressAsync opId=0x16bec470 op.type=1 op.reqBuff=0x15515c02f930 op.respSize=16 done
atl1-1-03-013-3-0:1643706:1643706 [0] NCCL INFO ncclPollProxyResponse Received new opId=0x16bec470
atl1-1-03-013-3-0:1643706:1644264 [0] NCCL INFO Received and initiated operation=Init res=0
atl1-1-03-013-3-0:1643706:1643706 [0] NCCL INFO resp.opId=0x16bec470 matches expected opId=0x16bec470
atl1-1-03-013-3-0:1643706:1643706 [0] NCCL INFO Connected to proxy localRank 0 -> connection 0x15515c005fb0
atl1-1-03-013-3-0:1643706:1644264 [0] NCCL INFO transport/p2p.cc:218 Cuda Alloc Size 2097152 pointer 0x15518ca00000
atl1-1-03-013-3-0:1643706:1644264 [0] NCCL INFO Allocated shareable buffer 0x15518ca00000 size 2097152 ipcDesc 0x15515c01b760
atl1-1-03-013-3-0:1643706:1644264 [0] NCCL INFO proxyProgressAsync opId=0x16bec470 op.type=3 op.reqBuff=0x15515c030610 op.respSize=80 done
atl1-1-03-013-3-0:1643706:1643706 [0] NCCL INFO ncclPollProxyResponse Received new opId=0x16bec470
atl1-1-03-013-3-0:1643706:1644264 [0] NCCL INFO Received and initiated operation=Setup res=0
atl1-1-03-013-3-0:1643706:1643706 [0] NCCL INFO resp.opId=0x16bec470 matches expected opId=0x16bec470
atl1-1-03-013-3-0:1643706:1643706 [0] NCCL INFO Channel 11/0 : 0[0] -> 1[1] via P2P/IPC
atl1-1-03-013-3-0:1643706:1644264 [0] NCCL INFO New proxy send connection 35 from local rank 0, transport 0
atl1-1-03-013-3-0:1643706:1644264 [0] NCCL INFO proxyProgressAsync opId=0x16bec470 op.type=1 op.reqBuff=0x15515c030610 op.respSize=16 done
atl1-1-03-013-3-0:1643706:1643706 [0] NCCL INFO ncclPollProxyResponse Received new opId=0x16bec470
atl1-1-03-013-3-0:1643706:1644264 [0] NCCL INFO Received and initiated operation=Init res=0
atl1-1-03-013-3-0:1643706:1643706 [0] NCCL INFO resp.opId=0x16bec470 matches expected opId=0x16bec470
atl1-1-03-013-3-0:1643706:1643706 [0] NCCL INFO Connected to proxy localRank 0 -> connection 0x15515c006028
atl1-1-03-013-3-0:1643706:1644264 [0] NCCL INFO transport/p2p.cc:218 Cuda Alloc Size 2097152 pointer 0x15518cc00000
atl1-1-03-013-3-0:1643706:1644264 [0] NCCL INFO Allocated shareable buffer 0x15518cc00000 size 2097152 ipcDesc 0x15515c01b760
atl1-1-03-013-3-0:1643706:1644264 [0] NCCL INFO proxyProgressAsync opId=0x16bec470 op.type=3 op.reqBuff=0x15515c0312f0 op.respSize=80 done
atl1-1-03-013-3-0:1643706:1643706 [0] NCCL INFO ncclPollProxyResponse Received new opId=0x16bec470
atl1-1-03-013-3-0:1643706:1644264 [0] NCCL INFO Received and initiated operation=Setup res=0
atl1-1-03-013-3-0:1643706:1643706 [0] NCCL INFO resp.opId=0x16bec470 matches expected opId=0x16bec470
atl1-1-03-013-3-0:1643706:1643706 [0] NCCL INFO Channel 12/0 : 0[0] -> 1[1] via P2P/IPC
atl1-1-03-013-3-0:1643706:1644264 [0] NCCL INFO New proxy send connection 36 from local rank 0, transport 0
atl1-1-03-013-3-0:1643706:1644264 [0] NCCL INFO proxyProgressAsync opId=0x16bec470 op.type=1 op.reqBuff=0x15515c0312f0 op.respSize=16 done
atl1-1-03-013-3-0:1643706:1643706 [0] NCCL INFO ncclPollProxyResponse Received new opId=0x16bec470
atl1-1-03-013-3-0:1643706:1644264 [0] NCCL INFO Received and initiated operation=Init res=0
atl1-1-03-013-3-0:1643706:1643706 [0] NCCL INFO resp.opId=0x16bec470 matches expected opId=0x16bec470
atl1-1-03-013-3-0:1643706:1643706 [0] NCCL INFO Connected to proxy localRank 0 -> connection 0x15515c0060a0
atl1-1-03-013-3-0:1643706:1644264 [0] NCCL INFO transport/p2p.cc:218 Cuda Alloc Size 2097152 pointer 0x15518ce00000
atl1-1-03-013-3-0:1643706:1644264 [0] NCCL INFO Allocated shareable buffer 0x15518ce00000 size 2097152 ipcDesc 0x15515c01b760
atl1-1-03-013-3-0:1643706:1644264 [0] NCCL INFO proxyProgressAsync opId=0x16bec470 op.type=3 op.reqBuff=0x15515c031fd0 op.respSize=80 done
atl1-1-03-013-3-0:1643706:1643706 [0] NCCL INFO ncclPollProxyResponse Received new opId=0x16bec470
atl1-1-03-013-3-0:1643706:1644264 [0] NCCL INFO Received and initiated operation=Setup res=0
atl1-1-03-013-3-0:1643706:1643706 [0] NCCL INFO resp.opId=0x16bec470 matches expected opId=0x16bec470
atl1-1-03-013-3-0:1643706:1643706 [0] NCCL INFO Channel 13/0 : 0[0] -> 1[1] via P2P/IPC
atl1-1-03-013-3-0:1643706:1644264 [0] NCCL INFO New proxy send connection 37 from local rank 0, transport 0
atl1-1-03-013-3-0:1643706:1644264 [0] NCCL INFO proxyProgressAsync opId=0x16bec470 op.type=1 op.reqBuff=0x15515c031fd0 op.respSize=16 done
atl1-1-03-013-3-0:1643706:1643706 [0] NCCL INFO ncclPollProxyResponse Received new opId=0x16bec470
atl1-1-03-013-3-0:1643706:1644264 [0] NCCL INFO Received and initiated operation=Init res=0
atl1-1-03-013-3-0:1643706:1643706 [0] NCCL INFO resp.opId=0x16bec470 matches expected opId=0x16bec470
atl1-1-03-013-3-0:1643706:1643706 [0] NCCL INFO Connected to proxy localRank 0 -> connection 0x15515c006118
atl1-1-03-013-3-0:1643706:1644264 [0] NCCL INFO transport/p2p.cc:218 Cuda Alloc Size 2097152 pointer 0x15518d000000
atl1-1-03-013-3-0:1643706:1644264 [0] NCCL INFO Allocated shareable buffer 0x15518d000000 size 2097152 ipcDesc 0x15515c01b760
atl1-1-03-013-3-0:1643706:1644264 [0] NCCL INFO proxyProgressAsync opId=0x16bec470 op.type=3 op.reqBuff=0x15515c032cb0 op.respSize=80 done
atl1-1-03-013-3-0:1643706:1643706 [0] NCCL INFO ncclPollProxyResponse Received new opId=0x16bec470
atl1-1-03-013-3-0:1643706:1644264 [0] NCCL INFO Received and initiated operation=Setup res=0
atl1-1-03-013-3-0:1643706:1643706 [0] NCCL INFO resp.opId=0x16bec470 matches expected opId=0x16bec470
atl1-1-03-013-3-0:1643706:1643706 [0] NCCL INFO Channel 14/0 : 0[0] -> 1[1] via P2P/IPC
atl1-1-03-013-3-0:1643706:1644264 [0] NCCL INFO New proxy send connection 38 from local rank 0, transport 0
atl1-1-03-013-3-0:1643706:1644264 [0] NCCL INFO proxyProgressAsync opId=0x16bec470 op.type=1 op.reqBuff=0x15515c032cb0 op.respSize=16 done
atl1-1-03-013-3-0:1643706:1643706 [0] NCCL INFO ncclPollProxyResponse Received new opId=0x16bec470
atl1-1-03-013-3-0:1643706:1644264 [0] NCCL INFO Received and initiated operation=Init res=0
atl1-1-03-013-3-0:1643706:1643706 [0] NCCL INFO resp.opId=0x16bec470 matches expected opId=0x16bec470
atl1-1-03-013-3-0:1643706:1643706 [0] NCCL INFO Connected to proxy localRank 0 -> connection 0x15515c006190
atl1-1-03-013-3-0:1643706:1644264 [0] NCCL INFO transport/p2p.cc:218 Cuda Alloc Size 2097152 pointer 0x15518d200000
atl1-1-03-013-3-0:1643706:1644264 [0] NCCL INFO Allocated shareable buffer 0x15518d200000 size 2097152 ipcDesc 0x15515c01b760
atl1-1-03-013-3-0:1643706:1644264 [0] NCCL INFO proxyProgressAsync opId=0x16bec470 op.type=3 op.reqBuff=0x15515c033990 op.respSize=80 done
atl1-1-03-013-3-0:1643706:1643706 [0] NCCL INFO ncclPollProxyResponse Received new opId=0x16bec470
atl1-1-03-013-3-0:1643706:1644264 [0] NCCL INFO Received and initiated operation=Setup res=0
atl1-1-03-013-3-0:1643706:1643706 [0] NCCL INFO resp.opId=0x16bec470 matches expected opId=0x16bec470
atl1-1-03-013-3-0:1643706:1643706 [0] NCCL INFO Channel 15/0 : 0[0] -> 1[1] via P2P/IPC
atl1-1-03-013-3-0:1643706:1644264 [0] NCCL INFO New proxy send connection 39 from local rank 0, transport 0
atl1-1-03-013-3-0:1643706:1644264 [0] NCCL INFO proxyProgressAsync opId=0x16bec470 op.type=1 op.reqBuff=0x15515c033990 op.respSize=16 done
atl1-1-03-013-3-0:1643706:1643706 [0] NCCL INFO ncclPollProxyResponse Received new opId=0x16bec470
atl1-1-03-013-3-0:1643706:1644264 [0] NCCL INFO Received and initiated operation=Init res=0
atl1-1-03-013-3-0:1643706:1643706 [0] NCCL INFO resp.opId=0x16bec470 matches expected opId=0x16bec470
atl1-1-03-013-3-0:1643706:1643706 [0] NCCL INFO Connected to proxy localRank 0 -> connection 0x15515c006208
atl1-1-03-013-3-0:1643706:1644264 [0] NCCL INFO transport/p2p.cc:218 Cuda Alloc Size 2097152 pointer 0x15518d400000
atl1-1-03-013-3-0:1643706:1644264 [0] NCCL INFO Allocated shareable buffer 0x15518d400000 size 2097152 ipcDesc 0x15515c01b760
atl1-1-03-013-3-0:1643706:1644264 [0] NCCL INFO proxyProgressAsync opId=0x16bec470 op.type=3 op.reqBuff=0x15515c034670 op.respSize=80 done
atl1-1-03-013-3-0:1643706:1643706 [0] NCCL INFO ncclPollProxyResponse Received new opId=0x16bec470
atl1-1-03-013-3-0:1643706:1644264 [0] NCCL INFO Received and initiated operation=Setup res=0
atl1-1-03-013-3-0:1643706:1643706 [0] NCCL INFO resp.opId=0x16bec470 matches expected opId=0x16bec470
atl1-1-03-013-3-0:1643706:1643706 [0] NCCL INFO Channel 16/0 : 0[0] -> 1[1] via P2P/IPC
atl1-1-03-013-3-0:1643706:1644264 [0] NCCL INFO New proxy send connection 40 from local rank 0, transport 0
atl1-1-03-013-3-0:1643706:1644264 [0] NCCL INFO proxyProgressAsync opId=0x16bec470 op.type=1 op.reqBuff=0x15515c034670 op.respSize=16 done
atl1-1-03-013-3-0:1643706:1643706 [0] NCCL INFO ncclPollProxyResponse Received new opId=0x16bec470
atl1-1-03-013-3-0:1643706:1644264 [0] NCCL INFO Received and initiated operation=Init res=0
atl1-1-03-013-3-0:1643706:1643706 [0] NCCL INFO resp.opId=0x16bec470 matches expected opId=0x16bec470
atl1-1-03-013-3-0:1643706:1643706 [0] NCCL INFO Connected to proxy localRank 0 -> connection 0x15515c006280
atl1-1-03-013-3-0:1643706:1644264 [0] NCCL INFO transport/p2p.cc:218 Cuda Alloc Size 2097152 pointer 0x15518d600000
atl1-1-03-013-3-0:1643706:1644264 [0] NCCL INFO Allocated shareable buffer 0x15518d600000 size 2097152 ipcDesc 0x15515c01b760
atl1-1-03-013-3-0:1643706:1644264 [0] NCCL INFO proxyProgressAsync opId=0x16bec470 op.type=3 op.reqBuff=0x15515c035350 op.respSize=80 done
atl1-1-03-013-3-0:1643706:1643706 [0] NCCL INFO ncclPollProxyResponse Received new opId=0x16bec470
atl1-1-03-013-3-0:1643706:1644264 [0] NCCL INFO Received and initiated operation=Setup res=0
atl1-1-03-013-3-0:1643706:1643706 [0] NCCL INFO resp.opId=0x16bec470 matches expected opId=0x16bec470
atl1-1-03-013-3-0:1643706:1643706 [0] NCCL INFO Channel 17/0 : 0[0] -> 1[1] via P2P/IPC
atl1-1-03-013-3-0:1643706:1644264 [0] NCCL INFO New proxy send connection 41 from local rank 0, transport 0
atl1-1-03-013-3-0:1643706:1644264 [0] NCCL INFO proxyProgressAsync opId=0x16bec470 op.type=1 op.reqBuff=0x15515c035350 op.respSize=16 done
atl1-1-03-013-3-0:1643706:1643706 [0] NCCL INFO ncclPollProxyResponse Received new opId=0x16bec470
atl1-1-03-013-3-0:1643706:1644264 [0] NCCL INFO Received and initiated operation=Init res=0
atl1-1-03-013-3-0:1643706:1643706 [0] NCCL INFO resp.opId=0x16bec470 matches expected opId=0x16bec470
atl1-1-03-013-3-0:1643706:1643706 [0] NCCL INFO Connected to proxy localRank 0 -> connection 0x15515c0062f8
atl1-1-03-013-3-0:1643706:1644264 [0] NCCL INFO transport/p2p.cc:218 Cuda Alloc Size 2097152 pointer 0x15518d800000
atl1-1-03-013-3-0:1643706:1644264 [0] NCCL INFO Allocated shareable buffer 0x15518d800000 size 2097152 ipcDesc 0x15515c01b760
atl1-1-03-013-3-0:1643706:1644264 [0] NCCL INFO proxyProgressAsync opId=0x16bec470 op.type=3 op.reqBuff=0x15515c036030 op.respSize=80 done
atl1-1-03-013-3-0:1643706:1643706 [0] NCCL INFO ncclPollProxyResponse Received new opId=0x16bec470
atl1-1-03-013-3-0:1643706:1644264 [0] NCCL INFO Received and initiated operation=Setup res=0
atl1-1-03-013-3-0:1643706:1643706 [0] NCCL INFO resp.opId=0x16bec470 matches expected opId=0x16bec470
atl1-1-03-013-3-0:1643706:1643706 [0] NCCL INFO Channel 18/0 : 0[0] -> 1[1] via P2P/IPC
atl1-1-03-013-3-0:1643706:1644264 [0] NCCL INFO New proxy send connection 42 from local rank 0, transport 0
atl1-1-03-013-3-0:1643706:1644264 [0] NCCL INFO proxyProgressAsync opId=0x16bec470 op.type=1 op.reqBuff=0x15515c036030 op.respSize=16 done
atl1-1-03-013-3-0:1643706:1643706 [0] NCCL INFO ncclPollProxyResponse Received new opId=0x16bec470
atl1-1-03-013-3-0:1643706:1644264 [0] NCCL INFO Received and initiated operation=Init res=0
atl1-1-03-013-3-0:1643706:1643706 [0] NCCL INFO resp.opId=0x16bec470 matches expected opId=0x16bec470
atl1-1-03-013-3-0:1643706:1643706 [0] NCCL INFO Connected to proxy localRank 0 -> connection 0x15515c006370
atl1-1-03-013-3-0:1643706:1644264 [0] NCCL INFO transport/p2p.cc:218 Cuda Alloc Size 2097152 pointer 0x15518da00000
atl1-1-03-013-3-0:1643706:1644264 [0] NCCL INFO Allocated shareable buffer 0x15518da00000 size 2097152 ipcDesc 0x15515c01b760
atl1-1-03-013-3-0:1643706:1644264 [0] NCCL INFO proxyProgressAsync opId=0x16bec470 op.type=3 op.reqBuff=0x15515c036d10 op.respSize=80 done
atl1-1-03-013-3-0:1643706:1643706 [0] NCCL INFO ncclPollProxyResponse Received new opId=0x16bec470
atl1-1-03-013-3-0:1643706:1644264 [0] NCCL INFO Received and initiated operation=Setup res=0
atl1-1-03-013-3-0:1643706:1643706 [0] NCCL INFO resp.opId=0x16bec470 matches expected opId=0x16bec470
atl1-1-03-013-3-0:1643706:1643706 [0] NCCL INFO Channel 19/0 : 0[0] -> 1[1] via P2P/IPC
atl1-1-03-013-3-0:1643706:1644264 [0] NCCL INFO New proxy send connection 43 from local rank 0, transport 0
atl1-1-03-013-3-0:1643706:1644264 [0] NCCL INFO proxyProgressAsync opId=0x16bec470 op.type=1 op.reqBuff=0x15515c036d10 op.respSize=16 done
atl1-1-03-013-3-0:1643706:1643706 [0] NCCL INFO ncclPollProxyResponse Received new opId=0x16bec470
atl1-1-03-013-3-0:1643706:1644264 [0] NCCL INFO Received and initiated operation=Init res=0
atl1-1-03-013-3-0:1643706:1643706 [0] NCCL INFO resp.opId=0x16bec470 matches expected opId=0x16bec470
atl1-1-03-013-3-0:1643706:1643706 [0] NCCL INFO Connected to proxy localRank 0 -> connection 0x15515c0063e8
atl1-1-03-013-3-0:1643706:1644264 [0] NCCL INFO transport/p2p.cc:218 Cuda Alloc Size 2097152 pointer 0x15518dc00000
atl1-1-03-013-3-0:1643706:1644264 [0] NCCL INFO Allocated shareable buffer 0x15518dc00000 size 2097152 ipcDesc 0x15515c01b760
atl1-1-03-013-3-0:1643706:1644264 [0] NCCL INFO proxyProgressAsync opId=0x16bec470 op.type=3 op.reqBuff=0x15515c0379f0 op.respSize=80 done
atl1-1-03-013-3-0:1643706:1643706 [0] NCCL INFO ncclPollProxyResponse Received new opId=0x16bec470
atl1-1-03-013-3-0:1643706:1644264 [0] NCCL INFO Received and initiated operation=Setup res=0
atl1-1-03-013-3-0:1643706:1643706 [0] NCCL INFO resp.opId=0x16bec470 matches expected opId=0x16bec470
atl1-1-03-013-3-0:1643706:1643706 [0] NCCL INFO Channel 20/0 : 0[0] -> 1[1] via P2P/IPC
atl1-1-03-013-3-0:1643706:1644264 [0] NCCL INFO New proxy send connection 44 from local rank 0, transport 0
atl1-1-03-013-3-0:1643706:1644264 [0] NCCL INFO proxyProgressAsync opId=0x16bec470 op.type=1 op.reqBuff=0x15515c0379f0 op.respSize=16 done
atl1-1-03-013-3-0:1643706:1643706 [0] NCCL INFO ncclPollProxyResponse Received new opId=0x16bec470
atl1-1-03-013-3-0:1643706:1644264 [0] NCCL INFO Received and initiated operation=Init res=0
atl1-1-03-013-3-0:1643706:1643706 [0] NCCL INFO resp.opId=0x16bec470 matches expected opId=0x16bec470
atl1-1-03-013-3-0:1643706:1643706 [0] NCCL INFO Connected to proxy localRank 0 -> connection 0x15515c006460
atl1-1-03-013-3-0:1643706:1644264 [0] NCCL INFO transport/p2p.cc:218 Cuda Alloc Size 2097152 pointer 0x15518de00000
atl1-1-03-013-3-0:1643706:1644264 [0] NCCL INFO Allocated shareable buffer 0x15518de00000 size 2097152 ipcDesc 0x15515c01b760
atl1-1-03-013-3-0:1643706:1644264 [0] NCCL INFO proxyProgressAsync opId=0x16bec470 op.type=3 op.reqBuff=0x15515c0386d0 op.respSize=80 done
atl1-1-03-013-3-0:1643706:1643706 [0] NCCL INFO ncclPollProxyResponse Received new opId=0x16bec470
atl1-1-03-013-3-0:1643706:1644264 [0] NCCL INFO Received and initiated operation=Setup res=0
atl1-1-03-013-3-0:1643706:1643706 [0] NCCL INFO resp.opId=0x16bec470 matches expected opId=0x16bec470
atl1-1-03-013-3-0:1643706:1643706 [0] NCCL INFO Channel 21/0 : 0[0] -> 1[1] via P2P/IPC
atl1-1-03-013-3-0:1643706:1644264 [0] NCCL INFO New proxy send connection 45 from local rank 0, transport 0
atl1-1-03-013-3-0:1643706:1644264 [0] NCCL INFO proxyProgressAsync opId=0x16bec470 op.type=1 op.reqBuff=0x15515c0386d0 op.respSize=16 done
atl1-1-03-013-3-0:1643706:1643706 [0] NCCL INFO ncclPollProxyResponse Received new opId=0x16bec470
atl1-1-03-013-3-0:1643706:1644264 [0] NCCL INFO Received and initiated operation=Init res=0
atl1-1-03-013-3-0:1643706:1643706 [0] NCCL INFO resp.opId=0x16bec470 matches expected opId=0x16bec470
atl1-1-03-013-3-0:1643706:1643706 [0] NCCL INFO Connected to proxy localRank 0 -> connection 0x15515c0064d8
atl1-1-03-013-3-0:1643706:1644264 [0] NCCL INFO transport/p2p.cc:218 Cuda Alloc Size 2097152 pointer 0x15518e000000
atl1-1-03-013-3-0:1643706:1644264 [0] NCCL INFO Allocated shareable buffer 0x15518e000000 size 2097152 ipcDesc 0x15515c01b760
atl1-1-03-013-3-0:1643706:1644264 [0] NCCL INFO proxyProgressAsync opId=0x16bec470 op.type=3 op.reqBuff=0x15515c0393b0 op.respSize=80 done
atl1-1-03-013-3-0:1643706:1643706 [0] NCCL INFO ncclPollProxyResponse Received new opId=0x16bec470
atl1-1-03-013-3-0:1643706:1644264 [0] NCCL INFO Received and initiated operation=Setup res=0
atl1-1-03-013-3-0:1643706:1643706 [0] NCCL INFO resp.opId=0x16bec470 matches expected opId=0x16bec470
atl1-1-03-013-3-0:1643706:1643706 [0] NCCL INFO Channel 22/0 : 0[0] -> 1[1] via P2P/IPC
atl1-1-03-013-3-0:1643706:1644264 [0] NCCL INFO New proxy send connection 46 from local rank 0, transport 0
atl1-1-03-013-3-0:1643706:1644264 [0] NCCL INFO proxyProgressAsync opId=0x16bec470 op.type=1 op.reqBuff=0x15515c0393b0 op.respSize=16 done
atl1-1-03-013-3-0:1643706:1643706 [0] NCCL INFO ncclPollProxyResponse Received new opId=0x16bec470
atl1-1-03-013-3-0:1643706:1644264 [0] NCCL INFO Received and initiated operation=Init res=0
atl1-1-03-013-3-0:1643706:1643706 [0] NCCL INFO resp.opId=0x16bec470 matches expected opId=0x16bec470
atl1-1-03-013-3-0:1643706:1643706 [0] NCCL INFO Connected to proxy localRank 0 -> connection 0x15515c006550
atl1-1-03-013-3-0:1643706:1644264 [0] NCCL INFO transport/p2p.cc:218 Cuda Alloc Size 2097152 pointer 0x15518e200000
atl1-1-03-013-3-0:1643706:1644264 [0] NCCL INFO Allocated shareable buffer 0x15518e200000 size 2097152 ipcDesc 0x15515c01b760
atl1-1-03-013-3-0:1643706:1644264 [0] NCCL INFO proxyProgressAsync opId=0x16bec470 op.type=3 op.reqBuff=0x15515c03a090 op.respSize=80 done
atl1-1-03-013-3-0:1643706:1643706 [0] NCCL INFO ncclPollProxyResponse Received new opId=0x16bec470
atl1-1-03-013-3-0:1643706:1644264 [0] NCCL INFO Received and initiated operation=Setup res=0
atl1-1-03-013-3-0:1643706:1643706 [0] NCCL INFO resp.opId=0x16bec470 matches expected opId=0x16bec470
atl1-1-03-013-3-0:1643706:1643706 [0] NCCL INFO Channel 23/0 : 0[0] -> 1[1] via P2P/IPC
atl1-1-03-013-3-0:1643706:1644264 [0] NCCL INFO New proxy send connection 47 from local rank 0, transport 0
atl1-1-03-013-3-0:1643706:1644264 [0] NCCL INFO proxyProgressAsync opId=0x16bec470 op.type=1 op.reqBuff=0x15515c03a090 op.respSize=16 done
atl1-1-03-013-3-0:1643706:1643706 [0] NCCL INFO ncclPollProxyResponse Received new opId=0x16bec470
atl1-1-03-013-3-0:1643706:1644264 [0] NCCL INFO Received and initiated operation=Init res=0
atl1-1-03-013-3-0:1643706:1643706 [0] NCCL INFO resp.opId=0x16bec470 matches expected opId=0x16bec470
atl1-1-03-013-3-0:1643706:1643706 [0] NCCL INFO Connected to proxy localRank 0 -> connection 0x15515c0065c8
atl1-1-03-013-3-0:1643706:1644264 [0] NCCL INFO transport/p2p.cc:218 Cuda Alloc Size 2097152 pointer 0x15518e400000
atl1-1-03-013-3-0:1643706:1644264 [0] NCCL INFO Allocated shareable buffer 0x15518e400000 size 2097152 ipcDesc 0x15515c01b760
atl1-1-03-013-3-0:1643706:1644264 [0] NCCL INFO proxyProgressAsync opId=0x16bec470 op.type=3 op.reqBuff=0x15515c03ad70 op.respSize=80 done
atl1-1-03-013-3-0:1643706:1643706 [0] NCCL INFO ncclPollProxyResponse Received new opId=0x16bec470
atl1-1-03-013-3-0:1643706:1644264 [0] NCCL INFO Received and initiated operation=Setup res=0
atl1-1-03-013-3-0:1643706:1643706 [0] NCCL INFO resp.opId=0x16bec470 matches expected opId=0x16bec470
atl1-1-03-013-3-0:1643706:1643706 [0] NCCL INFO Imported shareable buffer device 0 size 10485760 ptr 0x15518e600000
atl1-1-03-013-3-0:1643706:1643706 [0] NCCL INFO Imported shareable buffer device 0 size 2097152 ptr 0x15518f000000
atl1-1-03-013-3-0:1643706:1643706 [0] NCCL INFO Imported shareable buffer device 0 size 10485760 ptr 0x15518f200000
atl1-1-03-013-3-0:1643706:1643706 [0] NCCL INFO Imported shareable buffer device 0 size 2097152 ptr 0x15518fc00000
atl1-1-03-013-3-0:1643706:1643706 [0] NCCL INFO Imported shareable buffer device 0 size 10485760 ptr 0x15518fe00000
atl1-1-03-013-3-0:1643706:1643706 [0] NCCL INFO Imported shareable buffer device 0 size 2097152 ptr 0x155190800000
atl1-1-03-013-3-0:1643706:1643706 [0] NCCL INFO Imported shareable buffer device 0 size 10485760 ptr 0x155190a00000
atl1-1-03-013-3-0:1643706:1643706 [0] NCCL INFO Imported shareable buffer device 0 size 2097152 ptr 0x155191400000
atl1-1-03-013-3-0:1643706:1643706 [0] NCCL INFO Imported shareable buffer device 0 size 10485760 ptr 0x155191600000
atl1-1-03-013-3-0:1643706:1643706 [0] NCCL INFO Imported shareable buffer device 0 size 2097152 ptr 0x155192000000
atl1-1-03-013-3-0:1643706:1643706 [0] NCCL INFO Imported shareable buffer device 0 size 10485760 ptr 0x155192200000
atl1-1-03-013-3-0:1643706:1643706 [0] NCCL INFO Imported shareable buffer device 0 size 2097152 ptr 0x155192c00000
atl1-1-03-013-3-0:1643706:1643706 [0] NCCL INFO Imported shareable buffer device 0 size 10485760 ptr 0x155192e00000
atl1-1-03-013-3-0:1643706:1643706 [0] NCCL INFO Imported shareable buffer device 0 size 2097152 ptr 0x155193800000
atl1-1-03-013-3-0:1643706:1643706 [0] NCCL INFO Imported shareable buffer device 0 size 10485760 ptr 0x155193a00000
atl1-1-001:1644001 [1] NCCL INFO Connected to proxy localRank 1 -> connection 0x1551180061c0
atl1-1-03-013-3-0:1644001:1644268 [1] NCCL INFO transport/p2p.cc:218 Cuda Alloc Size 2097152 pointer 0x155187e00000
atl1-1-03-013-3-0:1644001:1644268 [1] NCCL INFO Allocated shareable buffer 0x155187e00000 size 2097152 ipcDesc 0x15511801b4c0
atl1-1-03-013-3-0:1644001:1644268 [1] NCCL INFO proxyProgressAsync opId=0x16c0c5f0 op.type=3 op.reqBuff=0x155118038460 op.respSize=80 done
atl1-1-03-013-3-0:1644001:1644001 [1] NCCL INFO ncclPollProxyResponse Received new opId=0x16c0c5f0
atl1-1-03-013-3-0:1644001:1644268 [1] NCCL INFO Received and initiated operation=Setup res=0
atl1-1-03-013-3-0:1644001:1644001 [1] NCCL INFO resp.opId=0x16c0c5f0 matches expected opId=0x16c0c5f0
atl1-1-03-013-3-0:1644001:1644001 [1] NCCL INFO Channel 21/0 : 1[1] -> 2[2] via P2P/IPC
atl1-1-03-013-3-0:1644001:1644268 [1] NCCL INFO New proxy send connection 45 from local rank 1, transport 0
atl1-1-03-013-3-0:1644001:1644268 [1] NCCL INFO proxyProgressAsync opId=0x16c0c5f0 op.type=1 op.reqBuff=0x155118038460 op.respSize=16 done
atl1-1-03-013-3-0:1644001:1644001 [1] NCCL INFO ncclPollProxyResponse Received new opId=0x16c0c5f0
atl1-1-03-013-3-0:1644001:1644268 [1] NCCL INFO Received and initiated operation=Init res=0
atl1-1-03-013-3-0:1644001:1644001 [1] NCCL INFO resp.opId=0x16c0c5f0 matches expected opId=0x16c0c5f0
atl1-1-03-013-3-0:1644001:1644001 [1] NCCL INFO Connected to proxy localRank 1 -> connection 0x155118006238
atl1-1-03-013-3-0:1644001:1644268 [1] NCCL INFO transport/p2p.cc:218 Cuda Alloc Size 2097152 pointer 0x155188000000
atl1-1-03-013-3-0:1644001:1644268 [1] NCCL INFO Allocated shareable buffer 0x155188000000 size 2097152 ipcDesc 0x15511801b4c0
atl1-1-03-013-3-0:1644001:1644268 [1] NCCL INFO proxyProgressAsync opId=0x16c0c5f0 op.type=3 op.reqBuff=0x155118039140 op.respSize=80 done
atl1-1-03-013-3-0:1644001:1644001 [1] NCCL INFO ncclPollProxyResponse Received new opId=0x16c0c5f0
atl1-1-03-013-3-0:1644001:1644268 [1] NCCL INFO Received and initiated operation=Setup res=0
atl1-1-03-013-3-0:1644001:1644001 [1] NCCL INFO resp.opId=0x16c0c5f0 matches expected opId=0x16c0c5f0
atl1-1-03-013-3-0:1644001:1644001 [1] NCCL INFO Channel 22/0 : 1[1] -> 2[2] via P2P/IPC
atl1-1-03-013-3-0:1644001:1644268 [1] NCCL INFO New proxy send connection 46 from local rank 1, transport 0
atl1-1-03-013-3-0:1644001:1644268 [1] NCCL INFO proxyProgressAsync opId=0x16c0c5f0 op.type=1 op.reqBuff=0x155118039140 op.respSize=16 done
atl1-1-03-013-3-0:1644001:1644001 [1] NCCL INFO ncclPollProxyResponse Received new opId=0x16c0c5f0
atl1-1-03-013-3-0:1644001:1644268 [1] NCCL INFO Received and initiated operation=Init res=0
atl1-1-03-013-3-0:1644001:1644001 [1] NCCL INFO resp.opId=0x16c0c5f0 matches expected opId=0x16c0c5f0
atl1-1-03-013-3-0:1644001:1644001 [1] NCCL INFO Connected to proxy localRank 1 -> connection 0x1551180062b0
atl1-1-03-013-3-0:1644001:1644268 [1] NCCL INFO transport/p2p.cc:218 Cuda Alloc Size 2097152 pointer 0x155188200000
atl1-1-03-013-3-0:1644001:1644268 [1] NCCL INFO Allocated shareable buffer 0x155188200000 size 2097152 ipcDesc 0x15511801b4c0
atl1-1-03-013-3-0:1644001:1644268 [1] NCCL INFO proxyProgressAsync opId=0x16c0c5f0 op.type=3 op.reqBuff=0x155118039e20 op.respSize=80 done
atl1-1-03-013-3-0:1644001:1644001 [1] NCCL INFO ncclPollProxyResponse Received new opId=0x16c0c5f0
atl1-1-03-013-3-0:1644001:1644268 [1] NCCL INFO Received and initiated operation=Setup res=0
atl1-1-03-013-3-0:1644001:1644001 [1] NCCL INFO resp.opId=0x16c0c5f0 matches expected opId=0x16c0c5f0
atl1-1-03-013-3-0:1644001:1644001 [1] NCCL INFO Channel 23/0 : 1[1] -> 2[2] via P2P/IPC
atl1-1-03-013-3-0:1644001:1644268 [1] NCCL INFO New proxy send connection 47 from local rank 1, transport 0
atl1-1-03-013-3-0:1644001:1644268 [1] NCCL INFO proxyProgressAsync opId=0x16c0c5f0 op.type=1 op.reqBuff=0x155118039e20 op.respSize=16 done
atl1-1-03-013-3-0:1644001:1644001 [1] NCCL INFO ncclPollProxyResponse Received new opId=0x16c0c5f0
atl1-1-03-013-3-0:1644001:1644268 [1] NCCL INFO Received and initiated operation=Init res=0
atl1-1-03-013-3-0:1644001:1644001 [1] NCCL INFO resp.opId=0x16c0c5f0 matches expected opId=0x16c0c5f0
atl1-1-03-013-3-0:1644001:1644001 [1] NCCL INFO Connected to proxy localRank 1 -> connection 0x155118006328
atl1-1-03-013-3-0:1644001:1644268 [1] NCCL INFO transport/p2p.cc:218 Cuda Alloc Size 2097152 pointer 0x155188400000
atl1-1-03-013-3-0:1644001:1644268 [1] NCCL INFO Allocated shareable buffer 0x155188400000 size 2097152 ipcDesc 0x15511801b4c0
atl1-1-03-013-3-0:1644001:1644268 [1] NCCL INFO proxyProgressAsync opId=0x16c0c5f0 op.type=3 op.reqBuff=0x15511803ab00 op.respSize=80 done
atl1-1-03-013-3-0:1644001:1644001 [1] NCCL INFO ncclPollProxyResponse Received new opId=0x16c0c5f0
atl1-1-03-013-3-0:1644001:1644268 [1] NCCL INFO Received and initiated operation=Setup res=0
atl1-1-03-013-3-0:1644001:1644001 [1] NCCL INFO resp.opId=0x16c0c5f0 matches expected opId=0x16c0c5f0
atl1-1-03-013-3-0:1644001:1644001 [1] NCCL INFO Imported shareable buffer device 1 size 10485760 ptr 0x155188600000
atl1-1-03-013-3-0:1644001:1644001 [1] NCCL INFO Imported shareable buffer device 1 size 2097152 ptr 0x155189000000
atl1-1-03-013-3-0:1644001:1644001 [1] NCCL INFO Imported shareable buffer device 1 size 10485760 ptr 0x155189200000
atl1-1-03-013-3-0:1644001:1644001 [1] NCCL INFO Imported shareable buffer device 1 size 2097152 ptr 0x155189c00000
atl1-1-03-013-3-0:1644001:1644001 [1] NCCL INFO Imported shareable buffer device 1 size 10485760 ptr 0x155189e00000
atl1-1-03-013-3-0:1644001:1644001 [1] NCCL INFO Imported shareable buffer device 1 size 2097152 ptr 0x15518a800000
atl1-1-03-013-3-0:1644001:1644001 [1] NCCL INFO Imported shareable buffer device 1 size 10485760 ptr 0x15518aa00000
atl1-1-03-013-3-0:1644001:1644001 [1] NCCL INFO Imported shareable buffer device 1 size 2097152 ptr 0x15518b400000
atl1-1-03-013-3-0:1644001:1644001 [1] NCCL INFO Imported shareable buffer device 1 size 10485760 ptr 0x15518b600000
atl1-1-03-013-3-0:1644001:1644001 [1] NCCL INFO Imported shareable buffer device 1 size 2097152 ptr 0x15518c000000
atl1-1-03-013-3-0:1644001:1644001 [1] NCCL INFO Imported shareable buffer device 1 size 10485760 ptr 0x15518c200000
atl1-1-03-013-3-0:1644001:1644001 [1] NCCL INFO Imported shareable buffer device 1 size 2097152 ptr 0x15518cc00000
atl1-1-03-013-3-0:1644001:1644001 [1] NCCL INFO Imported shareable buffer device 1 size 10485760 ptr 0x15518ce00000
atl1-1-03-013-3-0:1644001:1644001 [1] NCCL INFO Imported shareable buffer device 1 size 2097152 ptr 0x15518d800000
atl1-1-03-013-3-0:1644001:1644001 [1] NCCL INFO Imported shareable buffer device 1 size 10485760 ptr 0x15518da00000
atl1-1-03-013-3-0:1644001:1644001 [1] NCCL INFO Imported shareable buffer device 1 size 2097152 ptr 0x15518e400000
atl1-1-03-013-3-0:1644001:1644001 [1] NCCL INFO Imported shareable buffer device 1 size 10485760 ptr 0x15518e600000
atl1-1-03-013-3-0:1644001:1644001 [1] NCCL INFO Imported shareable buffer device 1 size 2097152 ptr 0x15518f000000
atl1-1-03-013-3-0:1644001:1644001 [1] NCCL INFO Imported shareable buffer device 1 size 10485760 ptr 0x15518f200000
atl1-1-03-013-3-0:1644001:1644001 [1] NCCL INFO Imported shareable buffer device 1 size 2097152 ptr 0x15518fc00000
atl1-1-03-013-3-0:1644001:1644001 [1] NCCL INFO Imported shareable buffer device 1 size 10485760 ptr 0x15518fe00000
