atl1-1-03-013-3-0:1643706:1643706 [0] NCCL INFO resp.opId=0x16bec470 matches expected opId=0x16bec470
atl1-1-03-013-3-0:1643706:1643706 [0] NCCL INFO Connected to proxy localRank 0 -> connection 0x15515c005b00
atl1-1-03-013-3-0:1643706:1644264 [0] NCCL INFO transport/p2p.cc:218 Cuda Alloc Size 2097152 pointer 0x155143a00000
atl1-1-03-013-3-0:1643706:1644264 [0] NCCL INFO Allocated shareable buffer 0x155143a00000 size 2097152 ipcDesc 0x15515c01b760
atl1-1-03-013-3-0:1643706:1644264 [0] NCCL INFO proxyProgressAsync opId=0x16bec470 op.type=3 op.reqBuff=0x15515c0285f0 op.respSize=80 done
atl1-1-03-013-3-0:1643706:1643706 [0] NCCL INFO ncclPollProxyResponse Received new opId=0x16bec470
atl1-1-03-013-3-0:1643706:1644264 [0] NCCL INFO Received and initiated operation=Setup res=0
atl1-1-03-013-3-0:1643706:1643706 [0] NCCL INFO resp.opId=0x16bec470 matches expected opId=0x16bec470
atl1-1-03-013-3-0:1643706:1643706 [0] NCCL INFO Channel 01/0 : 0[0] -> 1[1] via P2P/IPC
atl1-1-03-013-3-0:1643706:1644264 [0] NCCL INFO New proxy send connection 25 from local rank 0, transport 0
atl1-1-03-013-3-0:1643706:1644264 [0] NCCL INFO proxyProgressAsync opId=0x16bec470 op.type=1 op.reqBuff=0x15515c0285f0 op.respSize=16 done
atl1-1-03-013-3-0:1643706:1643706 [0] NCCL INFO ncclPollProxyResponse Received new opId=0x16bec470
atl1-1-03-013-3-0:1643706:1644264 [0] NCCL INFO Received and initiated operation=Init res=0
atl1-1-03-013-3-0:1643706:1643706 [0] NCCL INFO resp.opId=0x16bec470 matches expected opId=0x16bec470
atl1-1-03-013-3-0:1643706:1643706 [0] NCCL INFO Connected to proxy localRank 0 -> connection 0x15515c005b78
atl1-1-03-013-3-0:1643706:1644264 [0] NCCL INFO transport/p2p.cc:218 Cuda Alloc Size 2097152 pointer 0x155143c00000
atl1-1-03-013-3-0:1643706:1644264 [0] NCCL INFO Allocated shareable buffer 0x155143c00000 size 2097152 ipcDesc 0x15515c01b760
atl1-1-03-013-3-0:1643706:1644264 [0] NCCL INFO proxyProgressAsync opId=0x16bec470 op.type=3 op.reqBuff=0x15515c0292d0 op.respSize=80 done
atl1-1-03-013-3-0:1643706:1643706 [0] NCCL INFO ncclPollProxyResponse Received new opId=0x16bec470
atl1-1-03-013-3-0:1643706:1644264 [0] NCCL INFO Received and initiated operation=Setup res=0
atl1-1-03-013-3-0:1643706:1643706 [0] NCCL INFO resp.opId=0x16bec470 matches expected opId=0x16bec470
atl1-1-03-013-366 [2] NCCL INFO Received and initiated operation=Init res=0
atl1-1-03-013-3-0:1644063:1644063 [2] NCCL INFO resp.opId=0x16ba0f10 matches expected opId=0x16ba0f10
atl1-1-03-013-3-0:1644063:1644063 [2] NCCL INFO Connected to proxy localRank 2 -> connection 0x155114005a40
atl1-1-03-013-3-0:1644063:1644266 [2] NCCL INFO transport/p2p.cc:218 Cuda Alloc Size 2097152 pointer 0x155181e00000
atl1-1-03-013-3-0:1644063:1644266 [2] NCCL INFO Allocated shareable buffer 0x155181e00000 size 2097152 ipcDesc 0x15511401b4c0
atl1-1-03-013-3-0:1644063:1644266 [2] NCCL INFO proxyProgressAsync opId=0x16ba0f10 op.type=3 op.reqBuff=0x15511402b480 op.respSize=80 done
atl1-1-03-013-3-0:1644063:1644063 [2] NCCL INFO ncclPollProxyResponse Received new opId=0x16ba0f10
atl1-1-03-013-3-0:1644063:1644266 [2] NCCL INFO Received and initiated operation=Setup res=0
atl1-1-03-013-3-0:1644063:1644063 [2] NCCL INFO resp.opId=0x16ba0f10 matches expected opId=0x16ba0f10
atl1-1-03-013-3-0:1644063:1644063 [2] NCCL INFO Channel 05/0 : 2[2] -> 3[3] via P2P/IPC
atl1-1-03-013-3-0:1644063:1644266 [2] NCCL INFO New proxy send connection 29 from local rank 2, transport 0
atl1-1-03-013-3-0:1644063:1644266 [2] NCCL INFO proxyProgressAsync opId=0x16ba0f10 op.type=1 op.reqBuff=0x15511402b480 op.respSize=16 done
atl1-1-03-013-3-0:1644063:1644063 [2] NCCL INFO ncclPollProxyResponse Received new opId=0x16ba0f10
atl1-1-03-013-3-0:1644063:1644266 [2] NCCL INFO Received and initiated operation=Init res=0
atl1-1-03-013-3-0:1644063:1644063 [2] NCCL INFO resp.opId=0x16ba0f10 matches expected opId=0x16ba0f10
atl1-1-03-013-3-0:1644063:1644063 [2] NCCL INFO Connected to proxy localRank 2 -> connection 0x155114005ab8
atl1-1-03-013-3-0:1644063:1644266 [2] NCCL INFO transport/p2p.cc:218 Cuda Alloc Size 2097152 pointer 0x155182000000
atl1-1-03-013-3-0:1644063:1644266 [2] NCCL INFO Allocated shareable buffer 0x155182000000 size 2097152 ipcDesc 0x15511401b4c0
atl1-1-03-013-3-0:1644063:1644266 [2] NCCL INFO proxyProgressAsync opId=0x16ba0f10 op.type=3 op.reqBuff=0x15511402c160 op.respSize=80 done
atl1-1-03-013-3-0:1644063:1644063 [2] NCCL INFO ncclPollProxyResponse Received new opId=0x16ba0f10
atl1-1-03-013-3-0:1644063:1644266 [2] NCCL INFO Received and initiated operation=Setup res=0
atl1-1-03-013-3-0:1644063:1644063 [2] NCCL INFO resp.opId=0x16ba0f10 matches expected opId=0x16ba0f10
atl1-1-03-013-3-0:1644063:1644063 [2] NCCL INFO Channel 06/0 : 2[2] -> 3[3] via P2P/IPC
atl1-1-03-013-3-0:1644063:1644266 [2] NCCL INFO New proxy send connection 30 from local rank 2, transport 0
atl1-1-03-013-3-0:1644063:1644266 [2] NCCL INFO proxyProgressAsync opId=0x16ba0f10 op.type=1 op.reqBuff=0x15511402c160 op.respSize=16 done
atl1-1-03-013-3-0:1644063:1644063 [2] NCCL INFO ncclPollProxyResponse Received new opId=0x16ba0f10
atl1-1-03-013-3-0:1644063:1644266 [2] NCCL INFO Received and initiated operation=Init res=0
atl1-1-03-013-3-0:1644063:1644063 [2] NCCL INFO resp.opId=0x16ba0f10 matches expected opId=0x16ba0f10
atl1-1-03-013-3-0:1644063:1644063 [2] NCCL INFO Connected to proxy localRank 2 -> connection 0x155114005b30
atl1-1-03-013-3-0:1644063:1644266 [2] NCCL INFO transport/p2p.cc:218 Cuda Alloc Size 2097152 pointer 0x155182200000
atl1-1-03-013-3-0:1644063:1644266 [2] NCCL INFO Allocated shareable buffer 0x155182200000 size 2097152 ipcDesc 0x15511401b4c0
atl1-1-03-013-3-0:1644063:1644266 [2] NCCL INFO proxyProgressAsync opId=0x16ba0f10 op.type=3 op.reqBuff=0x15511402ce40 op.respSize=80 done
atl1-1-03-013-3-0:1644063:1644063 [2] NCCL INFO ncclPollProxyResponse Received new opId=0x16ba0f10
atl1-1-03-013-3-0:1644063:1644266 [2] NCCL INFO Received and initiated operation=Setup res=0
atl1-1-03-013-3-0:1644063:1644063 [2] NCCL INFO resp.opId=0x16ba0f10 matches expected opId=0x16ba0f10
atl1-1-03-013-3-0:1644063:1644063 [2] NCCL INFO Channel 07/0 : 2[2] -> 3[3] via P2P/IPC
atl1-1-03-013-3-0:1644063:1644266 [2] NCCL INFO New proxy send connection 31 from local rank 2, transport 0
atl1-1-03-013-3-0:1644063:1644266 [2] NCCL INFO proxyProgressAsync opId=0x16ba0f10 op.type=1 op.reqBuff=0x15511402ce40 op.respSize=16 done
atl1-1-03-013-3-0:1644063:1644063 [2] NCCL INFO ncclPollProxyResponse Received new opId=0x16ba0f10
atl1-1-03-013-3-0:1644063:1644266 [2] NCCL INFO Received and initiated operation=Init res=0
atl1-1-03-013-3-0:1644063:1644063 [2] NCCL INFO resp.opId=0x16ba0f10 matches expected opId=0x16ba0f10
atl1-1-03-013-3-0:1644063:1644063 [2] NCCL INFO Connected to proxy localRank 2 -> connection 0x155114005ba8
atl1-1-03-013-3-0:1644063:1644266 [2] NCCL INFO transport/p2p.cc:218 Cuda Alloc Size 2097152 pointer 0x155182400000
atl1-1-03-013-3-0:1644063:1644266 [2] NCCL INFO Allocated shareable buffer 0x155182400000 size 2097152 ipcDesc 0x15511401b4c0
atl1-1-03-013-3-0:1644063:1644266 [2] NCCL INFO proxyProgressAsync opId=0x16ba0f10 op.type=3 op.reqBuff=0x15511402db20 op.respSize=80 done
atl1-1-03-013-3-0:1644063:1644063 [2] NCCL INFO ncclPollProxyResponse Received new opId=0x16ba0f10
atl1-1-03-013-3-0:1644063:1644266 [2] NCCL INFO Received and initiated operation=Setup res=0
atl1-1-03-013-3-0:1644063:1644063 [2] NCCL INFO resp.opId=0x16ba0f10 matches expected opId=0x16ba0f10
atl1-1-03-013-3-0:1644063:1644063 [2] NCCL INFO Channel 08/0 : 2[2] -> 3[3] via P2P/IPC
atl1-1-03-013-3-0:1644063:1644266 [2] NCCL INFO New proxy send connection 32 from local rank 2, transport 0
atl1-1-03-013-3-0:1644063:1644266 [2] NCCL INFO proxyProgressAsync opId=0x16ba0f10 op.type=1 op.reqBuff=0x15511402db20 op.respSize=16 done
atl1-1-03-013-3-0:1644063:1644063 [2] NCCL INFO ncclPollProxyResponse Received new opId=0x16ba0f10
atl1-1-03-013-3-0:1644063:1644266 [2] NCCL INFO Received and initiated operation=Init res=0
atl1-1-03-013-3-0:1644063:1644063 [2] NCCL INFO resp.opId=0x16ba0f10 matches expected opId=0x16ba0f10
atl1-1-03-013-3-0:1644063:1644063 [2] NCCL INFO Connected to proxy localRank 2 -> connection 0x155114005c20
atl1-1-03-013-3-0:1644063:1644266 [2] NCCL INFO transport/p2p.cc:218 Cuda Alloc Size 2097152 pointer 0x155182600000
atl1-1-03-013-3-0:1644063:1644266 [2] NCCL INFO Allocated shareable buffer 0x155182600000 size 2097152 ipcDesc 0x15511401b4c0
atl1-1-03-013-3-0:1644063:1644266 [2] NCCL INFO proxyProgressAsync opId=0x16ba0f10 op.type=3 op.reqBuff=0x15511402e800 op.respSize=80 done
atl1-1-03-013-3-0:1644063:1644063 [2] NCCL INFO ncclPollProxyResponse Received new opId=0x16ba0f10
atl1-1-03-013-3-0:1644063:1644266 [2] NCCL INFO Received and initiated operation=Setup res=0
atl1-1-03-013-3-0:1644063:1644063 [2] NCCL INFO resp.opId=0x16ba0f10 matches expected opId=0x16ba0f10
atl1-1-03-013-3-0:1644063:1644063 [2] NCCL INFO Channel 09/0 : 2[2] -> 3[3] via P2P/IPC
atl1-1-03-013-3-0:1644063:1644266 [2] NCCL INFO New proxy send connection 33 from local rank 2, transport 0
atl1-1-03-013-3-0:1644063:1644266 [2] NCCL INFO proxyProgressAsync opId=0x16ba0f10 op.type=1 op.reqBuff=0x15511402e800 op.respSize=16 done
atl1-1-03-013-3-0:1644063:1644063 [2] NCCL INFO ncclPollProxyResponse Received new opId=0x16ba0f10
atl1-1-03-013-3-0:1644063:1644266 [2] NCCL INFO Received and initiated operation=Init res=0
atl1-1-03-013-3-0:1644063:1644063 [2] NCCL INFO resp.opId=0x16ba0f10 matches expected opId=0x16ba0f10
atl1-1-03-013-3-0:1644063:1644063 [2] NCCL INFO Connected to proxy localRank 2 -> connection 0x155114005c98
atl1-1-03-013-3-0:1644063:1644266 [2] NCCL INFO transport/p2p.cc:218 Cuda Alloc Size 2097152 pointer 0x155182800000
atl1-1-03-013-3-0:1644063:1644266 [2] NCCL INFO Allocated shareable buffer 0x155182800000 size 2097152 ipcDesc 0x15511401b4c0
atl1-1-03-013-3-0:1644063:1644266 [2] NCCL INFO proxyProgressAsync opId=0x16ba0f10 op.type=3 op.reqBuff=0x15511402f4e0 op.respSize=80 done
atl1-1-03-013-3-0:1644063:1644063 [2] NCCL INFO ncclPollProxyResponse Received new opId=0x16ba0f10
atl1-1-03-013-3-0:1644063:1644266 [2] NCCL INFO Received and initiated operation=Setup res=0
atl1-1-03-013-3-0:1644063:1644063 [2] NCCL INFO resp.opId=0x16ba0f10 matches expected opId=0x16ba0f10
atl1-1-03-013-3-0:1644063:1644063 [2] NCCL INFO Channel 10/0 : 2[2] -> 3[3] via P2P/IPC
atl1-1-03-013-3-0:1644063:1644266 [2] NCCL INFO New proxy send connection 34 from local rank 2, transpo opId=0x16c0c5f0
atl1-1-03-013-3-0:1644001:1644268 [1] NCCL INFO Received and initiated operation=Setup res=0
atl1-1-03-013-3-0:1644001:1644001 [1] NCCL INFO resp.opId=0x16c0c5f0 matches expected opId=0x16c0c5f0
atl1-1-03-013-3-0:1644001:1644001 [1] NCCL INFO Channel 09/0 : 1[1] -> 2[2] via P2P/IPC
atl1-1-03-013-3-0:1644001:1644268 [1] NCCL INFO New proxy send connection 33 from local rank 1, transport 0
atl1-1-03-013-3-0:1644001:1644268 [1] NCCL INFO proxyProgressAsync opId=0x16c0c5f0 op.type=1 op.reqBuff=0x15511802e9e0 op.respSize=16 done
atl1-1-03-013-3-0:1644001:1644001 [1] NCCL INFO ncclPollProxyResponse Received new opId=0x16c0c5f0
atl1-1-03-013-3-0:1644001:1644268 [1] NCCL INFO Received and initiated operation=Init res=0
atl1-1-03-013-3-0:1644001:1644001 [1] NCCL INFO resp.opId=0x16c0c5f0 matches expected opId=0x16c0c5f0
atl1-1-03-013-3-0:1644001:1644001 [1] NCCL INFO Connected to proxy localRank 1 -> connection 0x155118005c98
atl1-1-03-013-3-0:1644001:1644268 [1] NCCL INFO transport/p2p.cc:218 Cuda Alloc Size 2097152 pointer 0x155186800000
atl1-1-03-013-3-0:1644001:1644268 [1] NCCL INFO Allocated shareable buffer 0x155186800000 size 2097152 ipcDesc 0x15511801b4c0
atl1-1-03-013-3-0:1644001:1644268 [1] NCCL INFO proxyProgressAsync opId=0x16c0c5f0 op.type=3 op.reqBuff=0x15511802f6c0 op.respSize=80 done
atl1-1-03-013-3-0:1644001:1644001 [1] NCCL INFO ncclPollProxyResponse Received new opId=0x16c0c5f0
atl1-1-03-013-3-0:1644001:1644268 [1] NCCL INFO Received and initiated operation=Setup res=0
atl1-1-03-013-3-0:1644001:1644001 [1] NCCL INFO resp.opId=0x16c0c5f0 matches expected opId=0x16c0c5f0
atl1-1-03-013-3-0:1644001:1644001 [1] NCCL INFO Channel 10/0 : 1[1] -> 2[2] via P2P/IPC
atl1-1-03-013-3-0:1644001:1644268 [1] NCCL INFO New proxy send connection 34 from local rank 1, transport 0
atl1-1-03-013-3-0:1644001:1644268 [1] NCCL INFO proxyProgressAsync opId=0x16c0c5f0 op.type=1 op.reqBuff=0x15511802f6c0 op.respSize=16 done
atl1-1-03-013-3-0:1644001:1644001 [1] NCCL INFO ncclPollProxyResponse Received new opId=0x16c0c5f0
atl1-1-03-013-3-0:1644001:1644268 [1] NCCL INFO Received and initiated operation=Init res=0
atl1-1-03-013-3-0:1644001:1644001 [1] NCCL INFO resp.opId=0x16c0c5f0 matches expected opId=0x16c0c5f0
atl1-1-03-013-3-0:1644001:1644001 [1] NCCL INFO Connected to proxy localRank 1 -> connection 0x155118005d10
atl1-1-03-013-3-0:1644001:1644268 [1] NCCL INFO transport/p2p.cc:218 Cuda Alloc Size 2097152 pointer 0x155186a00000
atl1-1-03-013-3-0:1644001:1644268 [1] NCCL INFO Allocated shareable buffer 0x155186a00000 size 2097152 ipcDesc 0x15511801b4c0
atl1-1-03-013-3-0:1644001:1644268 [1] NCCL INFO proxyProgressAsync opId=0x16c0c5f0 op.type=3 op.reqBuff=0x1551180303a0 op.respSize=80 done
atl1-1-03-013-3-0:1644001:1644001 [1] NCCL INFO ncclPollProxyResponse Received new opId=0x16c0c5f0
atl1-1-03-013-3-0:1644001:1644268 [1] NCCL INFO Received and initiated operation=Setup res=0
atl1-1-03-013-3-0:1644001:1644001 [1] NCCL INFO resp.opId=0x16c0c5f0 matches expected opId=0x16c0c5f0
atl1-1-03-013-3-0:1644001:1644001 [1] NCCL INFO Channel 11/0 : 1[1] -> 2[2] via P2P/IPC
atl1-1-03-013-3-0:1644001:1644268 [1] NCCL INFO New proxy send connection 35 from local rank 1, transport 0
atl1-1-03-013-3-0:1644001:1644268 [1] NCCL INFO proxyProgressAsync opId=0x16c0c5f0 op.type=1 op.reqBuff=0x1551180303a0 op.respSize=16 done
atl1-1-03-013-3-0:1644001:1644001 [1] NCCL INFO ncclPollProxyResponse Received new opId=0x16c0c5f0
atl1-1-03-013-3-0:1644001:1644268 [1] NCCL INFO Received and initiated operation=Init res=0
atl1-1-03-013-3-0:1644001:1644001 [1] NCCL INFO resp.opId=0x16c0c5f0 matches expected opId=0x16c0c5f0
atl1-1-03-013-3-0:1644001:1644001 [1] NCCL INFO Connected to proxy localRank 1 -> connection 0x155118005d88
atl1-1-03-013-3-0:1644001:1644268 [1] NCCL INFO transport/p2p.cc:218 Cuda Alloc Size 2097152 pointer 0x155186c00000
atl1-1-03-013-3-0:1644001:1644268 [1] NCCL INFO Allocated shareable buffer 0x155186c00000 size 2097152 ipcDesc 0x15511801b4c0
atl1-1-03-013-3-0:1644001:1644268 [1] NCCL INFO proxyProgressAsync opId=0x16c0c5f0 op.type=3 op.reqBuff=0x155118031080 op.respSize=80 done
atl1-1-03-013-3-0:1644001:1644001 [1] NCCL INFO ncclPollProxyResponse Received new opId=0x16c0c5f0
atl1-1-03-013-3-0:1644001:1644268 [1] NCCL INFO Received and initiated operation=Setup res=0
atl1-1-03-013-3-0:1644001:1644001 [1] NCCL INFO resp.opId=0x16c0c5f0 matches expected opId=0x16c0c5f0
atl1-1-03-013-3-0:1644001:1644001 [1] NCCL INFO Channel 12/0 : 1[1] -> 2[2] via P2P/IPC
atl1-1-03-013-3-0:1644001:1644268 [1] NCCL INFO New proxy send connection 36 from local rank 1, transport 0
atl1-1-03-013-3-0:1644001:1644268 [1] NCCL INFO proxyProgressAsync opId=0x16c0c5f0 op.type=1 op.reqBuff=0x155118031080 op.respSize=16 done
atl1-1-03-013-3-0:1644001:1644001 [1] NCCL INFO ncclPollProxyResponse Received new opId=0x16c0c5f0
atl1-1-03-013-3-0:1644001:1644268 [1] NCCL INFO Received and initiated operation=Init res=0
atl1-1-03-013-3-0:1644001:1644001 [1] NCCL INFO resp.opId=0x16c0c5f0 matches expected opId=0x16c0c5f0
atl1-1-03-013-3-0:1644001:1644001 [1] NCCL INFO Connected to proxy localRank 1 -> connection 0x155118005e00
atl1-1-03-013-3-0:1644001:1644268 [1] NCCL INFO transport/p2p.cc:218 Cuda Alloc Size 2097152 pointer 0x155186e00000
atl1-1-03-013-3-0:1644001:1644268 [1] NCCL INFO Allocated shareable buffer 0x155186e00000 size 2097152 ipcDesc 0x15511801b4c0
atl1-1-03-013-3-0:1644001:1644268 [1] NCCL INFO proxyProgressAsync opId=0x16c0c5f0 op.type=3 op.reqBuff=0x155118031d60 op.respSize=80 done
atl1-1-03-013-3-0:1644001:1644001 [1] NCCL INFO ncclPollProxyResponse Received new opId=0x16c0c5f0
atl1-1-03-013-3-0:1644001:1644268 [1] NCCL INFO Received and initiated operation=Setup res=0
atl1-1-03-013-3-0:1644001:1644001 [1] NCCL INFO resp.opId=0x16c0c5f0 matches expected opId=0x16c0c5f0
atl1-1-03-013-3-0:1644001:1644001 [1] NCCL INFO Channel 13/0 : 1[1] -> 2[2] via P2P/IPC
atl1-1-03-013-3-0:1644001:1644268 [1] NCCL INFO New proxy send connection 37 from local rank 1, transport 0
atl1-1-03-013-3-0:1644001:1644268 [1] NCCL INFO proxyProgressAsync opId=0x16c0c5f0 op.type=1 op.reqBuff=0x155118031d60 op.respSize=16 done
atl1-1-03-013-3-0:1644001:1644001 [1] NCCL INFO ncclPollProxyResponse Received new opId=0x16c0c5f0
atl1-1-03-013-3-0:1644001:1644268 [1] NCCL INFO Received and initiated operation=Init res=0
atl1-1-03-013-3-0:1644001:1644001 [1] NCCL INFO resp.opId=0x16c0c5f0 matches expected opId=0x16c0c5f0
atl1-1-03-013-3-0:1644001:1644001 [1] NCCL INFO Connected to proxy localRank 1 -> connection 0x155118005e78
atl1-1-03-013-3-0:1644001:1644268 [1] NCCL INFO transport/p2p.cc:218 Cuda Alloc Size 2097152 pointer 0x155187000000
atl1-1-03-013-3-0:1644001:1644268 [1] NCCL INFO Allocated shareable buffer 0x155187000000 size 2097152 ipcDesc 0x15511801b4c0
atl1-1-03-013-3-0:1644001:1644268 [1] NCCL INFO proxyProgressAsync opId=0x16c0c5f0 op.type=3 op.reqBuff=0x155118032a40 op.respSize=80 done
atl1-1-03-013-3-0:1644001:1644001 [1] NCCL INFO ncclPollProxyResponse Received new opId=0x16c0c5f0
atl1-1-03-013-3-0:1644001:1644268 [1] NCCL INFO Received and initiated operation=Setup res=0
atl1-1-03-013-3-0:1644001:1644001 [1] NCCL INFO resp.opId=0x16c0c5f0 matches expected opId=0x16c0c5f0
atl1-1-03-013-3-0:1644001:1644001 [1] NCCL INFO Channel 14/0 : 1[1] -> 2[2] via P2P/IPC
atl1-1-03-013-3-0:1644001:1644268 [1] NCCL INFO New proxy send connection 38 from local rank 1, transport 0
atl1-1-03-013-3-0:1644001:1644268 [1] NCCL INFO proxyProgressAsync opId=0x16c0c5f0 op.type=1 op.reqBuff=0x155118032a40 op.respSize=16 done
atl1-1-03-013-3-0:1644001:1644001 [1] NCCL INFO ncclPollProxyResponse Received new opId=0x16c0c5f0
atl1-1-03-013-3-0:1644001:1644268 [1] NCCL INFO Received and initiated operation=Init res=0
atl1-1-03-013-3-0:1644001:1644001 [1] NCCL INFO resp.opId=0x16c0c5f0 matches expected opId=0x16c0c5f0
atl1-1-03-013-3-0:1644001:1644001 [1] NCCL INFO Connected to proxy localRank 1 -> connection 0x155118005ef0
atl1-1-03-013-3-0:1644001:1644268 [1] NCCL INFO transport/p2p.cc:218 Cuda Alloc Size 2097152 pointer 0x155187200000
atl1-1-03-013-3-0:1644001:1644268 [1] NCCL INFO Allocated shareable buffeom local rank 3, transport 0
atl1-1-03-013-3-0:1644110:1644262 [3] NCCL INFO proxyProgressAsync opId=0x16c28e20 op.type=1 op.reqBuff=0x15511002f6c0 op.respSize=16 done
atl1-1-03-013-3-0:1644110:1644110 [3] NCCL INFO ncclPollProxyResponse Received new opId=0x16c28e20
atl1-1-03-013-3-0:1644110:1644262 [3] NCCL INFO Received and initiated operation=Init res=0
atl1-1-03-013-3-0:1644110:1644110 [3] NCCL INFO resp.opId=0x16c28e20 matches expected opId=0x16c28e20
atl1-1-03-013-3-0:1644110:1644110 [3] NCCL INFO Connected to proxy localRank 3 -> connection 0x155110005d10
atl1-1-03-013-3-0:1644110:1644262 [3] NCCL INFO transport/p2p.cc:218 Cuda Alloc Size 2097152 pointer 0x155178a00000
atl1-1-03-013-3-0:1644110:1644262 [3] NCCL INFO Allocated shareable buffer 0x155178a00000 size 2097152 ipcDesc 0x15511001b4c0
atl1-1-03-013-3-0:1644110:1644262 [3] NCCL INFO proxyProgressAsync opId=0x16c28e20 op.type=3 op.reqBuff=0x1551100303a0 op.respSize=80 done
atl1-1-03-013-3-0:1644110:1644110 [3] NCCL INFO ncclPollProxyResponse Received new opId=0x16c28e20
atl1-1-03-013-3-0:1644110:1644262 [3] NCCL INFO Received and initiated operation=Setup res=0
atl1-1-03-013-3-0:1644110:1644110 [3] NCCL INFO resp.opId=0x16c28e20 matches expected opId=0x16c28e20
atl1-1-03-013-3-0:1644110:1644110 [3] NCCL INFO Channel 11/0 : 3[3] -> 0[0] via P2P/IPC
atl1-1-03-013-3-0:1644110:1644262 [3] NCCL INFO New proxy send connection 35 from local rank 3, transport 0
atl1-1-03-013-3-0:1644110:1644262 [3] NCCL INFO proxyProgressAsync opId=0x16c28e20 op.type=1 op.reqBuff=0x1551100303a0 op.respSize=16 done
atl1-1-03-013-3-0:1644110:1644110 [3] NCCL INFO ncclPollProxyResponse Received new opId=0x16c28e20
atl1-1-03-013-3-0:1644110:1644262 [3] NCCL INFO Received and initiated operation=Init res=0
atl1-1-03-013-3-0:1644110:1644110 [3] NCCL INFO resp.opId=0x16c28e20 matches expected opId=0x16c28e20
atl1-1-03-013-3-0:1644110:1644110 [3] NCCL INFO Connected to proxy localRank 3 -> connection 0x155110005d88
atl1-1-03-013-3-0:1644110:1644262 [3] NCCL INFO transport/p2p.cc:218 Cuda Alloc Size 2097152 pointer 0x155178c00000
atl1-1-03-013-3-0:1644110:1644262 [3] NCCL INFO Allocated shareable buffer 0x155178c00000 size 2097152 ipcDesc 0x15511001b4c0
atl1-1-03-013-3-0:1644110:1644262 [3] NCCL INFO proxyProgressAsync opId=0x16c28e20 op.type=3 op.reqBuff=0x155110031080 op.respSize=80 done
atl1-1-03-013-3-0:1644110:1644110 [3] NCCL INFO ncclPollProxyResponse Received new opId=0x16c28e20
atl1-1-03-013-3-0:1644110:1644262 [3] NCCL INFO Received and initiated operation=Setup res=0
atl1-1-03-013-3-0:1644110:1644110 [3] NCCL INFO resp.opId=0x16c28e20 matches expected opId=0x16c28e20
atl1-1-03-013-3-0:1644110:1644110 [3] NCCL INFO Channel 12/0 : 3[3] -> 0[0] via P2P/IPC
atl1-1-03-013-3-0:1644110:1644262 [3] NCCL INFO New proxy send connection 36 from local rank 3, transport 0
atl1-1-03-013-3-0:1644110:1644262 [3] NCCL INFO proxyProgressAsync opId=0x16c28e20 op.type=1 op.reqBuff=0x155110031080 op.respSize=16 done
atl1-1-03-013-3-0:1644110:1644110 [3] NCCL INFO ncclPollProxyResponse Received new opId=0x16c28e20
atl1-1-03-013-3-0:1644110:1644262 [3] NCCL INFO Received and initiated operation=Init res=0
atl1-1-03-013-3-0:1644110:1644110 [3] NCCL INFO resp.opId=0x16c28e20 matches expected opId=0x16c28e20
atl1-1-03-013-3-0:1644110:1644110 [3] NCCL INFO Connected to proxy localRank 3 -> connection 0x155110005e00
atl1-1-03-013-3-0:1644110:1644262 [3] NCCL INFO transport/p2p.cc:218 Cuda Alloc Size 2097152 pointer 0x155178e00000
atl1-1-03-013-3-0:1644110:1644262 [3] NCCL INFO Allocated shareable buffer 0x155178e00000 size 2097152 ipcDesc 0x15511001b4c0
atl1-1-03-013-3-0:1644110:1644262 [3] NCCL INFO proxyProgressAsync opId=0x16c28e20 op.type=3 op.reqBuff=0x155110031d60 op.respSize=80 done
atl1-1-03-013-3-0:1644110:1644110 [3] NCCL INFO ncclPollProxyResponse Received new opId=0x16c28e20
atl1-1-03-013-3-0:1644110:1644262 [3] NCCL INFO Received and initiated operation=Setup res=0
atl1-1-03-013-3-0:1644110:1644110 [3] NCCL INFO resp.opId=0x16c28e20 matches expected opId=0x16c28e20
atl1-1-03-013-3-0:1644110:1644110 [3] NCCL INFO Channel 13/0 : 3[3] -> 0[0] via P2P/IPC
atl1-1-03-013-3-0:1644110:1644262 [3] NCCL INFO New proxy send connection 37 from local rank 3, transport 0
atl1-1-03-013-3-0:1644110:1644262 [3] NCCL INFO proxyProgressAsync opId=0x16c28e20 op.type=1 op.reqBuff=0x155110031d60 op.respSize=16 done
atl1-1-03-013-3-0:1644110:1644110 [3] NCCL INFO ncclPollProxyResponse Received new opId=0x16c28e20
atl1-1-03-013-3-0:1644110:1644262 [3] NCCL INFO Received and initiated operation=Init res=0
atl1-1-03-013-3-0:1644110:1644110 [3] NCCL INFO resp.opId=0x16c28e20 matches expected opId=0x16c28e20
atl1-1-03-013-3-0:1644110:1644110 [3] NCCL INFO Connected to proxy localRank 3 -> connection 0x155110005e78
atl1-1-03-013-3-0:1644110:1644262 [3] NCCL INFO transport/p2p.cc:218 Cuda Alloc Size 2097152 pointer 0x155179000000
atl1-1-03-013-3-0:1644110:1644262 [3] NCCL INFO Allocated shareable buffer 0x155179000000 size 2097152 ipcDesc 0x15511001b4c0
atl1-1-03-013-3-0:1644110:1644262 [3] NCCL INFO proxyProgressAsync opId=0x16c28e20 op.type=3 op.reqBuff=0x155110032a40 op.respSize=80 done
atl1-1-03-013-3-0:1644110:1644110 [3] NCCL INFO ncclPollProxyResponse Received new opId=0x16c28e20
atl1-1-03-013-3-0:1644110:1644262 [3] NCCL INFO Received and initiated operation=Setup res=0
atl1-1-03-013-3-0:1644110:1644110 [3] NCCL INFO resp.opId=0x16c28e20 matches expected opId=0x16c28e20
atl1-1-03-013-3-0:1644110:1644110 [3] NCCL INFO Channel 14/0 : 3[3] -> 0[0] via P2P/IPC
atl1-1-03-013-3-0:1644110:1644262 [3] NCCL INFO New proxy send connection 38 from local rank 3, transport 0
atl1-1-03-013-3-0:1644110:1644262 [3] NCCL INFO proxyProgressAsync opId=0x16c28e20 op.type=1 op.reqBuff=0x155110032a40 op.respSize=16 done
atl1-1-03-013-3-0:1644110:1644110 [3] NCCL INFO ncclPollProxyResponse Received new opId=0x16c28e20
atl1-1-03-013-3-0:1644110:1644262 [3] NCCL INFO Received and initiated operation=Init res=0
atl1-1-03-013-3-0:1644110:1644110 [3] NCCL INFO resp.opId=0x16c28e20 matches expected opId=0x16c28e20
atl1-1-03-013-3-0:1644110:1644110 [3] NCCL INFO Connected to proxy localRank 3 -> connection 0x155110005ef0
atl1-1-03-013-3-0:1644110:1644262 [3] NCCL INFO transport/p2p.cc:218 Cuda Alloc Size 2097152 pointer 0x155179200000
atl1-1-03-013-3-0:1644110:1644262 [3] NCCL INFO Allocated shareable buffer 0x155179200000 size 2097152 ipcDesc 0x15511001b4c0
atl1-1-03-013-3-0:1644110:1644262 [3] NCCL INFO proxyProgressAsync opId=0x16c28e20 op.type=3 op.reqBuff=0x155110033720 op.respSize=80 done
atl1-1-03-013-3-0:1644110:1644110 [3] NCCL INFO ncclPollProxyResponse Received new opId=0x16c28e20
atl1-1-03-013-3-0:1644110:1644262 [3] NCCL INFO Received and initiated operation=Setup res=0
atl1-1-03-013-3-0:1644110:1644110 [3] NCCL INFO resp.opId=0x16c28e20 matches expected opId=0x16c28e20
atl1-1-03-013-3-0:1644110:1644110 [3] NCCL INFO Channel 15/0 : 3[3] -> 0[0] via P2P/IPC
atl1-1-03-013-3-0:1644110:1644262 [3] NCCL INFO New proxy send connection 39 from local rank 3, transport 0
atl1-1-03-013-3-0:1644110:1644262 [3] NCCL INFO proxyProgressAsync opId=0x16c28e20 op.type=1 op.reqBuff=0x155110033720 op.respSize=16 done
atl1-1-03-013-3-0:1644110:1644110 [3] NCCL INFO ncclPollProxyResponse Received new opId=0x16c28e20
atl1-1-03-013-3-0:1644110:1644262 [3] NCCL INFO Received and initiated operation=Init res=0
atl1-1-03-013-3-0:1644110:1644110 [3] NCCL INFO resp.opId=0x16c28e20 matches expected opId=0x16c28e20
atl1-1-03-013-3-0:1644110:1644110 [3] NCCL INFO Connected to proxy localRank 3 -> connection 0x155110005f68
atl1-1-03-013-3-0:1644110:1644262 [3] NCCL INFO transport/p2p.cc:218 Cuda Alloc Size 2097152 pointer 0x155179400000
atl1-1-03-013-3-0:1644110:1644262 [3] NCCL INFO Allocated shareable buffer 0x155179400000 size 2097152 ipcDesc 0x15511001b4c0
atl1-1-03-013-3-0:1644110:1644262 [3] NCCL INFO proxyProgressAsync opId=0x16c28e20 op.type=3 op.reqBuff=0x155110034400 op.respSize=80 done
atl1-1-03-013-3-0:1644110:1644110 [3] NCCL INFO ncclPollProxyResponse Received new opId=0x16c28e20
atl1-1-03-013-3-0:1644110:1644262 [3] NCCL INFO Received and initiated operation=Setup rrt 0
atl1-1-03-013-3-0:1644063:1644266 [2] NCCL INFO proxyProgressAsync opId=0x16ba0f10 op.type=1 op.reqBuff=0x15511402f4e0 op.respSize=16 done
atl1-1-03-013-3-0:1644063:1644063 [2] NCCL INFO ncclPollProxyResponse Received new opId=0x16ba0f10
atl1-1-03-013-3-0:1644063:1644266 [2] NCCL INFO Received and initiated operation=Init res=0
atl1-1-03-013-3-0:1644063:1644063 [2] NCCL INFO resp.opId=0x16ba0f10 matches expected opId=0x16ba0f10
atl1-1-03-013-3-0:1644063:1644063 [2] NCCL INFO Connected to proxy localRank 2 -> connection 0x155114005d10
atl1-1-03-013-3-0:1644063:1644266 [2] NCCL INFO transport/p2p.cc:218 Cuda Alloc Size 2097152 pointer 0x155182a00000
atl1-1-03-013-3-0:1644063:1644266 [2] NCCL INFO Allocated shareable buffer 0x155182a00000 size 2097152 ipcDesc 0x15511401b4c0
atl1-1-03-013-3-0:1644063:1644266 [2] NCCL INFO proxyProgressAsync opId=0x16ba0f10 op.type=3 op.reqBuff=0x1551140301c0 op.respSize=80 done
atl1-1-03-013-3-0:1644063:1644063 [2] NCCL INFO ncclPollProxyResponse Received new opId=0x16ba0f10
atl1-1-03-013-3-0:1644063:1644266 [2] NCCL INFO Received and initiated operation=Setup res=0
atl1-1-03-013-3-0:1644063:1644063 [2] NCCL INFO resp.opId=0x16ba0f10 matches expected opId=0x16ba0f10
atl1-1-03-013-3-0:1644063:1644063 [2] NCCL INFO Channel 11/0 : 2[2] -> 3[3] via P2P/IPC
atl1-1-03-013-3-0:1644063:1644266 [2] NCCL INFO New proxy send connection 35 from local rank 2, transport 0
atl1-1-03-013-3-0:1644063:1644266 [2] NCCL INFO proxyProgressAsync opId=0x16ba0f10 op.type=1 op.reqBuff=0x1551140301c0 op.respSize=16 done
atl1-1-03-013-3-0:1644063:1644063 [2] NCCL INFO ncclPollProxyResponse Received new opId=0x16ba0f10
atl1-1-03-013-3-0:1644063:1644266 [2] NCCL INFO Received and initiated operation=Init res=0
atl1-1-03-013-3-0:1644063:1644063 [2] NCCL INFO resp.opId=0x16ba0f10 matches expected opId=0x16ba0f10
atl1-1-03-013-3-0:1644063:1644063 [2] NCCL INFO Connected to proxy localRank 2 -> connection 0x155114005d88
atl1-1-03-013-3-0:1644063:1644266 [2] NCCL INFO transport/p2p.cc:218 Cuda Alloc Size 2097152 pointer 0x155182c00000
atl1-1-03-013-3-0:1644063:1644266 [2] NCCL INFO Allocated shareable buffer 0x155182c00000 size 2097152 ipcDesc 0x15511401b4c0
atl1-1-03-013-3-0:1644063:1644266 [2] NCCL INFO proxyProgressAsync opId=0x16ba0f10 op.type=3 op.reqBuff=0x155114030ea0 op.respSize=80 done
atl1-1-03-013-3-0:1644063:1644063 [2] NCCL INFO ncclPollProxyResponse Received new opId=0x16ba0f10
atl1-1-03-013-3-0:1644063:1644266 [2] NCCL INFO Received and initiated operation=Setup res=0
atl1-1-03-013-3-0:1644063:1644063 [2] NCCL INFO resp.opId=0x16ba0f10 matches expected opId=0x16ba0f10
atl1-1-03-013-3-0:1644063:1644063 [2] NCCL INFO Channel 12/0 : 2[2] -> 3[3] via P2P/IPC
atl1-1-03-013-3-0:1644063:1644266 [2] NCCL INFO New proxy send connection 36 from local rank 2, transport 0
atl1-1-03-013-3-0:1644063:1644266 [2] NCCL INFO proxyProgressAsync opId=0x16ba0f10 op.type=1 op.reqBuff=0x155114030ea0 op.respSize=16 done
atl1-1-03-013-3-0:1644063:1644063 [2] NCCL INFO ncclPollProxyResponse Received new opId=0x16ba0f10
atl1-1-03-013-3-0:1644063:1644266 [2] NCCL INFO Received and initiated operation=Init res=0
atl1-1-03-013-3-0:1644063:1644063 [2] NCCL INFO resp.opId=0x16ba0f10 matches expected opId=0x16ba0f10
atl1-1-03-013-3-0:1644063:1644063 [2] NCCL INFO Connected to proxy localRank 2 -> connection 0x155114005e00
atl1-1-03-013-3-0:1644063:1644266 [2] NCCL INFO transport/p2p.cc:218 Cuda Alloc Size 2097152 pointer 0x155182e00000
atl1-1-03-013-3-0:1644063:1644266 [2] NCCL INFO Allocated shareable buffer 0x155182e00000 size 2097152 ipcDesc 0x15511401b4c0
atl1-1-03-013-3-0:1644063:1644266 [2] NCCL INFO proxyProgressAsync opId=0x16ba0f10 op.type=3 op.reqBuff=0x155114031b80 op.respSize=80 done
atl1-1-03-013-3-0:1644063:1644063 [2] NCCL INFO ncclPollProxyResponse Received new opId=0x16ba0f10
atl1-1-03-013-3-0:1644063:1644266 [2] NCCL INFO Received and initiated operation=Setup res=0
atl1-1-03-013-3-0:1644063:1644063 [2] NCCL INFO resp.opId=0x16ba0f10 matches expected opId=0x16ba0f10
atl1-1-03-013-3-0:1644063:1644063 [2] NCCL INFO Channel 13/0 : 2[2] -> 3[3] via P2P/IPC
atl1-1-03-013-3-0:1644063:1644266 [2] NCCL INFO New proxy send connection 37 from local rank 2, transport 0
atl1-1-03-013-3-0:1644063:1644266 [2] NCCL INFO proxyProgressAsync opId=0x16ba0f10 op.type=1 op.reqBuff=0x155114031b80 op.respSize=16 done
atl1-1-03-013-3-0:1644063:1644063 [2] NCCL INFO ncclPollProxyResponse Received new opId=0x16ba0f10
atl1-1-03-013-3-0:1644063:1644266 [2] NCCL INFO Received and initiated operation=Init res=0
atl1-1-03-013-3-0:1644063:1644063 [2] NCCL INFO resp.opId=0x16ba0f10 matches expected opId=0x16ba0f10
atl1-1-03-013-3-0:1644063:1644063 [2] NCCL INFO Connected to proxy localRank 2 -> connection 0x155114005e78
atl1-1-03-013-3-0:1644063:1644266 [2] NCCL INFO transport/p2p.cc:218 Cuda Alloc Size 2097152 pointer 0x155183000000
atl1-1-03-013-3-0:1644063:1644266 [2] NCCL INFO Allocated shareable buffer 0x155183000000 size 2097152 ipcDesc 0x15511401b4c0
atl1-1-03-013-3-0:1644063:1644266 [2] NCCL INFO proxyProgressAsync opId=0x16ba0f10 op.type=3 op.reqBuff=0x155114032860 op.respSize=80 done
atl1-1-03-013-3-0:1644063:1644063 [2] NCCL INFO ncclPollProxyResponse Received new opId=0x16ba0f10
atl1-1-03-013-3-0:1644063:1644266 [2] NCCL INFO Received and initiated operation=Setup res=0
atl1-1-03-013-3-0:1644063:1644063 [2] NCCL INFO resp.opId=0x16ba0f10 matches expected opId=0x16ba0f10
atl1-1-03-013-3-0:1644063:1644063 [2] NCCL INFO Channel 14/0 : 2[2] -> 3[3] via P2P/IPC
atl1-1-03-013-3-0:1644063:1644266 [2] NCCL INFO New proxy send connection 38 from local rank 2, transport 0
atl1-1-03-013-3-0:1644063:1644266 [2] NCCL INFO proxyProgressAsync opId=0x16ba0f10 op.type=1 op.reqBuff=0x155114032860 op.respSize=16 done
atl1-1-03-013-3-0:1644063:1644063 [2] NCCL INFO ncclPollProxyResponse Received new opId=0x16ba0f10
atl1-1-03-013-3-0:1644063:1644266 [2] NCCL INFO Received and initiated operation=Init res=0
atl1-1-03-013-3-0:1644063:1644063 [2] NCCL INFO resp.opId=0x16ba0f10 matches expected opId=0x16ba0f10
atl1-1-03-013-3-0:1644063:1644063 [2] NCCL INFO Connected to proxy localRank 2 -> connection 0x155114005ef0
atl1-1-03-013-3-0:1644063:1644266 [2] NCCL INFO transport/p2p.cc:218 Cuda Alloc Size 2097152 pointer 0x155183200000
atl1-1-03-013-3-0:1644063:1644266 [2] NCCL INFO Allocated shareable buffer 0x155183200000 size 2097152 ipcDesc 0x15511401b4c0
atl1-1-03-013-3-0:1644063:1644266 [2] NCCL INFO proxyProgressAsync opId=0x16ba0f10 op.type=3 op.reqBuff=0x155114033540 op.respSize=80 done
atl1-1-03-013-3-0:1644063:1644063 [2] NCCL INFO ncclPollProxyResponse Received new opId=0x16ba0f10
atl1-1-03-013-3-0:1644063:1644266 [2] NCCL INFO Received and initiated operation=Setup res=0
atl1-1-03-013-3-0:1644063:1644063 [2] NCCL INFO resp.opId=0x16ba0f10 matches expected opId=0x16ba0f10
atl1-1-03-013-3-0:1644063:1644063 [2] NCCL INFO Channel 15/0 : 2[2] -> 3[3] via P2P/IPC
atl1-1-03-013-3-0:1644063:1644266 [2] NCCL INFO New proxy send connection 39 from local rank 2, transport 0
atl1-1-03-013-3-0:1644063:1644266 [2] NCCL INFO proxyProgressAsync opId=0x16ba0f10 op.type=1 op.reqBuff=0x155114033540 op.respSize=16 done
atl1-1-03-013-3-0:1644063:1644063 [2] NCCL INFO ncclPollProxyResponse Received new opId=0x16ba0f10
atl1-1-03-013-3-0:1644063:1644266 [2] NCCL INFO Received and initiated operation=Init res=0
atl1-1-03-013-3-0:1644063:1644063 [2] NCCL INFO resp.opId=0x16ba0f10 matches expected opId=0x16ba0f10
atl1-1-03-013-3-0:1644063:1644063 [2] NCCL INFO Connected to proxy localRank 2 -> connection 0x155114005f68
atl1-1-03-013-3-0:1644063:1644266 [2] NCCL INFO transport/p2p.cc:218 Cuda Alloc Size 2097152 pointer 0x155183400000
atl1-1-03-013-3-0:1644063:1644266 [2] NCCL INFO Allocated shareable buffer 0x155183400000 size 2097152 ipcDesc 0x15511401b4c0
atl1-1-03-013-3-0:1644063:1644266 [2] NCCL INFO proxyProgressAsync opId=0x16ba0f10 op.type=3 op.reqBuff=0x155114034220 op.respSize=80 done
atl1-1-03-013-3-0:1644063:1644063 [2] NCCL INFO ncclPollProxyResponse Received new opId=0x16ba0f10
atl1-1-03-013-3-0:1644063:1644266 [2] NCCL INFO Received and initiated operation=Setup res=0
atl1-1-03-013-3-0:1-0:1643706:1643706 [0] NCCL INFO Channel 02/0 : 0[0] -> 1[1] via P2P/IPC
atl1-1-03-013-3-0:1643706:1644264 [0] NCCL INFO New proxy send connection 26 from local rank 0, transport 0
atl1-1-03-013-3-0:1643706:1644264 [0] NCCL INFO proxyProgressAsync opId=0x16bec470 op.type=1 op.reqBuff=0x15515c0292d0 op.respSize=16 done
atl1-1-03-013-3-0:1643706:1643706 [0] NCCL INFO ncclPollProxyResponse Received new opId=0x16bec470
atl1-1-03-013-3-0:1643706:1644264 [0] NCCL INFO Received and initiated operation=Init res=0
atl1-1-03-013-3-0:1643706:1643706 [0] NCCL INFO resp.opId=0x16bec470 matches expected opId=0x16bec470
atl1-1-03-013-3-0:1643706:1643706 [0] NCCL INFO Connected to proxy localRank 0 -> connection 0x15515c005bf0
atl1-1-03-013-3-0:1643706:1644264 [0] NCCL INFO transport/p2p.cc:218 Cuda Alloc Size 2097152 pointer 0x155143e00000
atl1-1-03-013-3-0:1643706:1644264 [0] NCCL INFO Allocated shareable buffer 0x155143e00000 size 2097152 ipcDesc 0x15515c01b760
atl1-1-03-013-3-0:1643706:1644264 [0] NCCL INFO proxyProgressAsync opId=0x16bec470 op.type=3 op.reqBuff=0x15515c029fb0 op.respSize=80 done
atl1-1-03-013-3-0:1643706:1643706 [0] NCCL INFO ncclPollProxyResponse Received new opId=0x16bec470
atl1-1-03-013-3-0:1643706:1644264 [0] NCCL INFO Received and initiated operation=Setup res=0
atl1-1-03-013-3-0:1643706:1643706 [0] NCCL INFO resp.opId=0x16bec470 matches expected opId=0x16bec470
atl1-1-03-013-3-0:1643706:1643706 [0] NCCL INFO Channel 03/0 : 0[0] -> 1[1] via P2P/IPC
atl1-1-03-013-3-0:1643706:1644264 [0] NCCL INFO New proxy send connection 27 from local rank 0, transport 0
atl1-1-03-013-3-0:1643706:1644264 [0] NCCL INFO proxyProgressAsync opId=0x16bec470 op.type=1 op.reqBuff=0x15515c029fb0 op.respSize=16 done
atl1-1-03-013-3-0:1643706:1643706 [0] NCCL INFO ncclPollProxyResponse Received new opId=0x16bec470
atl1-1-03-013-3-0:1643706:1644264 [0] NCCL INFO Received and initiated operation=Init res=0
atl1-1-03-013-3-0:1643706:1643706 [0] NCCL INFO resp.opId=0x16bec470 matches expected opId=0x16bec470
atl1-1-03-013-3-0:1643706:1643706 [0] NCCL INFO Connected to proxy localRank 0 -> connection 0x15515c005c68
atl1-1-03-013-3-0:1643706:1644264 [0] NCCL INFO transport/p2p.cc:218 Cuda Alloc Size 2097152 pointer 0x15518bc00000
atl1-1-03-013-3-0:1643706:1644264 [0] NCCL INFO Allocated shareable buffer 0x15518bc00000 size 2097152 ipcDesc 0x15515c01b760
atl1-1-03-013-3-0:1643706:1644264 [0] NCCL INFO proxyProgressAsync opId=0x16bec470 op.type=3 op.reqBuff=0x15515c02ac90 op.respSize=80 done
atl1-1-03-013-3-0:1643706:1643706 [0] NCCL INFO ncclPollProxyResponse Received new opId=0x16bec470
atl1-1-03-013-3-0:1643706:1644264 [0] NCCL INFO Received and initiated operation=Setup res=0
atl1-1-03-013-3-0:1643706:1643706 [0] NCCL INFO resp.opId=0x16bec470 matches expected opId=0x16bec470
atl1-1-03-013-3-0:1643706:1643706 [0] NCCL INFO Channel 04/0 : 0[0] -> 1[1] via P2P/IPC
atl1-1-03-013-3-0:1643706:1644264 [0] NCCL INFO New proxy send connection 28 from local rank 0, transport 0
atl1-1-03-013-3-0:1643706:1644264 [0] NCCL INFO proxyProgressAsync opId=0x16bec470 op.type=1 op.reqBuff=0x15515c02ac90 op.respSize=16 done
atl1-1-03-013-3-0:1643706:1643706 [0] NCCL INFO ncclPollProxyResponse Received new opId=0x16bec470
atl1-1-03-013-3-0:1643706:1644264 [0] NCCL INFO Received and initiated operation=Init res=0
atl1-1-03-013-3-0:1643706:1643706 [0] NCCL INFO resp.opId=0x16bec470 matches expected opId=0x16bec470
atl1-1-03-013-3-0:1643706:1643706 [0] NCCL INFO Connected to proxy localRank 0 -> connection 0x15515c005ce0
atl1-1-03-013-3-0:1643706:1644264 [0] NCCL INFO transport/p2p.cc:218 Cuda Alloc Size 2097152 pointer 0x15518be00000
atl1-1-03-013-3-0:1643706:1644264 [0] NCCL INFO Allocated shareable buffer 0x15518be00000 size 2097152 ipcDesc 0x15515c01b760
atl1-1-03-013-3-0:1643706:1644264 [0] NCCL INFO proxyProgressAsync opId=0x16bec470 op.type=3 op.reqBuff=0x15515c02b8d0 op.respSize=80 done
atl1-1-03-013-3-0:1643706:1643706 [0] NCCL INFO ncclPollProxyResponse Received new opId=0x16bec470
atl1-1-03-013-3-0:1643706:1644264 [0] NCCL INFO Received and initiated operation=Setup res=0
atl1-1-03-013-3-0:1643706:1643706 [0] NCCL INFO resp.opId=0x16bec470 matches expected opId=0x16bec470
atl1-1-03-013-3-0:1643706:1643706 [0] NCCL INFO Channel 05/0 : 0[0] -> 1[1] via P2P/IPC
atl1-1-03-013-3-0:1643706:1644264 [0] NCCL INFO New proxy send connection 29 from local rank 0, transport 0
atl1-1-03-013-3-0:1643706:1644264 [0] NCCL INFO proxyProgressAsync opId=0x16bec470 op.type=1 op.reqBuff=0x15515c02b8d0 op.respSize=16 done
atl1-1-03-013-3-0:1643706:1643706 [0] NCCL INFO ncclPollProxyResponse Received new opId=0x16bec470
atl1-1-03-013-3-0:1643706:1644264 [0] NCCL INFO Received and initiated operation=Init res=0
atl1-1-03-013-3-0:1643706:1643706 [0] NCCL INFO resp.opId=0x16bec470 matches expected opId=0x16bec470
atl1-1-03-013-3-0:1643706:1643706 [0] NCCL INFO Connected to proxy localRank 0 -> connection 0x15515c005d58
atl1-1-03-013-3-0:1643706:1644264 [0] NCCL INFO transport/p2p.cc:218 Cuda Alloc Size 2097152 pointer 0x15518c000000
atl1-1-03-013-3-0:1643706:1644264 [0] NCCL INFO Allocated shareable buffer 0x15518c000000 size 2097152 ipcDesc 0x15515c01b760
atl1-1-03-013-3-0:1643706:1644264 [0] NCCL INFO proxyProgressAsync opId=0x16bec470 op.type=3 op.reqBuff=0x15515c02c5b0 op.respSize=80 done
atl1-1-03-013-3-0:1643706:1643706 [0] NCCL INFO ncclPollProxyResponse Received new opId=0x16bec470
atl1-1-03-013-3-0:1643706:1644264 [0] NCCL INFO Received and initiated operation=Setup res=0
atl1-1-03-013-3-0:1643706:1643706 [0] NCCL INFO resp.opId=0x16bec470 matches expected opId=0x16bec470
atl1-1-03-013-3-0:1643706:1643706 [0] NCCL INFO Channel 06/0 : 0[0] -> 1[1] via P2P/IPC
atl1-1-03-013-3-0:1643706:1644264 [0] NCCL INFO New proxy send connection 30 from local rank 0, transport 0
atl1-1-03-013-3-0:1643706:1644264 [0] NCCL INFO proxyProgressAsync opId=0x16bec470 op.type=1 op.reqBuff=0x15515c02c5b0 op.respSize=16 done
atl1-1-03-013-3-0:1643706:1643706 [0] NCCL INFO ncclPollProxyResponse Received new opId=0x16bec470
atl1-1-03-013-3-0:1643706:1644264 [0] NCCL INFO Received and initiated operation=Init res=0
atl1-1-03-013-3-0:1643706:1643706 [0] NCCL INFO resp.opId=0x16bec470 matches expected opId=0x16bec470
atl1-1-03-013-3-0:1643706:1643706 [0] NCCL INFO Connected to proxy localRank 0 -> connection 0x15515c005dd0
atl1-1-03-013-3-0:1643706:1644264 [0] NCCL INFO transport/p2p.cc:218 Cuda Alloc Size 2097152 pointer 0x15518c200000
atl1-1-03-013-3-0:1643706:1644264 [0] NCCL INFO Allocated shareable buffer 0x15518c200000 size 2097152 ipcDesc 0x15515c01b760
atl1-1-03-013-3-0:1643706:1644264 [0] NCCL INFO proxyProgressAsync opId=0x16bec470 op.type=3 op.reqBuff=0x15515c02d290 op.respSize=80 done
atl1-1-03-013-3-0:1643706:1643706 [0] NCCL INFO ncclPollProxyResponse Received new opId=0x16bec470
atl1-1-03-013-3-0:1643706:1644264 [0] NCCL INFO Received and initiated operation=Setup res=0
atl1-1-03-013-3-0:1643706:1643706 [0] NCCL INFO resp.opId=0x16bec470 matches expected opId=0x16bec470
atl1-1-03-013-3-0:1643706:1643706 [0] NCCL INFO Channel 07/0 : 0[0] -> 1[1] via P2P/IPC
atl1-1-03-013-3-0:1643706:1644264 [0] NCCL INFO New proxy send connection 31 from local rank 0, transport 0
atl1-1-03-013-3-0:1643706:1644264 [0] NCCL INFO proxyProgressAsync opId=0x16bec470 op.type=1 op.reqBuff=0x15515c02d290 op.respSize=16 done
atl1-1-03-013-3-0:1643706:1643706 [0] NCCL INFO ncclPollProxyResponse Received new opId=0x16bec470
atl1-1-03-013-3-0:1643706:1644264 [0] NCCL INFO Received and initiated operation=Init res=0
atl1-1-03-013-3-0:1643706:1643706 [0] NCCL INFO resp.opId=0x16bec470 matches expected opId=0x16bec470
atl1-1-03-013-3-0:1643706:1643706 [0] NCCL INFO Connected to proxy localRank 0 -> connection 0x15515c005e48
atl1-1-03-013-3-0:1643706:1644264 [0] NCCL INFO transport/p2p.cc:218 Cuda Alloc Size 2097152 pointer 0x15518c400000
atl1-1-03-013-3-0:1643706:1644264 [0] NCCL INFO Allocated shareable buffer 0x15518c400000 size 2097152 ipcDesc 0x15515c01b760
atl1-1-03-013-3-0:1643706:1644264 [0] NCCL INFO proxyProgressAsync opId=0x16bec470 op.type=3 op.reqBuff=0x15515c02df70 op.respSize=80 done
atl1-1-03-013-3-0:1643706:1643706 [r 0x155187200000 size 2097152 ipcDesc 0x15511801b4c0
atl1-1-03-013-3-0:1644001:1644268 [1] NCCL INFO proxyProgressAsync opId=0x16c0c5f0 op.type=3 op.reqBuff=0x155118033720 op.respSize=80 done
atl1-1-03-013-3-0:1644001:1644001 [1] NCCL INFO ncclPollProxyResponse Received new opId=0x16c0c5f0
atl1-1-03-013-3-0:1644001:1644268 [1] NCCL INFO Received and initiated operation=Setup res=0
atl1-1-03-013-3-0:1644001:1644001 [1] NCCL INFO resp.opId=0x16c0c5f0 matches expected opId=0x16c0c5f0
atl1-1-03-013-3-0:1644001:1644001 [1] NCCL INFO Channel 15/0 : 1[1] -> 2[2] via P2P/IPC
atl1-1-03-013-3-0:1644001:1644268 [1] NCCL INFO New proxy send connection 39 from local rank 1, transport 0
atl1-1-03-013-3-0:1644001:1644268 [1] NCCL INFO proxyProgressAsync opId=0x16c0c5f0 op.type=1 op.reqBuff=0x155118033720 op.respSize=16 done
atl1-1-03-013-3-0:1644001:1644001 [1] NCCL INFO ncclPollProxyResponse Received new opId=0x16c0c5f0
atl1-1-03-013-3-0:1644001:1644268 [1] NCCL INFO Received and initiated operation=Init res=0
atl1-1-03-013-3-0:1644001:1644001 [1] NCCL INFO resp.opId=0x16c0c5f0 matches expected opId=0x16c0c5f0
atl1-1-03-013-3-0:1644001:1644001 [1] NCCL INFO Connected to proxy localRank 1 -> connection 0x155118005f68
atl1-1-03-013-3-0:1644001:1644268 [1] NCCL INFO transport/p2p.cc:218 Cuda Alloc Size 2097152 pointer 0x155187400000
atl1-1-03-013-3-0:1644001:1644268 [1] NCCL INFO Allocated shareable buffer 0x155187400000 size 2097152 ipcDesc 0x15511801b4c0
atl1-1-03-013-3-0:1644001:1644268 [1] NCCL INFO proxyProgressAsync opId=0x16c0c5f0 op.type=3 op.reqBuff=0x155118034400 op.respSize=80 done
atl1-1-03-013-3-0:1644001:1644001 [1] NCCL INFO ncclPollProxyResponse Received new opId=0x16c0c5f0
atl1-1-03-013-3-0:1644001:1644268 [1] NCCL INFO Received and initiated operation=Setup res=0
atl1-1-03-013-3-0:1644001:1644001 [1] NCCL INFO resp.opId=0x16c0c5f0 matches expected opId=0x16c0c5f0
atl1-1-03-013-3-0:1644001:1644001 [1] NCCL INFO Channel 16/0 : 1[1] -> 2[2] via P2P/IPC
atl1-1-03-013-3-0:1644001:1644268 [1] NCCL INFO New proxy send connection 40 from local rank 1, transport 0
atl1-1-03-013-3-0:1644001:1644268 [1] NCCL INFO proxyProgressAsync opId=0x16c0c5f0 op.type=1 op.reqBuff=0x155118034400 op.respSize=16 done
atl1-1-03-013-3-0:1644001:1644001 [1] NCCL INFO ncclPollProxyResponse Received new opId=0x16c0c5f0
atl1-1-03-013-3-0:1644001:1644268 [1] NCCL INFO Received and initiated operation=Init res=0
atl1-1-03-013-3-0:1644001:1644001 [1] NCCL INFO resp.opId=0x16c0c5f0 matches expected opId=0x16c0c5f0
atl1-1-03-013-3-0:1644001:1644001 [1] NCCL INFO Connected to proxy localRank 1 -> connection 0x155118005fe0
atl1-1-03-013-3-0:1644001:1644268 [1] NCCL INFO transport/p2p.cc:218 Cuda Alloc Size 2097152 pointer 0x155187600000
atl1-1-03-013-3-0:1644001:1644268 [1] NCCL INFO Allocated shareable buffer 0x155187600000 size 2097152 ipcDesc 0x15511801b4c0
atl1-1-03-013-3-0:1644001:1644268 [1] NCCL INFO proxyProgressAsync opId=0x16c0c5f0 op.type=3 op.reqBuff=0x1551180350e0 op.respSize=80 done
atl1-1-03-013-3-0:1644001:1644001 [1] NCCL INFO ncclPollProxyResponse Received new opId=0x16c0c5f0
atl1-1-03-013-3-0:1644001:1644268 [1] NCCL INFO Received and initiated operation=Setup res=0
atl1-1-03-013-3-0:1644001:1644001 [1] NCCL INFO resp.opId=0x16c0c5f0 matches expected opId=0x16c0c5f0
atl1-1-03-013-3-0:1644001:1644001 [1] NCCL INFO Channel 17/0 : 1[1] -> 2[2] via P2P/IPC
atl1-1-03-013-3-0:1644001:1644268 [1] NCCL INFO New proxy send connection 41 from local rank 1, transport 0
atl1-1-03-013-3-0:1644001:1644268 [1] NCCL INFO proxyProgressAsync opId=0x16c0c5f0 op.type=1 op.reqBuff=0x1551180350e0 op.respSize=16 done
atl1-1-03-013-3-0:1644001:1644001 [1] NCCL INFO ncclPollProxyResponse Received new opId=0x16c0c5f0
atl1-1-03-013-3-0:1644001:1644268 [1] NCCL INFO Received and initiated operation=Init res=0
atl1-1-03-013-3-0:1644001:1644001 [1] NCCL INFO resp.opId=0x16c0c5f0 matches expected opId=0x16c0c5f0
atl1-1-03-013-3-0:1644001:1644001 [1] NCCL INFO Connected to proxy localRank 1 -> connection 0x155118006058
atl1-1-03-013-3-0:1644001:1644268 [1] NCCL INFO transport/p2p.cc:218 Cuda Alloc Size 2097152 pointer 0x155187800000
atl1-1-03-013-3-0:1644001:1644268 [1] NCCL INFO Allocated shareable buffer 0x155187800000 size 2097152 ipcDesc 0x15511801b4c0
atl1-1-03-013-3-0:1644001:1644268 [1] NCCL INFO proxyProgressAsync opId=0x16c0c5f0 op.type=3 op.reqBuff=0x155118035dc0 op.respSize=80 done
atl1-1-03-013-3-0:1644001:1644001 [1] NCCL INFO ncclPollProxyResponse Received new opId=0x16c0c5f0
atl1-1-03-013-3-0:1644001:1644268 [1] NCCL INFO Received and initiated operation=Setup res=0
atl1-1-03-013-3-0:1644001:1644001 [1] NCCL INFO resp.opId=0x16c0c5f0 matches expected opId=0x16c0c5f0
atl1-1-03-013-3-0:1644001:1644001 [1] NCCL INFO Channel 18/0 : 1[1] -> 2[2] via P2P/IPC
atl1-1-03-013-3-0:1644001:1644268 [1] NCCL INFO New proxy send connection 42 from local rank 1, transport 0
atl1-1-03-013-3-0:1644001:1644268 [1] NCCL INFO proxyProgressAsync opId=0x16c0c5f0 op.type=1 op.reqBuff=0x155118035dc0 op.respSize=16 done
atl1-1-03-013-3-0:1644001:1644001 [1] NCCL INFO ncclPollProxyResponse Received new opId=0x16c0c5f0
atl1-1-03-013-3-0:1644001:1644268 [1] NCCL INFO Received and initiated operation=Init res=0
atl1-1-03-013-3-0:1644001:1644001 [1] NCCL INFO resp.opId=0x16c0c5f0 matches expected opId=0x16c0c5f0
atl1-1-03-013-3-0:1644001:1644001 [1] NCCL INFO Connected to proxy localRank 1 -> connection 0x1551180060d0
atl1-1-03-013-3-0:1644001:1644268 [1] NCCL INFO transport/p2p.cc:218 Cuda Alloc Size 2097152 pointer 0x155187a00000
atl1-1-03-013-3-0:1644001:1644268 [1] NCCL INFO Allocated shareable buffer 0x155187a00000 size 2097152 ipcDesc 0x15511801b4c0
atl1-1-03-013-3-0:1644001:1644268 [1] NCCL INFO proxyProgressAsync opId=0x16c0c5f0 op.type=3 op.reqBuff=0x155118036aa0 op.respSize=80 done
atl1-1-03-013-3-0:1644001:1644001 [1] NCCL INFO ncclPollProxyResponse Received new opId=0x16c0c5f0
atl1-1-03-013-3-0:1644001:1644268 [1] NCCL INFO Received and initiated operation=Setup res=0
atl1-1-03-013-3-0:1644001:1644001 [1] NCCL INFO resp.opId=0x16c0c5f0 matches expected opId=0x16c0c5f0
atl1-1-03-013-3-0:1644001:1644001 [1] NCCL INFO Channel 19/0 : 1[1] -> 2[2] via P2P/IPC
atl1-1-03-013-3-0:1644001:1644268 [1] NCCL INFO New proxy send connection 43 from local rank 1, transport 0
atl1-1-03-013-3-0:1644001:1644268 [1] NCCL INFO proxyProgressAsync opId=0x16c0c5f0 op.type=1 op.reqBuff=0x155118036aa0 op.respSize=16 done
atl1-1-03-013-3-0:1644001:1644001 [1] NCCL INFO ncclPollProxyResponse Received new opId=0x16c0c5f0
atl1-1-03-013-3-0:1644001:1644268 [1] NCCL INFO Received and initiated operation=Init res=0
